

    Directory: C:\Delta Force


Mode                 LastWriteTime         Length Name                                                                 
----                 -------------         ------ ----                                                                 
d-----         9/20/2026  10:13 PM                KtsVinhLongNet                                                       
The template "ASP.NET Core Web App (Model-View-Controller)" was created successfully.
This template contains technologies from parties other than Microsoft, see https://aka.ms/aspnetcore/7.0-third-party-notices for details.

Processing post-creation actions...
Restoring C:\Delta Force\KtsVinhLongNet\KtsVinhLong\KtsVinhLong.csproj:
  Determining projects to restore...
C:\Program Files\dotnet\sdk\10.0.300\Sdks\Microsoft.NET.Sdk\targets\Microsoft.NET.EolTargetFrameworks.targets(32,5): warning NETSDK1138: The target framework 'net7.0' is out of support and will not receive security updates in the future. Please refer to https://aka.ms/dotnet-core-support for more information about the support policy. [C:\Delta Force\KtsVinhLongNet\KtsVinhLong\KtsVinhLong.csproj]
C:\Program Files\dotnet\sdk\10.0.300\Sdks\Microsoft.NET.Sdk\targets\Microsoft.NET.EolTargetFrameworks.targets(32,5): warning NETSDK1138: The target framework 'net7.0' is out of support and will not receive security updates in the future. Please refer to https://aka.ms/dotnet-core-support for more information about the support policy. [C:\Delta Force\KtsVinhLongNet\KtsVinhLong\KtsVinhLong.csproj]
  Restored C:\Delta Force\KtsVinhLongNet\KtsVinhLong\KtsVinhLong.csproj (in 71 ms).
Restore succeeded.


C:\Program Files\dotnet\sdk\10.0.300\Sdks\Microsoft.NET.Sdk\targets\Microsoft.NET.EolTargetFrameworks.targets(32,5): warning NETSDK1138: The target framework 'net7.0' is out of support and will not receive security updates in the future. Please refer to https://aka.ms/dotnet-core-support for more information about the support policy. [C:\Delta Force\KtsVinhLongNet\KtsVinhLong\KtsVinhLong.csproj]
info : X.509 certificate chain validation will use the default trust store selected by .NET for code signing.
info : X.509 certificate chain validation will use the default trust store selected by .NET for timestamping.
info : Adding PackageReference for package 'Microsoft.EntityFrameworkCore.SqlServer' into project 'C:\Delta Force\KtsVinhLongNet\KtsVinhLong\KtsVinhLong.csproj'.
info : Restoring packages for C:\Delta Force\KtsVinhLongNet\KtsVinhLong\KtsVinhLong.csproj...
info :   GET https://api.nuget.org/v3-flatcontainer/microsoft.identitymodel.protocols/index.json
info :   GET https://api.nuget.org/v3-flatcontainer/system.identitymodel.tokens.jwt/index.json
info :   OK https://api.nuget.org/v3-flatcontainer/system.identitymodel.tokens.jwt/index.json 73ms
info :   GET https://api.nuget.org/v3-flatcontainer/system.identitymodel.tokens.jwt/6.24.0/system.identitymodel.tokens.jwt.6.24.0.nupkg
info :   OK https://api.nuget.org/v3-flatcontainer/system.identitymodel.tokens.jwt/6.24.0/system.identitymodel.tokens.jwt.6.24.0.nupkg 9ms
info :   OK https://api.nuget.org/v3-flatcontainer/microsoft.identitymodel.protocols/index.json 340ms
info :   GET https://api.nuget.org/v3-flatcontainer/microsoft.identitymodel.protocols/6.24.0/microsoft.identitymodel.protocols.6.24.0.nupkg
info :   OK https://api.nuget.org/v3-flatcontainer/microsoft.identitymodel.protocols/6.24.0/microsoft.identitymodel.protocols.6.24.0.nupkg 12ms
info :   GET https://api.nuget.org/v3-flatcontainer/microsoft.identitymodel.abstractions/index.json
info :   OK https://api.nuget.org/v3-flatcontainer/microsoft.identitymodel.abstractions/index.json 244ms
info :   GET https://api.nuget.org/v3-flatcontainer/microsoft.identitymodel.abstractions/6.24.0/microsoft.identitymodel.abstractions.6.24.0.nupkg
info :   OK https://api.nuget.org/v3-flatcontainer/microsoft.identitymodel.abstractions/6.24.0/microsoft.identitymodel.abstractions.6.24.0.nupkg 10ms
info : Installed Microsoft.IdentityModel.Abstractions 6.24.0 from https://api.nuget.org/v3/index.json to C:\Users\Lnog\.nuget\packages\microsoft.identitymodel.abstractions\6.24.0 with content hash X6aBK56Ot15qKyG7X37KsPnrwah+Ka55NJWPppWVTDi8xWq7CJgeNw2XyaeHgE1o/mW4THwoabZkBbeG2TPBiw==.
info : Installed System.IdentityModel.Tokens.Jwt 6.24.0 from https://api.nuget.org/v3/index.json to C:\Users\Lnog\.nuget\packages\system.identitymodel.tokens.jwt\6.24.0 with content hash Qibsj9MPWq8S/C0FgvmsLfIlHLE7ay0MJIaAmK94ivN3VyDdglqReed5qMvdQhSL0BzK6v0Z1wB/sD88zVu6Jw==.
info : Installed Microsoft.IdentityModel.Protocols 6.24.0 from https://api.nuget.org/v3/index.json to C:\Users\Lnog\.nuget\packages\microsoft.identitymodel.protocols\6.24.0 with content hash +NzKCkvsQ8X1r/Ff74V7CFr9OsdMRaB6DsV+qpH7NNLdYJ8O4qHbmTnNEsjFcDmk/gVNDwhoL2gN5pkPVq0lwQ==.
info : Installed Microsoft.Win32.SystemEvents 6.0.0 from C:\Program Files (x86)\Microsoft SDKs\NuGetPackages\ to C:\Users\Lnog\.nuget\packages\microsoft.win32.systemevents\6.0.0 with content hash hqTM5628jSsQiv+HGpiq3WKBl2c8v1KZfby2J6Pr7pEPlK9waPdgEO6b8A/+/xn/yZ9ulv8HuqK71ONy2tg67A==.
info : Installed System.Drawing.Common 6.0.0 from C:\Program Files (x86)\Microsoft SDKs\NuGetPackages\ to C:\Users\Lnog\.nuget\packages\system.drawing.common\6.0.0 with content hash NfuoKUiP2nUWwKZN6twGqXioIe1zVD0RIj2t976A+czLHr2nY454RwwXs6JU9Htc6mwqL6Dn/nEL3dpVf2jOhg==.
info :   GET https://api.nuget.org/v3/vulnerabilities/index.json
info :   OK https://api.nuget.org/v3/vulnerabilities/index.json 206ms
info :   GET https://api.nuget.org/v3-vulnerabilities/2026.09.19.05.33.30/vulnerability.base.json
info :   GET https://api.nuget.org/v3-vulnerabilities/2026.09.19.05.33.30/2026.09.19.05.33.30/vulnerability.update.json
info :   OK https://api.nuget.org/v3-vulnerabilities/2026.09.19.05.33.30/vulnerability.base.json 208ms
info :   OK https://api.nuget.org/v3-vulnerabilities/2026.09.19.05.33.30/2026.09.19.05.33.30/vulnerability.update.json 215ms
info : Package 'Microsoft.EntityFrameworkCore.SqlServer' is compatible with all the specified frameworks in project 'C:\Delta Force\KtsVinhLongNet\KtsVinhLong\KtsVinhLong.csproj'.
info : PackageReference for package 'Microsoft.EntityFrameworkCore.SqlServer' version '7.0.16' added to file 'C:\Delta Force\KtsVinhLongNet\KtsVinhLong\KtsVinhLong.csproj'.
info : Generating MSBuild file C:\Delta Force\KtsVinhLongNet\KtsVinhLong\obj\KtsVinhLong.csproj.nuget.g.props.
info : Generating MSBuild file C:\Delta Force\KtsVinhLongNet\KtsVinhLong\obj\KtsVinhLong.csproj.nuget.g.targets.
info : Writing assets file to disk. Path: C:\Delta Force\KtsVinhLongNet\KtsVinhLong\obj\project.assets.json
log  : Restored C:\Delta Force\KtsVinhLongNet\KtsVinhLong\KtsVinhLong.csproj (in 2.63 sec).
C:\Program Files\dotnet\sdk\10.0.300\Sdks\Microsoft.NET.Sdk\targets\Microsoft.NET.EolTargetFrameworks.targets(32,5): warning NETSDK1138: The target framework 'net7.0' is out of support and will not receive security updates in the future. Please refer to https://aka.ms/dotnet-core-support for more information about the support policy. [C:\Delta Force\KtsVinhLongNet\KtsVinhLong\KtsVinhLong.csproj]
info : X.509 certificate chain validation will use the default trust store selected by .NET for code signing.
info : X.509 certificate chain validation will use the default trust store selected by .NET for timestamping.
info : Adding PackageReference for package 'Microsoft.EntityFrameworkCore.Design' into project 'C:\Delta Force\KtsVinhLongNet\KtsVinhLong\KtsVinhLong.csproj'.
info : Restoring packages for C:\Delta Force\KtsVinhLongNet\KtsVinhLong\KtsVinhLong.csproj...
info :   CACHE https://api.nuget.org/v3/vulnerabilities/index.json
info :   CACHE https://api.nuget.org/v3-vulnerabilities/2026.09.19.05.33.30/vulnerability.base.json
info :   CACHE https://api.nuget.org/v3-vulnerabilities/2026.09.19.05.33.30/2026.09.19.05.33.30/vulnerability.update.json
info : Package 'Microsoft.EntityFrameworkCore.Design' is compatible with all the specified frameworks in project 'C:\Delta Force\KtsVinhLongNet\KtsVinhLong\KtsVinhLong.csproj'.
info : PackageReference for package 'Microsoft.EntityFrameworkCore.Design' version '7.0.16' added to file 'C:\Delta Force\KtsVinhLongNet\KtsVinhLong\KtsVinhLong.csproj'.
info : Generating MSBuild file C:\Delta Force\KtsVinhLongNet\KtsVinhLong\obj\KtsVinhLong.csproj.nuget.g.props.
info : Generating MSBuild file C:\Delta Force\KtsVinhLongNet\KtsVinhLong\obj\KtsVinhLong.csproj.nuget.g.targets.
info : Writing assets file to disk. Path: C:\Delta Force\KtsVinhLongNet\KtsVinhLong\obj\project.assets.json
log  : Restored C:\Delta Force\KtsVinhLongNet\KtsVinhLong\KtsVinhLong.csproj (in 257 ms).
C:\Program Files\dotnet\sdk\10.0.300\Sdks\Microsoft.NET.Sdk\targets\Microsoft.NET.EolTargetFrameworks.targets(32,5): warning NETSDK1138: The target framework 'net7.0' is out of support and will not receive security updates in the future. Please refer to https://aka.ms/dotnet-core-support for more information about the support policy. [C:\Delta Force\KtsVinhLongNet\KtsVinhLong\KtsVinhLong.csproj]
info : X.509 certificate chain validation will use the default trust store selected by .NET for code signing.
info : X.509 certificate chain validation will use the default trust store selected by .NET for timestamping.
info : Adding PackageReference for package 'Microsoft.EntityFrameworkCore.Tools' into project 'C:\Delta Force\KtsVinhLongNet\KtsVinhLong\KtsVinhLong.csproj'.
info : Restoring packages for C:\Delta Force\KtsVinhLongNet\KtsVinhLong\KtsVinhLong.csproj...
info :   CACHE https://api.nuget.org/v3/vulnerabilities/index.json
info :   CACHE https://api.nuget.org/v3-vulnerabilities/2026.09.19.05.33.30/vulnerability.base.json
info :   CACHE https://api.nuget.org/v3-vulnerabilities/2026.09.19.05.33.30/2026.09.19.05.33.30/vulnerability.update.json
info : Package 'Microsoft.EntityFrameworkCore.Tools' is compatible with all the specified frameworks in project 'C:\Delta Force\KtsVinhLongNet\KtsVinhLong\KtsVinhLong.csproj'.
info : PackageReference for package 'Microsoft.EntityFrameworkCore.Tools' version '7.0.16' added to file 'C:\Delta Force\KtsVinhLongNet\KtsVinhLong\KtsVinhLong.csproj'.
info : Generating MSBuild file C:\Delta Force\KtsVinhLongNet\KtsVinhLong\obj\KtsVinhLong.csproj.nuget.g.props.
info : Writing assets file to disk. Path: C:\Delta Force\KtsVinhLongNet\KtsVinhLong\obj\project.assets.json
log  : Restored C:\Delta Force\KtsVinhLongNet\KtsVinhLong\KtsVinhLong.csproj (in 231 ms).
C:\Program Files\dotnet\sdk\10.0.300\Sdks\Microsoft.NET.Sdk\targets\Microsoft.NET.EolTargetFrameworks.targets(32,5): warning NETSDK1138: The target framework 'net7.0' is out of support and will not receive security updates in the future. Please refer to https://aka.ms/dotnet-core-support for more information about the support policy. [C:\Delta Force\KtsVinhLongNet\KtsVinhLong\KtsVinhLong.csproj]
info : X.509 certificate chain validation will use the default trust store selected by .NET for code signing.
info : X.509 certificate chain validation will use the default trust store selected by .NET for timestamping.
info : Adding PackageReference for package 'Microsoft.AspNetCore.Authentication.Cookies' into project 'C:\Delta Force\KtsVinhLongNet\KtsVinhLong\KtsVinhLong.csproj'.
info :   GET https://api.nuget.org/v3/registration5-gz-semver2/microsoft.aspnetcore.authentication.cookies/index.json
info :   OK https://api.nuget.org/v3/registration5-gz-semver2/microsoft.aspnetcore.authentication.cookies/index.json 340ms
info : Restoring packages for C:\Delta Force\KtsVinhLongNet\KtsVinhLong\KtsVinhLong.csproj...
info :   GET https://api.nuget.org/v3-flatcontainer/microsoft.aspnetcore.authentication.cookies/index.json
info :   OK https://api.nuget.org/v3-flatcontainer/microsoft.aspnetcore.authentication.cookies/index.json 107ms
info :   GET https://api.nuget.org/v3-flatcontainer/microsoft.aspnetcore.authentication.cookies/2.3.13/microsoft.aspnetcore.authentication.cookies.2.3.13.nupkg
info :   OK https://api.nuget.org/v3-flatcontainer/microsoft.aspnetcore.authentication.cookies/2.3.13/microsoft.aspnetcore.authentication.cookies.2.3.13.nupkg 251ms
info :   GET https://api.nuget.org/v3-flatcontainer/microsoft.aspnetcore.authentication/index.json
info :   GET https://api.nuget.org/v3-flatcontainer/system.security.cryptography.xml/index.json
info :   OK https://api.nuget.org/v3-flatcontainer/microsoft.aspnetcore.authentication/index.json 52ms
info :   GET https://api.nuget.org/v3-flatcontainer/microsoft.aspnetcore.authentication/2.3.12/microsoft.aspnetcore.authentication.2.3.12.nupkg
info :   OK https://api.nuget.org/v3-flatcontainer/system.security.cryptography.xml/index.json 103ms
info :   GET https://api.nuget.org/v3-flatcontainer/system.security.cryptography.xml/8.0.4/system.security.cryptography.xml.8.0.4.nupkg
info :   OK https://api.nuget.org/v3-flatcontainer/system.security.cryptography.xml/8.0.4/system.security.cryptography.xml.8.0.4.nupkg 9ms
info :   OK https://api.nuget.org/v3-flatcontainer/microsoft.aspnetcore.authentication/2.3.12/microsoft.aspnetcore.authentication.2.3.12.nupkg 255ms
info :   GET https://api.nuget.org/v3-flatcontainer/microsoft.aspnetcore.authentication.core/index.json
info :   GET https://api.nuget.org/v3-flatcontainer/microsoft.aspnetcore.dataprotection/index.json
info :   GET https://api.nuget.org/v3-flatcontainer/microsoft.aspnetcore.http/index.json
info :   GET https://api.nuget.org/v3-flatcontainer/microsoft.aspnetcore.http.extensions/index.json
info :   OK https://api.nuget.org/v3-flatcontainer/microsoft.aspnetcore.authentication.core/index.json 58ms
info :   OK https://api.nuget.org/v3-flatcontainer/microsoft.aspnetcore.dataprotection/index.json 60ms
info :   GET https://api.nuget.org/v3-flatcontainer/microsoft.aspnetcore.authentication.core/2.3.11/microsoft.aspnetcore.authentication.core.2.3.11.nupkg
info :   GET https://api.nuget.org/v3-flatcontainer/microsoft.aspnetcore.dataprotection/2.3.11/microsoft.aspnetcore.dataprotection.2.3.11.nupkg
info :   OK https://api.nuget.org/v3-flatcontainer/microsoft.aspnetcore.http/index.json 109ms
info :   OK https://api.nuget.org/v3-flatcontainer/microsoft.aspnetcore.http.extensions/index.json 109ms
info :   GET https://api.nuget.org/v3-flatcontainer/microsoft.aspnetcore.http/2.3.11/microsoft.aspnetcore.http.2.3.11.nupkg
info :   GET https://api.nuget.org/v3-flatcontainer/microsoft.aspnetcore.http.extensions/2.3.11/microsoft.aspnetcore.http.extensions.2.3.11.nupkg
info :   OK https://api.nuget.org/v3-flatcontainer/microsoft.aspnetcore.http.extensions/2.3.11/microsoft.aspnetcore.http.extensions.2.3.11.nupkg 9ms
info :   OK https://api.nuget.org/v3-flatcontainer/microsoft.aspnetcore.authentication.core/2.3.11/microsoft.aspnetcore.authentication.core.2.3.11.nupkg 254ms
info :   OK https://api.nuget.org/v3-flatcontainer/microsoft.aspnetcore.dataprotection/2.3.11/microsoft.aspnetcore.dataprotection.2.3.11.nupkg 254ms
info :   GET https://api.nuget.org/v3-flatcontainer/microsoft.aspnetcore.authentication.abstractions/index.json
info :   GET https://api.nuget.org/v3-flatcontainer/microsoft.aspnetcore.http/2.3.10/microsoft.aspnetcore.http.2.3.10.nupkg
info :   GET https://api.nuget.org/v3-flatcontainer/microsoft.aspnetcore.http.extensions/2.3.10/microsoft.aspnetcore.http.extensions.2.3.10.nupkg
info :   GET https://api.nuget.org/v3-flatcontainer/microsoft.aspnetcore.cryptography.internal/index.json
info :   GET https://api.nuget.org/v3-flatcontainer/microsoft.aspnetcore.dataprotection.abstractions/index.json
info :   GET https://api.nuget.org/v3-flatcontainer/microsoft.aspnetcore.hosting.abstractions/index.json
info :   GET https://api.nuget.org/v3-flatcontainer/system.security.cryptography.xml/8.0.3/system.security.cryptography.xml.8.0.3.nupkg
info :   OK https://api.nuget.org/v3-flatcontainer/microsoft.aspnetcore.http/2.3.11/microsoft.aspnetcore.http.2.3.11.nupkg 249ms
info :   GET https://api.nuget.org/v3-flatcontainer/microsoft.aspnetcore.http.abstractions/index.json
info :   GET https://api.nuget.org/v3-flatcontainer/microsoft.aspnetcore.webutilities/index.json
info :   GET https://api.nuget.org/v3-flatcontainer/microsoft.net.http.headers/index.json
info :   OK https://api.nuget.org/v3-flatcontainer/microsoft.aspnetcore.authentication.abstractions/index.json 55ms
info :   GET https://api.nuget.org/v3-flatcontainer/microsoft.aspnetcore.authentication.abstractions/2.3.10/microsoft.aspnetcore.authentication.abstractions.2.3.10.nupkg
info :   OK https://api.nuget.org/v3-flatcontainer/microsoft.aspnetcore.http/2.3.10/microsoft.aspnetcore.http.2.3.10.nupkg 57ms
info :   OK https://api.nuget.org/v3-flatcontainer/microsoft.aspnetcore.http.extensions/2.3.10/microsoft.aspnetcore.http.extensions.2.3.10.nupkg 61ms
info :   OK https://api.nuget.org/v3-flatcontainer/microsoft.aspnetcore.cryptography.internal/index.json 80ms
info :   GET https://api.nuget.org/v3-flatcontainer/microsoft.aspnetcore.cryptography.internal/2.3.10/microsoft.aspnetcore.cryptography.internal.2.3.10.nupkg
info :   OK https://api.nuget.org/v3-flatcontainer/microsoft.aspnetcore.dataprotection.abstractions/index.json 96ms
info :   GET https://api.nuget.org/v3-flatcontainer/microsoft.aspnetcore.dataprotection.abstractions/2.3.10/microsoft.aspnetcore.dataprotection.abstractions.2.3.10.nupkg
info :   OK https://api.nuget.org/v3-flatcontainer/microsoft.aspnetcore.http.abstractions/index.json 73ms
info :   OK https://api.nuget.org/v3-flatcontainer/microsoft.aspnetcore.webutilities/index.json 73ms
info :   OK https://api.nuget.org/v3-flatcontainer/microsoft.aspnetcore.hosting.abstractions/index.json 108ms
info :   OK https://api.nuget.org/v3-flatcontainer/microsoft.net.http.headers/index.json 78ms
info :   OK https://api.nuget.org/v3-flatcontainer/system.security.cryptography.xml/8.0.3/system.security.cryptography.xml.8.0.3.nupkg 102ms
info :   GET https://api.nuget.org/v3-flatcontainer/microsoft.aspnetcore.http.abstractions/2.3.10/microsoft.aspnetcore.http.abstractions.2.3.10.nupkg
info :   GET https://api.nuget.org/v3-flatcontainer/microsoft.aspnetcore.webutilities/2.3.10/microsoft.aspnetcore.webutilities.2.3.10.nupkg
info :   GET https://api.nuget.org/v3-flatcontainer/microsoft.aspnetcore.hosting.abstractions/2.3.10/microsoft.aspnetcore.hosting.abstractions.2.3.10.nupkg
info :   GET https://api.nuget.org/v3-flatcontainer/microsoft.net.http.headers/2.3.10/microsoft.net.http.headers.2.3.10.nupkg
info :   OK https://api.nuget.org/v3-flatcontainer/microsoft.aspnetcore.http.abstractions/2.3.10/microsoft.aspnetcore.http.abstractions.2.3.10.nupkg 8ms
info :   OK https://api.nuget.org/v3-flatcontainer/microsoft.net.http.headers/2.3.10/microsoft.net.http.headers.2.3.10.nupkg 11ms
info :   OK https://api.nuget.org/v3-flatcontainer/microsoft.aspnetcore.authentication.abstractions/2.3.10/microsoft.aspnetcore.authentication.abstractions.2.3.10.nupkg 277ms
info :   GET https://api.nuget.org/v3-flatcontainer/microsoft.aspnetcore.http.abstractions/2.3.9/microsoft.aspnetcore.http.abstractions.2.3.9.nupkg
info :   OK https://api.nuget.org/v3-flatcontainer/microsoft.aspnetcore.cryptography.internal/2.3.10/microsoft.aspnetcore.cryptography.internal.2.3.10.nupkg 248ms
info :   OK https://api.nuget.org/v3-flatcontainer/microsoft.aspnetcore.dataprotection.abstractions/2.3.10/microsoft.aspnetcore.dataprotection.abstractions.2.3.10.nupkg 269ms
info :   OK https://api.nuget.org/v3-flatcontainer/microsoft.aspnetcore.webutilities/2.3.10/microsoft.aspnetcore.webutilities.2.3.10.nupkg 292ms
info :   OK https://api.nuget.org/v3-flatcontainer/microsoft.aspnetcore.hosting.abstractions/2.3.10/microsoft.aspnetcore.hosting.abstractions.2.3.10.nupkg 294ms
info :   GET https://api.nuget.org/v3-flatcontainer/microsoft.aspnetcore.hosting.server.abstractions/index.json
info :   GET https://api.nuget.org/v3-flatcontainer/microsoft.aspnetcore.http.features/index.json
info :   GET https://api.nuget.org/v3-flatcontainer/microsoft.net.http.headers/2.3.9/microsoft.net.http.headers.2.3.9.nupkg
info :   OK https://api.nuget.org/v3-flatcontainer/microsoft.aspnetcore.hosting.server.abstractions/index.json 48ms
info :   GET https://api.nuget.org/v3-flatcontainer/microsoft.aspnetcore.hosting.server.abstractions/2.3.9/microsoft.aspnetcore.hosting.server.abstractions.2.3.9.nupkg
info :   OK https://api.nuget.org/v3-flatcontainer/microsoft.net.http.headers/2.3.9/microsoft.net.http.headers.2.3.9.nupkg 50ms
info :   OK https://api.nuget.org/v3-flatcontainer/microsoft.aspnetcore.http.features/index.json 53ms
info :   GET https://api.nuget.org/v3-flatcontainer/microsoft.aspnetcore.http.features/2.3.9/microsoft.aspnetcore.http.features.2.3.9.nupkg
info :   OK https://api.nuget.org/v3-flatcontainer/microsoft.aspnetcore.http.features/2.3.9/microsoft.aspnetcore.http.features.2.3.9.nupkg 15ms
info :   OK https://api.nuget.org/v3-flatcontainer/microsoft.aspnetcore.http.abstractions/2.3.9/microsoft.aspnetcore.http.abstractions.2.3.9.nupkg 250ms
info :   OK https://api.nuget.org/v3-flatcontainer/microsoft.aspnetcore.hosting.server.abstractions/2.3.9/microsoft.aspnetcore.hosting.server.abstractions.2.3.9.nupkg 263ms
info : Installed Microsoft.AspNetCore.WebUtilities 2.3.10 from https://api.nuget.org/v3/index.json to C:\Users\Lnog\.nuget\packages\microsoft.aspnetcore.webutilities\2.3.10 with content hash 7LpnJixI2B3uh+enEw/6xKJS6s7A/N5gRWIMc0NZsKjKXJ64mn7bA09KtjWuSE/SnMpgycLPudFCNtMipRp6yQ==.
info : Installed Microsoft.AspNetCore.Http.Abstractions 2.3.10 from https://api.nuget.org/v3/index.json to C:\Users\Lnog\.nuget\packages\microsoft.aspnetcore.http.abstractions\2.3.10 with content hash FD6mE5v3qB/sEcnLNni1oHsATuLHIFzsKHCulUZS7iaJez8+TkD432L89DQtU9PfjCkaPO0JOQjB4tS4L8oZXQ==.
info : Installed Microsoft.AspNetCore.Http.Extensions 2.3.11 from https://api.nuget.org/v3/index.json to C:\Users\Lnog\.nuget\packages\microsoft.aspnetcore.http.extensions\2.3.11 with content hash uygKo/QyKQP4fHqN9Rt2ySvOufu+0D4UM06ExNjhy/Kq/IobJtTIKy2u2R/CmpvgerD0P4SFKvp1YVkZ7lSkzQ==.
info : Installed Microsoft.AspNetCore.Hosting.Abstractions 2.3.10 from https://api.nuget.org/v3/index.json to C:\Users\Lnog\.nuget\packages\microsoft.aspnetcore.hosting.abstractions\2.3.10 with content hash lvDu1PDLHqRDAjAkD5kdUXsDtr4JXMUigFjcYCGcXGEneBIxrZ7GcyxfvIn+5NsoKnpgOcfRussJM3KgWT02fA==.
info : Installed Microsoft.AspNetCore.DataProtection 2.3.11 from https://api.nuget.org/v3/index.json to C:\Users\Lnog\.nuget\packages\microsoft.aspnetcore.dataprotection\2.3.11 with content hash wxrIj5TSZqgoETMJ7RpKAjc+F4TVH2MvfR934MIjxjS3/K+exzxrgDrGsRB8A6xQSD/8MgRifi/VggvKN1CIew==.
info : Installed Microsoft.AspNetCore.Http.Extensions 2.3.10 from https://api.nuget.org/v3/index.json to C:\Users\Lnog\.nuget\packages\microsoft.aspnetcore.http.extensions\2.3.10 with content hash V0MKSF9zklY3GbWTyqMiTiu95uj5O1T9N8RaLNPAUREgd2GalnYFIRApSJZ+dhhZs/eSK1zsJu7iVXWUWMq67A==.
info : Installed Microsoft.AspNetCore.Http.Abstractions 2.3.9 from https://api.nuget.org/v3/index.json to C:\Users\Lnog\.nuget\packages\microsoft.aspnetcore.http.abstractions\2.3.9 with content hash ULScB/0S9+qvf+yahjR+oQUp0GrvoDHJ9XS5gTqSjLjbjUDnHaJ1s8wo3RJMpaDfb1bawX4OgQM+YmvCUveR4Q==.
info : Installed Microsoft.AspNetCore.Http 2.3.10 from https://api.nuget.org/v3/index.json to C:\Users\Lnog\.nuget\packages\microsoft.aspnetcore.http\2.3.10 with content hash xU7ItSiHvuW0dwKv/pSVksZlSIgQlPkVqx+ismjGkvmzD/VuHNTKHzLKlxAvszlq7e4B8gUiGn5LRqPLChS6UQ==.
info : Installed Microsoft.AspNetCore.Authentication.Cookies 2.3.13 from https://api.nuget.org/v3/index.json to C:\Users\Lnog\.nuget\packages\microsoft.aspnetcore.authentication.cookies\2.3.13 with content hash wgHpZbnes/znpgj8WksRFOSsss94g0MmTHLG1U7SxMfaowS2iMP/kObtKoO+RYlFm2e5o45je1itrNYvaZXuwA==.
info : Installed Microsoft.AspNetCore.Authentication 2.3.12 from https://api.nuget.org/v3/index.json to C:\Users\Lnog\.nuget\packages\microsoft.aspnetcore.authentication\2.3.12 with content hash 7EYcMf1foifnUw1hRhSMg1u9KCSgM1nMFts4/GOSc9cbfs85SSUbwgThmDnefk7omlSRiwyPLHluy3FqZfbWhQ==.
info : Installed Microsoft.AspNetCore.Authentication.Core 2.3.11 from https://api.nuget.org/v3/index.json to C:\Users\Lnog\.nuget\packages\microsoft.aspnetcore.authentication.core\2.3.11 with content hash 8rN8v8xjvIbhWr8bA9yPNVFij80783g32catn+YnK4vtxEizQqlGlaqqJVfSq5DB5uaQAF8EvhGGUbiYYVjlQQ==.
info : Installed Microsoft.AspNetCore.Authentication.Abstractions 2.3.10 from https://api.nuget.org/v3/index.json to C:\Users\Lnog\.nuget\packages\microsoft.aspnetcore.authentication.abstractions\2.3.10 with content hash yh7G4+yH5DdUGyJgoeHQ+DUlx6RrlQ9imiv+UOSs38Q3RR+2ZQCmTUNDvl0gs6GhDInUSprbwMVmLd/bPlKujg==.
info : Installed Microsoft.Net.Http.Headers 2.3.9 from https://api.nuget.org/v3/index.json to C:\Users\Lnog\.nuget\packages\microsoft.net.http.headers\2.3.9 with content hash n0+KbDZfgy8v5vju20dDCiHW/XRpwL5nc28nwy6Iqu5SfXYIZ8OSz0qS02YpffoPf97YChMIIqfGja1BjkdlRQ==.
info : Installed Microsoft.AspNetCore.Hosting.Server.Abstractions 2.3.9 from https://api.nuget.org/v3/index.json to C:\Users\Lnog\.nuget\packages\microsoft.aspnetcore.hosting.server.abstractions\2.3.9 with content hash Wqdr877zstP3FhgmlJzyAu2Eh8QDIvdKAR/evMcxjb3Awy2BWs+5LQ7xlzKfv2c1GT8nhpIyi7Zr0QhfZoWkZA==.
info : Installed Microsoft.AspNetCore.DataProtection.Abstractions 2.3.10 from https://api.nuget.org/v3/index.json to C:\Users\Lnog\.nuget\packages\microsoft.aspnetcore.dataprotection.abstractions\2.3.10 with content hash B5NVnev7GS0dI988UDGkUUkMRGiCSQt8AaRGhpa+sJkmaV1n4UDTXtfYEg5IgXt4qbqCbcXdNY1f85Ue2KiDsA==.
info : Installed Microsoft.AspNetCore.Http.Features 2.3.9 from https://api.nuget.org/v3/index.json to C:\Users\Lnog\.nuget\packages\microsoft.aspnetcore.http.features\2.3.9 with content hash nDWDF0YBgElg6f0omqJ8DupmITQg5p4lklBxFpVR83tQQhOG2tw9Fa5ul8b+KywsYBsyfn9DschUmfzOV6RvGw==.
info : Installed Microsoft.AspNetCore.Cryptography.Internal 2.3.10 from https://api.nuget.org/v3/index.json to C:\Users\Lnog\.nuget\packages\microsoft.aspnetcore.cryptography.internal\2.3.10 with content hash I8Vhw2Gk9Qk+UXkT69YcC1WRiKClibK0cSdeqMDne7Mb3/IEpPAwg84lMO9k+Mcz2dzVJrMr0WzvPVbPMKbvWg==.
info : Installed Microsoft.AspNetCore.Http 2.3.11 from https://api.nuget.org/v3/index.json to C:\Users\Lnog\.nuget\packages\microsoft.aspnetcore.http\2.3.11 with content hash 3H7dPd3knHBMQRvVPYsGlAd7cPI4wk0Hf5H5qhoxoQiEkJ0QdJDNIr34GcKA4CtOw0akQ7US67UpRxWMUeCy2w==.
info : Installed Microsoft.Net.Http.Headers 2.3.10 from https://api.nuget.org/v3/index.json to C:\Users\Lnog\.nuget\packages\microsoft.net.http.headers\2.3.10 with content hash WjHfw2Esfhd8RcdVNM61gS5z6wGGA5rtPIPJTjSe9Y/k8aarXxHWQhOfMqFa+wE/quTUrgs9h+dddyEDsTN/IA==.
info : Installed System.Security.Cryptography.Xml 8.0.4 from https://api.nuget.org/v3/index.json to C:\Users\Lnog\.nuget\packages\system.security.cryptography.xml\8.0.4 with content hash 1y+ROEEmEOACrQWqRi37GkGHOThPc31m7vezOySpPE9xXN2nTN6ndLYjylvy42aCtQq4owlYhcqaKpQKMDFKFg==.
info : Installed System.Security.Cryptography.Xml 8.0.3 from https://api.nuget.org/v3/index.json to C:\Users\Lnog\.nuget\packages\system.security.cryptography.xml\8.0.3 with content hash 1cHAWDYwOyyoRy+nxS7/Ro/Zcio6i5yHoIJ6xUA+fU8lNu4yGQgja5dEovAxBVud3RnfwRVWOl0B2vr+9LP/mg==.
info :   CACHE https://api.nuget.org/v3/vulnerabilities/index.json
info :   CACHE https://api.nuget.org/v3-vulnerabilities/2026.09.19.05.33.30/vulnerability.base.json
info :   CACHE https://api.nuget.org/v3-vulnerabilities/2026.09.19.05.33.30/2026.09.19.05.33.30/vulnerability.update.json
info : Package 'Microsoft.AspNetCore.Authentication.Cookies' is compatible with all the specified frameworks in project 'C:\Delta Force\KtsVinhLongNet\KtsVinhLong\KtsVinhLong.csproj'.
info : PackageReference for package 'Microsoft.AspNetCore.Authentication.Cookies' version '2.3.13' added to file 'C:\Delta Force\KtsVinhLongNet\KtsVinhLong\KtsVinhLong.csproj'.
info : Generating MSBuild file C:\Delta Force\KtsVinhLongNet\KtsVinhLong\obj\KtsVinhLong.csproj.nuget.g.targets.
info : Writing assets file to disk. Path: C:\Delta Force\KtsVinhLongNet\KtsVinhLong\obj\project.assets.json
log  : Restored C:\Delta Force\KtsVinhLongNet\KtsVinhLong\KtsVinhLong.csproj (in 2.5 sec).
C:\Program Files\dotnet\sdk\10.0.300\Sdks\Microsoft.NET.Sdk\targets\Microsoft.NET.EolTargetFrameworks.targets(32,5): warning NETSDK1138: The target framework 'net7.0' is out of support and will not receive security updates in the future. Please refer to https://aka.ms/dotnet-core-support for more information about the support policy. [C:\Delta Force\KtsVinhLongNet\KtsVinhLong\KtsVinhLong.csproj]
info : X.509 certificate chain validation will use the default trust store selected by .NET for code signing.
info : X.509 certificate chain validation will use the default trust store selected by .NET for timestamping.
info : Adding PackageReference for package 'Microsoft.EntityFrameworkCore' into project 'C:\Delta Force\KtsVinhLongNet\KtsVinhLong\KtsVinhLong.csproj'.
info : Restoring packages for C:\Delta Force\KtsVinhLongNet\KtsVinhLong\KtsVinhLong.csproj...
info :   CACHE https://api.nuget.org/v3/vulnerabilities/index.json
info :   CACHE https://api.nuget.org/v3-vulnerabilities/2026.09.19.05.33.30/vulnerability.base.json
info :   CACHE https://api.nuget.org/v3-vulnerabilities/2026.09.19.05.33.30/2026.09.19.05.33.30/vulnerability.update.json
info : Package 'Microsoft.EntityFrameworkCore' is compatible with all the specified frameworks in project 'C:\Delta Force\KtsVinhLongNet\KtsVinhLong\KtsVinhLong.csproj'.
info : PackageReference for package 'Microsoft.EntityFrameworkCore' version '7.0.16' added to file 'C:\Delta Force\KtsVinhLongNet\KtsVinhLong\KtsVinhLong.csproj'.
info : Writing assets file to disk. Path: C:\Delta Force\KtsVinhLongNet\KtsVinhLong\obj\project.assets.json
log  : Restored C:\Delta Force\KtsVinhLongNet\KtsVinhLong\KtsVinhLong.csproj (in 283 ms).


