npm warn exec The following package was not found and will be installed: create-next-app@16.3.5

Using defaults for unprovided options:

  --ts                    TypeScript (use --js for JavaScript)
  --no-react-compiler     No React Compiler (use --react-compiler for React Compiler)
  --agents-md             AGENTS.md (use --no-agents-md for No AGENTS.md)

Creating a new Next.js app in C:\Delta Force\kts-vinhlong.

Using npm.

Initializing project with template: app-tw 


Installing dependencies:
- next
- react
- react-dom

Installing devDependencies:
- @tailwindcss/postcss
- @types/node
- @types/react
- @types/react-dom
- eslint
- eslint-config-next
- tailwindcss
- typescript

npm warn deprecated eslint@9.39.5: This version is no longer supported. Please see https://eslint.org/version-support for other options.

added 358 packages, and audited 359 packages in 30s

146 packages are looking for funding
  run `npm fund` for details

found 0 vulnerabilities
npm warn allow-scripts 1 package has install scripts not yet covered by allowScripts:
npm warn allow-scripts   unrs-resolver@1.12.2 (postinstall: node postinstall.js)
npm warn allow-scripts
npm warn allow-scripts Run `npm approve-scripts --allow-scripts-pending` to review, or `npm approve-scripts <pkg>` to allow.

Generating route types...
✓ Types generated successfully

Success! Created kts-vinhlong at C:\Delta Force\kts-vinhlong

npm notice
npm notice New major version of npm available! 11.17.0 -> 12.0.2
npm notice Changelog: https://github.com/npm/cli/releases/tag/v12.0.2
npm notice To update run: npm install -g npm@12.0.2
npm notice
