From https://github.com/Ln0og/123
 * branch            main       -> FETCH_HEAD
   321cfa3..5965c57  main       -> origin/main
Updating 321cfa3..5965c57
Fast-forward
 .../logs/chunks/transcript/00000000.jsonl          |   91 +
 .../logs/chunks/transcript/00000001.jsonl          |   89 +
 .../logs/chunks/transcript/00000002.jsonl          |   72 +
 .../logs/chunks/transcript/00000003.jsonl          |   79 +
 .../logs/chunks/transcript/00000004.jsonl          |   68 +
 .../logs/chunks/transcript/00000005.jsonl          |   61 +
 .../logs/chunks/transcript/00000006.jsonl          |   78 +
 .../logs/chunks/transcript/00000007.jsonl          |   78 +
 .../logs/chunks/transcript/00000008.jsonl          |   66 +
 .../logs/chunks/transcript/00000009.jsonl          |   71 +
 .../logs/chunks/transcript/00000010.jsonl          |   50 +
 .../logs/chunks/transcript/00000011.jsonl          |   50 +
 .../logs/chunks/transcript/00000012.jsonl          |   82 +
 .../logs/chunks/transcript/00000013.jsonl          |   21 +
 .../logs/chunks/transcript_full/00000000.jsonl     |   38 +
 .../logs/chunks/transcript_full/00000001.jsonl     |   29 +
 .../logs/chunks/transcript_full/00000002.jsonl     |   62 +
 .../logs/chunks/transcript_full/00000003.jsonl     |   45 +
 .../logs/chunks/transcript_full/00000004.jsonl     |   63 +
 .../logs/chunks/transcript_full/00000005.jsonl     |   66 +
 .../logs/chunks/transcript_full/00000006.jsonl     |   57 +
 .../logs/chunks/transcript_full/00000007.jsonl     |   54 +
 .../logs/chunks/transcript_full/00000008.jsonl     |   48 +
 .../logs/chunks/transcript_full/00000009.jsonl     |   45 +
 .../logs/chunks/transcript_full/00000010.jsonl     |   68 +
 .../logs/chunks/transcript_full/00000011.jsonl     |   55 +
 .../logs/chunks/transcript_full/00000012.jsonl     |   56 +
 .../logs/chunks/transcript_full/00000013.jsonl     |   40 +
 .../logs/chunks/transcript_full/00000014.jsonl     |   50 +
 .../logs/chunks/transcript_full/00000015.jsonl     |   25 +
 .../logs/chunks/transcript_full/00000016.jsonl     |   21 +
 .../logs/chunks/transcript_full/00000017.jsonl     |   26 +
 .../logs/chunks/transcript_full/00000018.jsonl     |   15 +
 .../logs/chunks/transcript_full/00000019.jsonl     |   85 +
 .../logs/chunks/transcript_full/00000020.jsonl     |   15 +
 .../.system_generated/logs/transcript.jsonl        |  943 +++++++++
 .../.system_generated/logs/transcript_full.jsonl   |  943 +++++++++
 .../02e63cdd-2d79-439d-9830-1838cdd99545.json      |    1 +
 .../058e4c7f-0e1c-46ca-9e64-e8a7f51b8b43.json      |    1 +
 .../0a19eae5-c393-4f6b-9790-0c9274267b27.json      |    1 +
 .../19070d80-6646-48ee-9a24-604bfed1bced.json      |    1 +
 .../24cdffd1-5c43-4ffb-a882-462ed3d9aaf0.json      |    1 +
 .../2cfcdd05-f89c-4850-bfca-d97d5d0d5f5e.json      |    1 +
 .../3a0f95ec-4dc5-407e-9f0c-49d5606615d3.json      |    1 +
 .../6a41441e-b05a-4132-854f-27e9678cbb6c.json      |    1 +
 .../8f6bdd99-6231-46b2-8d46-cb560471505a.json      |    1 +
 .../9898b893-c7dc-47db-b9ea-03ff7a3589e9.json      |    1 +
 .../989d2523-78b8-4d61-b497-9a27a4435a41.json      |    1 +
 .../99745393-502c-41a3-83b2-0b450dddbd5b.json      |    1 +
 .../a36ad981-5629-40a5-a1f0-9e20c30ac3a7.json      |    1 +
 .../a769884d-b91b-44a0-b15d-a6401e64412e.json      |    1 +
 .../b9529051-84a3-4a2c-b9d1-3d6266218067.json      |    1 +
 .../c7652eff-3469-45f8-8af2-3b06c2642762.json      |    1 +
 .../d30d6c13-bb54-4ad9-af59-64394bbf66b2.json      |    1 +
 .../d4a0d33a-a32b-4d88-9c9a-5ff03ed27d59.json      |    1 +
 .../dca636c7-19d6-4b10-9907-7f4f4ab72c29.json      |    1 +
 .../dd879194-0f4f-47bd-ba5c-c0ee3a898b31.json      |    1 +
 .../e1eec727-fe42-48b5-8a16-c1250c3389c6.json      |    1 +
 .../ee0d9fd3-8cbb-4688-8b54-a7a3b9db008b.json      |    1 +
 .../ef352c50-e670-4e58-a848-5b7ece8c55ea.json      |    1 +
 .../.system_generated/messages/read.json           |    1 +
 .../.system_generated/steps/10/output.txt          |   13 +
 .../.system_generated/steps/100/output.txt         |    2 +
 .../.system_generated/steps/102/output.txt         |    2 +
 .../.system_generated/steps/104/output.txt         |    2 +
 .../.system_generated/steps/106/output.txt         |    2 +
 .../.system_generated/steps/108/output.txt         |    2 +
 .../.system_generated/steps/110/output.txt         |    2 +
 .../.system_generated/steps/112/output.txt         |    2 +
 .../.system_generated/steps/114/output.txt         |    2 +
 .../.system_generated/steps/116/output.txt         |    2 +
 .../.system_generated/steps/118/output.txt         |    2 +
 .../.system_generated/steps/12/output.txt          |    7 +
 .../.system_generated/steps/120/output.txt         |    2 +
 .../.system_generated/steps/122/output.txt         |    2 +
 .../.system_generated/steps/124/output.txt         |    2 +
 .../.system_generated/steps/126/output.txt         |    2 +
 .../.system_generated/steps/129/output.txt         |    2 +
 .../.system_generated/steps/131/output.txt         |    2 +
 .../.system_generated/steps/133/output.txt         |    2 +
 .../.system_generated/steps/135/output.txt         |    2 +
 .../.system_generated/steps/137/output.txt         |    2 +
 .../.system_generated/steps/139/output.txt         |    2 +
 .../.system_generated/steps/14/output.txt          |    2 +
 .../.system_generated/steps/141/output.txt         |    2 +
 .../.system_generated/steps/143/output.txt         |    2 +
 .../.system_generated/steps/145/output.txt         |    2 +
 .../.system_generated/steps/147/output.txt         |    2 +
 .../.system_generated/steps/149/output.txt         |    2 +
 .../.system_generated/steps/151/output.txt         |    2 +
 .../.system_generated/steps/153/output.txt         |    2 +
 .../.system_generated/steps/157/output.txt         |   21 +
 .../.system_generated/steps/159/output.txt         |    6 +
 .../.system_generated/steps/16/output.txt          |   24 +
 .../.system_generated/steps/161/output.txt         |    8 +
 .../.system_generated/steps/174/output.txt         |   51 +
 .../.system_generated/steps/176/output.txt         |    4 +
 .../.system_generated/steps/178/output.txt         |    1 +
 .../.system_generated/steps/18/output.txt          |    5 +
 .../.system_generated/steps/180/output.txt         |   38 +
 .../.system_generated/steps/183/output.txt         |   28 +
 .../.system_generated/steps/189/output.txt         |    8 +
 .../.system_generated/steps/191/output.txt         |    2 +
 .../.system_generated/steps/193/output.txt         |   12 +
 .../.system_generated/steps/195/output.txt         |  138 ++
 .../.system_generated/steps/197/output.txt         |    2 +
 .../.system_generated/steps/199/output.txt         |  129 ++
 .../.system_generated/steps/2/output.txt           |    7 +
 .../.system_generated/steps/209/output.txt         |    5 +
 .../.system_generated/steps/215/output.txt         |   54 +
 .../.system_generated/steps/217/output.txt         |   13 +
 .../.system_generated/steps/219/output.txt         |   14 +
 .../.system_generated/steps/221/output.txt         |   26 +
 .../.system_generated/steps/226/output.txt         |   61 +
 .../.system_generated/steps/230/output.txt         |    1 +
 .../.system_generated/steps/232/output.txt         |   28 +
 .../.system_generated/steps/234/output.txt         |    9 +
 .../.system_generated/steps/236/output.txt         |   16 +
 .../.system_generated/steps/238/output.txt         |   25 +
 .../.system_generated/steps/242/output.txt         |    2 +
 .../.system_generated/steps/246/output.txt         |   70 +
 .../.system_generated/steps/248/output.txt         |   46 +
 .../.system_generated/steps/250/output.txt         |   13 +
 .../.system_generated/steps/252/output.txt         |    2 +
 .../.system_generated/steps/255/output.txt         |    2 +
 .../.system_generated/steps/257/output.txt         |    2 +
 .../.system_generated/steps/259/output.txt         |    2 +
 .../.system_generated/steps/26/output.txt          |    5 +
 .../.system_generated/steps/261/output.txt         |    2 +
 .../.system_generated/steps/263/output.txt         |    2 +
 .../.system_generated/steps/265/output.txt         |   16 +
 .../.system_generated/steps/267/output.txt         |   43 +
 .../.system_generated/steps/269/output.txt         |   30 +
 .../.system_generated/steps/271/output.txt         |  139 ++
 .../.system_generated/steps/273/output.txt         |   13 +
 .../.system_generated/steps/275/output.txt         |   32 +
 .../.system_generated/steps/280/output.txt         |    2 +
 .../.system_generated/steps/282/output.txt         |   19 +
 .../.system_generated/steps/284/output.txt         |    2 +
 .../.system_generated/steps/286/output.txt         |    2 +
 .../.system_generated/steps/288/output.txt         |    2 +
 .../.system_generated/steps/290/output.txt         |    2 +
 .../.system_generated/steps/292/output.txt         |    2 +
 .../.system_generated/steps/294/output.txt         |    2 +
 .../.system_generated/steps/296/output.txt         |   87 +
 .../.system_generated/steps/298/output.txt         |   24 +
 .../.system_generated/steps/30/output.txt          |   12 +
 .../.system_generated/steps/302/output.txt         |    2 +
 .../.system_generated/steps/305/output.txt         |    2 +
 .../.system_generated/steps/307/output.txt         |    2 +
 .../.system_generated/steps/309/output.txt         |    2 +
 .../.system_generated/steps/311/output.txt         |    2 +
 .../.system_generated/steps/313/output.txt         |   22 +
 .../.system_generated/steps/315/output.txt         |   24 +
 .../.system_generated/steps/317/output.txt         |    1 +
 .../.system_generated/steps/319/output.txt         |  107 ++
 .../.system_generated/steps/32/output.txt          |   12 +
 .../.system_generated/steps/324/output.txt         |    1 +
 .../.system_generated/steps/326/output.txt         |   11 +
 .../.system_generated/steps/329/output.txt         |    6 +
 .../.system_generated/steps/331/output.txt         |   58 +
 .../.system_generated/steps/333/output.txt         |   12 +
 .../.system_generated/steps/339/output.txt         |    2 +
 .../.system_generated/steps/34/output.txt          |    5 +
 .../.system_generated/steps/341/output.txt         |  156 ++
 .../.system_generated/steps/345/output.txt         |   12 +
 .../.system_generated/steps/347/output.txt         |   90 +
 .../.system_generated/steps/349/output.txt         |    4 +
 .../.system_generated/steps/353/output.txt         |   17 +
 .../.system_generated/steps/355/output.txt         |   18 +
 .../.system_generated/steps/357/output.txt         |   13 +
 .../.system_generated/steps/363/output.txt         |   21 +
 .../.system_generated/steps/367/output.txt         |   16 +
 .../.system_generated/steps/369/output.txt         |    1 +
 .../.system_generated/steps/372/output.txt         |   45 +
 .../.system_generated/steps/376/output.txt         |   18 +
 .../.system_generated/steps/382/output.txt         |   30 +
 .../.system_generated/steps/389/output.txt         |   26 +
 .../.system_generated/steps/391/output.txt         |   23 +
 .../.system_generated/steps/397/output.txt         |   35 +
 .../.system_generated/steps/399/output.txt         |   32 +
 .../.system_generated/steps/4/output.txt           |    5 +
 .../.system_generated/steps/40/output.txt          |    2 +
 .../.system_generated/steps/403/output.txt         |   27 +
 .../.system_generated/steps/407/output.txt         |   18 +
 .../.system_generated/steps/409/output.txt         |    8 +
 .../.system_generated/steps/413/output.txt         |   14 +
 .../.system_generated/steps/415/output.txt         |   16 +
 .../.system_generated/steps/419/output.txt         |   18 +
 .../.system_generated/steps/423/output.txt         |   11 +
 .../.system_generated/steps/427/output.txt         |    1 +
 .../.system_generated/steps/429/output.txt         |   14 +
 .../.system_generated/steps/431/output.txt         |   14 +
 .../.system_generated/steps/433/output.txt         |   61 +
 .../.system_generated/steps/435/output.txt         |   13 +
 .../.system_generated/steps/437/output.txt         |   13 +
 .../.system_generated/steps/443/output.txt         |   21 +
 .../.system_generated/steps/449/output.txt         |   63 +
 .../.system_generated/steps/451/output.txt         |   59 +
 .../.system_generated/steps/460/output.txt         |  229 +++
 .../.system_generated/steps/462/output.txt         |   48 +
 .../.system_generated/steps/464/output.txt         |    2 +
 .../.system_generated/steps/466/output.txt         |   15 +
 .../.system_generated/steps/468/output.txt         |    9 +
 .../.system_generated/steps/47/output.txt          |    3 +
 .../.system_generated/steps/472/output.txt         |   17 +
 .../.system_generated/steps/474/output.txt         |   14 +
 .../.system_generated/steps/476/output.txt         |    9 +
 .../.system_generated/steps/484/output.txt         |   20 +
 .../.system_generated/steps/486/output.txt         |   15 +
 .../.system_generated/steps/488/output.txt         |   13 +
 .../.system_generated/steps/49/output.txt          |    2 +
 .../.system_generated/steps/490/output.txt         |   14 +
 .../.system_generated/steps/492/output.txt         |   17 +
 .../.system_generated/steps/494/output.txt         |   17 +
 .../.system_generated/steps/496/output.txt         |    6 +
 .../.system_generated/steps/498/output.txt         |   14 +
 .../.system_generated/steps/504/output.txt         |   39 +
 .../.system_generated/steps/506/output.txt         |    2 +
 .../.system_generated/steps/508/output.txt         |    5 +
 .../.system_generated/steps/510/output.txt         |   32 +
 .../.system_generated/steps/512/output.txt         |   12 +
 .../.system_generated/steps/521/output.txt         |   28 +
 .../.system_generated/steps/523/output.txt         |   19 +
 .../.system_generated/steps/525/output.txt         |   13 +
 .../.system_generated/steps/527/output.txt         |   14 +
 .../.system_generated/steps/529/output.txt         |    9 +
 .../.system_generated/steps/53/output.txt          |    2 +
 .../.system_generated/steps/535/output.txt         |    7 +
 .../.system_generated/steps/537/output.txt         |   17 +
 .../.system_generated/steps/539/output.txt         |   14 +
 .../.system_generated/steps/541/output.txt         |   15 +
 .../.system_generated/steps/543/output.txt         |   17 +
 .../.system_generated/steps/545/output.txt         |    6 +
 .../.system_generated/steps/547/output.txt         |   12 +
 .../.system_generated/steps/55/output.txt          |   20 +
 .../.system_generated/steps/551/output.txt         |    6 +
 .../.system_generated/steps/553/output.txt         |   13 +
 .../.system_generated/steps/555/output.txt         |   15 +
 .../.system_generated/steps/557/output.txt         |    6 +
 .../.system_generated/steps/559/output.txt         |   11 +
 .../.system_generated/steps/565/output.txt         |   48 +
 .../.system_generated/steps/567/output.txt         |    2 +
 .../.system_generated/steps/569/output.txt         |    8 +
 .../.system_generated/steps/57/output.txt          |    6 +
 .../.system_generated/steps/571/output.txt         |   89 +
 .../.system_generated/steps/573/output.txt         |   14 +
 .../.system_generated/steps/575/output.txt         |   10 +
 .../.system_generated/steps/579/output.txt         |   16 +
 .../.system_generated/steps/581/output.txt         |    9 +
 .../.system_generated/steps/59/output.txt          |    6 +
 .../.system_generated/steps/591/output.txt         |   15 +
 .../.system_generated/steps/595/output.txt         |   15 +
 .../.system_generated/steps/597/output.txt         |   11 +
 .../.system_generated/steps/599/output.txt         |   22 +
 .../.system_generated/steps/6/output.txt           |   20 +
 .../.system_generated/steps/601/output.txt         |    1 +
 .../.system_generated/steps/603/output.txt         |   13 +
 .../.system_generated/steps/608/output.txt         |   16 +
 .../.system_generated/steps/61/output.txt          |   21 +
 .../.system_generated/steps/614/output.txt         |   36 +
 .../.system_generated/steps/616/output.txt         |   27 +
 .../.system_generated/steps/620/output.txt         |   21 +
 .../.system_generated/steps/625/output.txt         |   39 +
 .../.system_generated/steps/627/output.txt         |   19 +
 .../.system_generated/steps/63/output.txt          |   17 +
 .../.system_generated/steps/631/output.txt         |   28 +
 .../.system_generated/steps/635/output.txt         |   26 +
 .../.system_generated/steps/637/output.txt         |   16 +
 .../.system_generated/steps/641/output.txt         |    5 +
 .../.system_generated/steps/645/output.txt         |   13 +
 .../.system_generated/steps/647/output.txt         |    8 +
 .../.system_generated/steps/65/output.txt          |    1 +
 .../.system_generated/steps/653/output.txt         |  111 ++
 .../.system_generated/steps/655/output.txt         |   24 +
 .../.system_generated/steps/664/output.txt         |    2 +
 .../.system_generated/steps/666/output.txt         |   17 +
 .../.system_generated/steps/668/output.txt         |   17 +
 .../.system_generated/steps/670/output.txt         |   11 +
 .../.system_generated/steps/674/output.txt         |    8 +
 .../.system_generated/steps/679/output.txt         |  115 ++
 .../.system_generated/steps/685/output.txt         |   17 +
 .../.system_generated/steps/693/output.txt         |   29 +
 .../.system_generated/steps/70/output.txt          |   12 +
 .../.system_generated/steps/701/output.txt         |    8 +
 .../.system_generated/steps/707/output.txt         |   12 +
 .../.system_generated/steps/717/output.txt         |   12 +
 .../.system_generated/steps/719/output.txt         |   12 +
 .../.system_generated/steps/72/output.txt          |    6 +
 .../.system_generated/steps/721/output.txt         |    8 +
 .../.system_generated/steps/723/output.txt         |   43 +
 .../.system_generated/steps/725/output.txt         |    2 +
 .../.system_generated/steps/727/output.txt         |    9 +
 .../.system_generated/steps/729/output.txt         |   12 +
 .../.system_generated/steps/731/output.txt         |   59 +
 .../.system_generated/steps/733/output.txt         |   30 +
 .../.system_generated/steps/735/output.txt         |   12 +
 .../.system_generated/steps/737/output.txt         |   12 +
 .../.system_generated/steps/739/output.txt         |    6 +
 .../.system_generated/steps/74/output.txt          |   57 +
 .../.system_generated/steps/741/output.txt         |   28 +
 .../.system_generated/steps/743/output.txt         |   12 +
 .../.system_generated/steps/755/output.txt         |   14 +
 .../.system_generated/steps/759/output.txt         |   55 +
 .../.system_generated/steps/76/output.txt          |    1 +
 .../.system_generated/steps/761/output.txt         |    8 +
 .../.system_generated/steps/767/output.txt         |    2 +
 .../.system_generated/steps/769/output.txt         |    9 +
 .../.system_generated/steps/78/output.txt          |   36 +
 .../.system_generated/steps/783/output.txt         |   14 +
 .../.system_generated/steps/785/output.txt         |   62 +
 .../.system_generated/steps/789/output.txt         |   25 +
 .../.system_generated/steps/791/output.txt         |    9 +
 .../.system_generated/steps/8/output.txt           |   11 +
 .../.system_generated/steps/80/output.txt          |   36 +
 .../.system_generated/steps/801/output.txt         |    2 +
 .../.system_generated/steps/803/output.txt         |    9 +
 .../.system_generated/steps/807/output.txt         |    1 +
 .../.system_generated/steps/82/output.txt          |    2 +
 .../.system_generated/steps/823/output.txt         |   15 +
 .../.system_generated/steps/825/output.txt         |   23 +
 .../.system_generated/steps/829/output.txt         |  308 +++
 .../.system_generated/steps/831/output.txt         |    8 +
 .../.system_generated/steps/847/output.txt         |    2 +
 .../.system_generated/steps/849/output.txt         |    2 +
 .../.system_generated/steps/85/output.txt          |   26 +
 .../.system_generated/steps/853/output.txt         |    2 +
 .../.system_generated/steps/857/output.txt         |   47 +
 .../.system_generated/steps/859/output.txt         |   30 +
 .../.system_generated/steps/861/output.txt         |   15 +
 .../.system_generated/steps/863/output.txt         |   15 +
 .../.system_generated/steps/865/output.txt         |   17 +
 .../.system_generated/steps/867/output.txt         |   15 +
 .../.system_generated/steps/87/output.txt          |   15 +
 .../.system_generated/steps/872/output.txt         |    2 +
 .../.system_generated/steps/876/output.txt         |   29 +
 .../.system_generated/steps/880/output.txt         |   23 +
 .../.system_generated/steps/886/output.txt         |   14 +
 .../.system_generated/steps/888/output.txt         |   23 +
 .../.system_generated/steps/89/output.txt          |    2 +
 .../.system_generated/steps/890/output.txt         |   49 +
 .../.system_generated/steps/892/output.txt         |   17 +
 .../.system_generated/steps/894/output.txt         |   46 +
 .../.system_generated/steps/897/output.txt         |   25 +
 .../.system_generated/steps/899/output.txt         |   14 +
 .../.system_generated/steps/904/output.txt         |    9 +
 .../.system_generated/steps/906/output.txt         |   13 +
 .../.system_generated/steps/908/output.txt         |   12 +
 .../.system_generated/steps/91/output.txt          |    2 +
 .../.system_generated/steps/910/output.txt         |    6 +
 .../.system_generated/steps/913/output.txt         |   13 +
 .../.system_generated/steps/915/output.txt         |    5 +
 .../.system_generated/steps/917/output.txt         |    9 +
 .../.system_generated/steps/919/output.txt         |    9 +
 .../.system_generated/steps/921/output.txt         |   11 +
 .../.system_generated/steps/93/output.txt          |    2 +
 .../.system_generated/steps/931/output.txt         |   52 +
 .../.system_generated/steps/936/output.txt         |    8 +
 .../.system_generated/steps/938/output.txt         |   44 +
 .../.system_generated/steps/942/output.txt         |   20 +
 .../.system_generated/steps/944/output.txt         |   24 +
 .../.system_generated/steps/946/output.txt         |    2 +
 .../.system_generated/steps/96/output.txt          |    2 +
 .../.system_generated/steps/98/output.txt          |    2 +
 .../.system_generated/tasks/task-159.log           |    2 +
 .../.system_generated/tasks/task-174.log           |   47 +
 .../.system_generated/tasks/task-178.log           |    6 +
 .../.system_generated/tasks/task-185.log           | 1717 +++++++++++++++++
 .../.system_generated/tasks/task-205.log           |  754 ++++++++
 .../.system_generated/tasks/task-226.log           | 1113 +++++++++++
 .../.system_generated/tasks/task-248.log           |  205 ++
 .../.system_generated/tasks/task-271.log           |  135 ++
 .../.system_generated/tasks/task-296.log           |   83 +
 .../.system_generated/tasks/task-319.log           |  121 ++
 .../.system_generated/tasks/task-347.log           |   86 +
 .../.system_generated/tasks/task-372.log           | 1995 ++++++++++++++++++++
 .../.system_generated/tasks/task-606.log           |  355 ++++
 .../.system_generated/tasks/task-63.log            |   13 +
 .../.system_generated/tasks/task-65.log            |    7 +
 .../.system_generated/tasks/task-653.log           |  584 ++++++
 .../.system_generated/tasks/task-681.log           |  114 ++
 .../.system_generated/tasks/task-693.log           |  793 ++++++++
 .../.system_generated/tasks/task-74.log            |   53 +
 .../.system_generated/tasks/task-76.log            |    7 +
 .../.system_generated/tasks/task-85.log            |   22 +
 .../.system_generated/tasks/task-859.log           |   26 +
 .../.system_generated/tasks/task-890.log           |   45 +
 .../.system_generated/tasks/task-897.log           |   21 +
 .../.system_generated/tasks/task-908.log           |    8 +
 .../.system_generated/tasks/task-919.log           |    5 +
 .../.user_uploaded/media_1789831851459.png         |  Bin 0 -> 31453 bytes
 .../.user_uploaded/media_1789917998341.png         |  Bin 0 -> 124566 bytes
 .../.user_uploaded/media_1789918138848.png         |  Bin 0 -> 58064 bytes
 .../.user_uploaded/media_1789918337737.png         |  Bin 0 -> 8178 bytes
 .../.user_uploaded/media_1789918457761.png         |  Bin 0 -> 14355 bytes
 .../.user_uploaded/media_1789918657574.png         |  Bin 0 -> 118295 bytes
 .../.user_uploaded/media_1789919437392.png         |  Bin 0 -> 5785 bytes
 .../.user_uploaded/media_1789919706970.png         |  Bin 0 -> 2400 bytes
 .../.user_uploaded/media_1789922308319.png         |  Bin 0 -> 212762 bytes
 .../.user_uploaded/media_1789922328027.png         |  Bin 0 -> 133369 bytes
 .../.user_uploaded/media_1789922592337.png         |  Bin 0 -> 15397 bytes
 .../.user_uploaded/media_1789922811591.png         |  Bin 0 -> 161426 bytes
 .../.user_uploaded/media_1789923712530.png         |  Bin 0 -> 1815 bytes
 .../.user_uploaded/media_1789924403607.png         |  Bin 0 -> 273905 bytes
 .../.user_uploaded/media_1789924718659.png         |  Bin 0 -> 6111 bytes
 .../.user_uploaded/media_1789925134695.png         |  Bin 0 -> 3254 bytes
 .../.user_uploaded/media_1789925267871.png         |  Bin 0 -> 300762 bytes
 .../.user_uploaded/media_1789925532730.png         |  Bin 0 -> 93223 bytes
 .../.user_uploaded/media_1789926249368.png         |  Bin 0 -> 24110 bytes
 .../.user_uploaded/media_1789926268149.png         |  Bin 0 -> 190831 bytes
 .../.user_uploaded/media_1789926836050.png         |  Bin 0 -> 3269 bytes
 .../.user_uploaded/media_1789998514932.jpg         |  Bin 0 -> 440053 bytes
 .../.user_uploaded/media_1789999329025.png         |  Bin 0 -> 3649 bytes
 .../.user_uploaded/media_1789999333535.png         |  Bin 0 -> 879 bytes
 .../.user_uploaded/media_1789999825909.png         |  Bin 0 -> 170865 bytes
 .../.user_uploaded/media_1790002220582.png         |  Bin 0 -> 21309 bytes
 .../.user_uploaded/media_1790002589687.png         |  Bin 0 -> 7584 bytes
 .../.user_uploaded/media_1790003732721.png         |  Bin 0 -> 12807 bytes
 .../.user_uploaded/media_1790004307305.png         |  Bin 0 -> 548778 bytes
 .gemini_brain_backup/de_xuat_web_kts.md            |  297 +++
 .../de_xuat_web_kts.md.metadata.json               |    6 +
 .gemini_brain_backup/implementation_plan.md        |   55 +
 .../implementation_plan.md.metadata.json           |    6 +
 .gemini_brain_backup/scratch/doc5.txt              |    1 +
 .gemini_brain_backup/scratch/doc6.txt              |    1 +
 .gemini_brain_backup/scratch/doc_output.txt        |    2 +
 .gemini_brain_backup/scratch/extract_files.py      |   48 +
 .gemini_brain_backup/scratch/output.txt            |  619 ++++++
 .gemini_brain_backup/task.md                       |   37 +
 .gemini_brain_backup/task.md.metadata.json         |    4 +
 .gemini_brain_backup/tong_hop_noi_dung.md          |  122 ++
 .../tong_hop_noi_dung.md.metadata.json             |    5 +
 LICH_SU_TRO_CHUYEN.md                              |  865 ++++++++-
 export_chat_history.js                             |   61 +-
 next.config.ts                                     |    4 -
 remove_ma.js                                       |   37 +
 src/app/(portal)/kts/hien-trang/page.tsx           |  297 ++-
 src/app/(portal)/kts/lo-trinh/page.tsx             |   14 +-
 src/app/(portal)/kts/so-do/page.tsx                |  526 ++++--
 src/app/admin/he-thong/page.tsx                    |    2 +-
 src/app/admin/nhiem-vu/page.tsx                    |    2 +-
 src/lib/auth.ts                                    |   12 +-
 442 files changed, 20819 insertions(+), 369 deletions(-)
 create mode 100644 .gemini_brain_backup/.system_generated/logs/chunks/transcript/00000000.jsonl
 create mode 100644 .gemini_brain_backup/.system_generated/logs/chunks/transcript/00000001.jsonl
 create mode 100644 .gemini_brain_backup/.system_generated/logs/chunks/transcript/00000002.jsonl
 create mode 100644 .gemini_brain_backup/.system_generated/logs/chunks/transcript/00000003.jsonl
 create mode 100644 .gemini_brain_backup/.system_generated/logs/chunks/transcript/00000004.jsonl
 create mode 100644 .gemini_brain_backup/.system_generated/logs/chunks/transcript/00000005.jsonl
 create mode 100644 .gemini_brain_backup/.system_generated/logs/chunks/transcript/00000006.jsonl
 create mode 100644 .gemini_brain_backup/.system_generated/logs/chunks/transcript/00000007.jsonl
 create mode 100644 .gemini_brain_backup/.system_generated/logs/chunks/transcript/00000008.jsonl
 create mode 100644 .gemini_brain_backup/.system_generated/logs/chunks/transcript/00000009.jsonl
 create mode 100644 .gemini_brain_backup/.system_generated/logs/chunks/transcript/00000010.jsonl
 create mode 100644 .gemini_brain_backup/.system_generated/logs/chunks/transcript/00000011.jsonl
 create mode 100644 .gemini_brain_backup/.system_generated/logs/chunks/transcript/00000012.jsonl
 create mode 100644 .gemini_brain_backup/.system_generated/logs/chunks/transcript/00000013.jsonl
 create mode 100644 .gemini_brain_backup/.system_generated/logs/chunks/transcript_full/00000000.jsonl
 create mode 100644 .gemini_brain_backup/.system_generated/logs/chunks/transcript_full/00000001.jsonl
 create mode 100644 .gemini_brain_backup/.system_generated/logs/chunks/transcript_full/00000002.jsonl
 create mode 100644 .gemini_brain_backup/.system_generated/logs/chunks/transcript_full/00000003.jsonl
 create mode 100644 .gemini_brain_backup/.system_generated/logs/chunks/transcript_full/00000004.jsonl
 create mode 100644 .gemini_brain_backup/.system_generated/logs/chunks/transcript_full/00000005.jsonl
 create mode 100644 .gemini_brain_backup/.system_generated/logs/chunks/transcript_full/00000006.jsonl
 create mode 100644 .gemini_brain_backup/.system_generated/logs/chunks/transcript_full/00000007.jsonl
 create mode 100644 .gemini_brain_backup/.system_generated/logs/chunks/transcript_full/00000008.jsonl
 create mode 100644 .gemini_brain_backup/.system_generated/logs/chunks/transcript_full/00000009.jsonl
 create mode 100644 .gemini_brain_backup/.system_generated/logs/chunks/transcript_full/00000010.jsonl
 create mode 100644 .gemini_brain_backup/.system_generated/logs/chunks/transcript_full/00000011.jsonl
 create mode 100644 .gemini_brain_backup/.system_generated/logs/chunks/transcript_full/00000012.jsonl
 create mode 100644 .gemini_brain_backup/.system_generated/logs/chunks/transcript_full/00000013.jsonl
 create mode 100644 .gemini_brain_backup/.system_generated/logs/chunks/transcript_full/00000014.jsonl
 create mode 100644 .gemini_brain_backup/.system_generated/logs/chunks/transcript_full/00000015.jsonl
 create mode 100644 .gemini_brain_backup/.system_generated/logs/chunks/transcript_full/00000016.jsonl
 create mode 100644 .gemini_brain_backup/.system_generated/logs/chunks/transcript_full/00000017.jsonl
 create mode 100644 .gemini_brain_backup/.system_generated/logs/chunks/transcript_full/00000018.jsonl
 create mode 100644 .gemini_brain_backup/.system_generated/logs/chunks/transcript_full/00000019.jsonl
 create mode 100644 .gemini_brain_backup/.system_generated/logs/chunks/transcript_full/00000020.jsonl
 create mode 100644 .gemini_brain_backup/.system_generated/logs/transcript.jsonl
 create mode 100644 .gemini_brain_backup/.system_generated/logs/transcript_full.jsonl
 create mode 100644 .gemini_brain_backup/.system_generated/messages/02e63cdd-2d79-439d-9830-1838cdd99545.json
 create mode 100644 .gemini_brain_backup/.system_generated/messages/058e4c7f-0e1c-46ca-9e64-e8a7f51b8b43.json
 create mode 100644 .gemini_brain_backup/.system_generated/messages/0a19eae5-c393-4f6b-9790-0c9274267b27.json
 create mode 100644 .gemini_brain_backup/.system_generated/messages/19070d80-6646-48ee-9a24-604bfed1bced.json
 create mode 100644 .gemini_brain_backup/.system_generated/messages/24cdffd1-5c43-4ffb-a882-462ed3d9aaf0.json
 create mode 100644 .gemini_brain_backup/.system_generated/messages/2cfcdd05-f89c-4850-bfca-d97d5d0d5f5e.json
 create mode 100644 .gemini_brain_backup/.system_generated/messages/3a0f95ec-4dc5-407e-9f0c-49d5606615d3.json
 create mode 100644 .gemini_brain_backup/.system_generated/messages/6a41441e-b05a-4132-854f-27e9678cbb6c.json
 create mode 100644 .gemini_brain_backup/.system_generated/messages/8f6bdd99-6231-46b2-8d46-cb560471505a.json
 create mode 100644 .gemini_brain_backup/.system_generated/messages/9898b893-c7dc-47db-b9ea-03ff7a3589e9.json
 create mode 100644 .gemini_brain_backup/.system_generated/messages/989d2523-78b8-4d61-b497-9a27a4435a41.json
 create mode 100644 .gemini_brain_backup/.system_generated/messages/99745393-502c-41a3-83b2-0b450dddbd5b.json
 create mode 100644 .gemini_brain_backup/.system_generated/messages/a36ad981-5629-40a5-a1f0-9e20c30ac3a7.json
 create mode 100644 .gemini_brain_backup/.system_generated/messages/a769884d-b91b-44a0-b15d-a6401e64412e.json
 create mode 100644 .gemini_brain_backup/.system_generated/messages/b9529051-84a3-4a2c-b9d1-3d6266218067.json
 create mode 100644 .gemini_brain_backup/.system_generated/messages/c7652eff-3469-45f8-8af2-3b06c2642762.json
 create mode 100644 .gemini_brain_backup/.system_generated/messages/d30d6c13-bb54-4ad9-af59-64394bbf66b2.json
 create mode 100644 .gemini_brain_backup/.system_generated/messages/d4a0d33a-a32b-4d88-9c9a-5ff03ed27d59.json
 create mode 100644 .gemini_brain_backup/.system_generated/messages/dca636c7-19d6-4b10-9907-7f4f4ab72c29.json
 create mode 100644 .gemini_brain_backup/.system_generated/messages/dd879194-0f4f-47bd-ba5c-c0ee3a898b31.json
 create mode 100644 .gemini_brain_backup/.system_generated/messages/e1eec727-fe42-48b5-8a16-c1250c3389c6.json
 create mode 100644 .gemini_brain_backup/.system_generated/messages/ee0d9fd3-8cbb-4688-8b54-a7a3b9db008b.json
 create mode 100644 .gemini_brain_backup/.system_generated/messages/ef352c50-e670-4e58-a848-5b7ece8c55ea.json
 create mode 100644 .gemini_brain_backup/.system_generated/messages/read.json
 create mode 100644 .gemini_brain_backup/.system_generated/steps/10/output.txt
 create mode 100644 .gemini_brain_backup/.system_generated/steps/100/output.txt
 create mode 100644 .gemini_brain_backup/.system_generated/steps/102/output.txt
 create mode 100644 .gemini_brain_backup/.system_generated/steps/104/output.txt
 create mode 100644 .gemini_brain_backup/.system_generated/steps/106/output.txt
 create mode 100644 .gemini_brain_backup/.system_generated/steps/108/output.txt
 create mode 100644 .gemini_brain_backup/.system_generated/steps/110/output.txt
 create mode 100644 .gemini_brain_backup/.system_generated/steps/112/output.txt
 create mode 100644 .gemini_brain_backup/.system_generated/steps/114/output.txt
 create mode 100644 .gemini_brain_backup/.system_generated/steps/116/output.txt
 create mode 100644 .gemini_brain_backup/.system_generated/steps/118/output.txt
 create mode 100644 .gemini_brain_backup/.system_generated/steps/12/output.txt
 create mode 100644 .gemini_brain_backup/.system_generated/steps/120/output.txt
 create mode 100644 .gemini_brain_backup/.system_generated/steps/122/output.txt
 create mode 100644 .gemini_brain_backup/.system_generated/steps/124/output.txt
 create mode 100644 .gemini_brain_backup/.system_generated/steps/126/output.txt
 create mode 100644 .gemini_brain_backup/.system_generated/steps/129/output.txt
 create mode 100644 .gemini_brain_backup/.system_generated/steps/131/output.txt
 create mode 100644 .gemini_brain_backup/.system_generated/steps/133/output.txt
 create mode 100644 .gemini_brain_backup/.system_generated/steps/135/output.txt
 create mode 100644 .gemini_brain_backup/.system_generated/steps/137/output.txt
 create mode 100644 .gemini_brain_backup/.system_generated/steps/139/output.txt
 create mode 100644 .gemini_brain_backup/.system_generated/steps/14/output.txt
 create mode 100644 .gemini_brain_backup/.system_generated/steps/141/output.txt
 create mode 100644 .gemini_brain_backup/.system_generated/steps/143/output.txt
 create mode 100644 .gemini_brain_backup/.system_generated/steps/145/output.txt
 create mode 100644 .gemini_brain_backup/.system_generated/steps/147/output.txt
 create mode 100644 .gemini_brain_backup/.system_generated/steps/149/output.txt
 create mode 100644 .gemini_brain_backup/.system_generated/steps/151/output.txt
 create mode 100644 .gemini_brain_backup/.system_generated/steps/153/output.txt
 create mode 100644 .gemini_brain_backup/.system_generated/steps/157/output.txt
 create mode 100644 .gemini_brain_backup/.system_generated/steps/159/output.txt
 create mode 100644 .gemini_brain_backup/.system_generated/steps/16/output.txt
 create mode 100644 .gemini_brain_backup/.system_generated/steps/161/output.txt
 create mode 100644 .gemini_brain_backup/.system_generated/steps/174/output.txt
 create mode 100644 .gemini_brain_backup/.system_generated/steps/176/output.txt
 create mode 100644 .gemini_brain_backup/.system_generated/steps/178/output.txt
 create mode 100644 .gemini_brain_backup/.system_generated/steps/18/output.txt
 create mode 100644 .gemini_brain_backup/.system_generated/steps/180/output.txt
 create mode 100644 .gemini_brain_backup/.system_generated/steps/183/output.txt
 create mode 100644 .gemini_brain_backup/.system_generated/steps/189/output.txt
 create mode 100644 .gemini_brain_backup/.system_generated/steps/191/output.txt
 create mode 100644 .gemini_brain_backup/.system_generated/steps/193/output.txt
 create mode 100644 .gemini_brain_backup/.system_generated/steps/195/output.txt
 create mode 100644 .gemini_brain_backup/.system_generated/steps/197/output.txt
 create mode 100644 .gemini_brain_backup/.system_generated/steps/199/output.txt
 create mode 100644 .gemini_brain_backup/.system_generated/steps/2/output.txt
 create mode 100644 .gemini_brain_backup/.system_generated/steps/209/output.txt
 create mode 100644 .gemini_brain_backup/.system_generated/steps/215/output.txt
 create mode 100644 .gemini_brain_backup/.system_generated/steps/217/output.txt
 create mode 100644 .gemini_brain_backup/.system_generated/steps/219/output.txt
 create mode 100644 .gemini_brain_backup/.system_generated/steps/221/output.txt
 create mode 100644 .gemini_brain_backup/.system_generated/steps/226/output.txt
 create mode 100644 .gemini_brain_backup/.system_generated/steps/230/output.txt
 create mode 100644 .gemini_brain_backup/.system_generated/steps/232/output.txt
 create mode 100644 .gemini_brain_backup/.system_generated/steps/234/output.txt
 create mode 100644 .gemini_brain_backup/.system_generated/steps/236/output.txt
 create mode 100644 .gemini_brain_backup/.system_generated/steps/238/output.txt
 create mode 100644 .gemini_brain_backup/.system_generated/steps/242/output.txt
 create mode 100644 .gemini_brain_backup/.system_generated/steps/246/output.txt
 create mode 100644 .gemini_brain_backup/.system_generated/steps/248/output.txt
 create mode 100644 .gemini_brain_backup/.system_generated/steps/250/output.txt
 create mode 100644 .gemini_brain_backup/.system_generated/steps/252/output.txt
 create mode 100644 .gemini_brain_backup/.system_generated/steps/255/output.txt
 create mode 100644 .gemini_brain_backup/.system_generated/steps/257/output.txt
 create mode 100644 .gemini_brain_backup/.system_generated/steps/259/output.txt
 create mode 100644 .gemini_brain_backup/.system_generated/steps/26/output.txt
 create mode 100644 .gemini_brain_backup/.system_generated/steps/261/output.txt
 create mode 100644 .gemini_brain_backup/.system_generated/steps/263/output.txt
 create mode 100644 .gemini_brain_backup/.system_generated/steps/265/output.txt
 create mode 100644 .gemini_brain_backup/.system_generated/steps/267/output.txt
 create mode 100644 .gemini_brain_backup/.system_generated/steps/269/output.txt
 create mode 100644 .gemini_brain_backup/.system_generated/steps/271/output.txt
 create mode 100644 .gemini_brain_backup/.system_generated/steps/273/output.txt
 create mode 100644 .gemini_brain_backup/.system_generated/steps/275/output.txt
 create mode 100644 .gemini_brain_backup/.system_generated/steps/280/output.txt
 create mode 100644 .gemini_brain_backup/.system_generated/steps/282/output.txt
 create mode 100644 .gemini_brain_backup/.system_generated/steps/284/output.txt
 create mode 100644 .gemini_brain_backup/.system_generated/steps/286/output.txt
 create mode 100644 .gemini_brain_backup/.system_generated/steps/288/output.txt
 create mode 100644 .gemini_brain_backup/.system_generated/steps/290/output.txt
 create mode 100644 .gemini_brain_backup/.system_generated/steps/292/output.txt
 create mode 100644 .gemini_brain_backup/.system_generated/steps/294/output.txt
 create mode 100644 .gemini_brain_backup/.system_generated/steps/296/output.txt
 create mode 100644 .gemini_brain_backup/.system_generated/steps/298/output.txt
 create mode 100644 .gemini_brain_backup/.system_generated/steps/30/output.txt
 create mode 100644 .gemini_brain_backup/.system_generated/steps/302/output.txt
 create mode 100644 .gemini_brain_backup/.system_generated/steps/305/output.txt
 create mode 100644 .gemini_brain_backup/.system_generated/steps/307/output.txt
 create mode 100644 .gemini_brain_backup/.system_generated/steps/309/output.txt
 create mode 100644 .gemini_brain_backup/.system_generated/steps/311/output.txt
 create mode 100644 .gemini_brain_backup/.system_generated/steps/313/output.txt
 create mode 100644 .gemini_brain_backup/.system_generated/steps/315/output.txt
 create mode 100644 .gemini_brain_backup/.system_generated/steps/317/output.txt
 create mode 100644 .gemini_brain_backup/.system_generated/steps/319/output.txt
 create mode 100644 .gemini_brain_backup/.system_generated/steps/32/output.txt
 create mode 100644 .gemini_brain_backup/.system_generated/steps/324/output.txt
 create mode 100644 .gemini_brain_backup/.system_generated/steps/326/output.txt
 create mode 100644 .gemini_brain_backup/.system_generated/steps/329/output.txt
 create mode 100644 .gemini_brain_backup/.system_generated/steps/331/output.txt
 create mode 100644 .gemini_brain_backup/.system_generated/steps/333/output.txt
 create mode 100644 .gemini_brain_backup/.system_generated/steps/339/output.txt
 create mode 100644 .gemini_brain_backup/.system_generated/steps/34/output.txt
 create mode 100644 .gemini_brain_backup/.system_generated/steps/341/output.txt
 create mode 100644 .gemini_brain_backup/.system_generated/steps/345/output.txt
 create mode 100644 .gemini_brain_backup/.system_generated/steps/347/output.txt
 create mode 100644 .gemini_brain_backup/.system_generated/steps/349/output.txt
 create mode 100644 .gemini_brain_backup/.system_generated/steps/353/output.txt
 create mode 100644 .gemini_brain_backup/.system_generated/steps/355/output.txt
 create mode 100644 .gemini_brain_backup/.system_generated/steps/357/output.txt
 create mode 100644 .gemini_brain_backup/.system_generated/steps/363/output.txt
 create mode 100644 .gemini_brain_backup/.system_generated/steps/367/output.txt
 create mode 100644 .gemini_brain_backup/.system_generated/steps/369/output.txt
 create mode 100644 .gemini_brain_backup/.system_generated/steps/372/output.txt
 create mode 100644 .gemini_brain_backup/.system_generated/steps/376/output.txt
 create mode 100644 .gemini_brain_backup/.system_generated/steps/382/output.txt
 create mode 100644 .gemini_brain_backup/.system_generated/steps/389/output.txt
 create mode 100644 .gemini_brain_backup/.system_generated/steps/391/output.txt
 create mode 100644 .gemini_brain_backup/.system_generated/steps/397/output.txt
 create mode 100644 .gemini_brain_backup/.system_generated/steps/399/output.txt
 create mode 100644 .gemini_brain_backup/.system_generated/steps/4/output.txt
 create mode 100644 .gemini_brain_backup/.system_generated/steps/40/output.txt
 create mode 100644 .gemini_brain_backup/.system_generated/steps/403/output.txt
 create mode 100644 .gemini_brain_backup/.system_generated/steps/407/output.txt
 create mode 100644 .gemini_brain_backup/.system_generated/steps/409/output.txt
 create mode 100644 .gemini_brain_backup/.system_generated/steps/413/output.txt
 create mode 100644 .gemini_brain_backup/.system_generated/steps/415/output.txt
 create mode 100644 .gemini_brain_backup/.system_generated/steps/419/output.txt
 create mode 100644 .gemini_brain_backup/.system_generated/steps/423/output.txt
 create mode 100644 .gemini_brain_backup/.system_generated/steps/427/output.txt
 create mode 100644 .gemini_brain_backup/.system_generated/steps/429/output.txt
 create mode 100644 .gemini_brain_backup/.system_generated/steps/431/output.txt
 create mode 100644 .gemini_brain_backup/.system_generated/steps/433/output.txt
 create mode 100644 .gemini_brain_backup/.system_generated/steps/435/output.txt
 create mode 100644 .gemini_brain_backup/.system_generated/steps/437/output.txt
 create mode 100644 .gemini_brain_backup/.system_generated/steps/443/output.txt
 create mode 100644 .gemini_brain_backup/.system_generated/steps/449/output.txt
 create mode 100644 .gemini_brain_backup/.system_generated/steps/451/output.txt
 create mode 100644 .gemini_brain_backup/.system_generated/steps/460/output.txt
 create mode 100644 .gemini_brain_backup/.system_generated/steps/462/output.txt
 create mode 100644 .gemini_brain_backup/.system_generated/steps/464/output.txt
 create mode 100644 .gemini_brain_backup/.system_generated/steps/466/output.txt
 create mode 100644 .gemini_brain_backup/.system_generated/steps/468/output.txt
 create mode 100644 .gemini_brain_backup/.system_generated/steps/47/output.txt
 create mode 100644 .gemini_brain_backup/.system_generated/steps/472/output.txt
 create mode 100644 .gemini_brain_backup/.system_generated/steps/474/output.txt
 create mode 100644 .gemini_brain_backup/.system_generated/steps/476/output.txt
 create mode 100644 .gemini_brain_backup/.system_generated/steps/484/output.txt
 create mode 100644 .gemini_brain_backup/.system_generated/steps/486/output.txt
 create mode 100644 .gemini_brain_backup/.system_generated/steps/488/output.txt
 create mode 100644 .gemini_brain_backup/.system_generated/steps/49/output.txt
 create mode 100644 .gemini_brain_backup/.system_generated/steps/490/output.txt
 create mode 100644 .gemini_brain_backup/.system_generated/steps/492/output.txt
 create mode 100644 .gemini_brain_backup/.system_generated/steps/494/output.txt
 create mode 100644 .gemini_brain_backup/.system_generated/steps/496/output.txt
 create mode 100644 .gemini_brain_backup/.system_generated/steps/498/output.txt
 create mode 100644 .gemini_brain_backup/.system_generated/steps/504/output.txt
 create mode 100644 .gemini_brain_backup/.system_generated/steps/506/output.txt
 create mode 100644 .gemini_brain_backup/.system_generated/steps/508/output.txt
 create mode 100644 .gemini_brain_backup/.system_generated/steps/510/output.txt
 create mode 100644 .gemini_brain_backup/.system_generated/steps/512/output.txt
 create mode 100644 .gemini_brain_backup/.system_generated/steps/521/output.txt
 create mode 100644 .gemini_brain_backup/.system_generated/steps/523/output.txt
 create mode 100644 .gemini_brain_backup/.system_generated/steps/525/output.txt
 create mode 100644 .gemini_brain_backup/.system_generated/steps/527/output.txt
 create mode 100644 .gemini_brain_backup/.system_generated/steps/529/output.txt
 create mode 100644 .gemini_brain_backup/.system_generated/steps/53/output.txt
 create mode 100644 .gemini_brain_backup/.system_generated/steps/535/output.txt
 create mode 100644 .gemini_brain_backup/.system_generated/steps/537/output.txt
 create mode 100644 .gemini_brain_backup/.system_generated/steps/539/output.txt
 create mode 100644 .gemini_brain_backup/.system_generated/steps/541/output.txt
 create mode 100644 .gemini_brain_backup/.system_generated/steps/543/output.txt
 create mode 100644 .gemini_brain_backup/.system_generated/steps/545/output.txt
 create mode 100644 .gemini_brain_backup/.system_generated/steps/547/output.txt
 create mode 100644 .gemini_brain_backup/.system_generated/steps/55/output.txt
 create mode 100644 .gemini_brain_backup/.system_generated/steps/551/output.txt
 create mode 100644 .gemini_brain_backup/.system_generated/steps/553/output.txt
 create mode 100644 .gemini_brain_backup/.system_generated/steps/555/output.txt
 create mode 100644 .gemini_brain_backup/.system_generated/steps/557/output.txt
 create mode 100644 .gemini_brain_backup/.system_generated/steps/559/output.txt
 create mode 100644 .gemini_brain_backup/.system_generated/steps/565/output.txt
 create mode 100644 .gemini_brain_backup/.system_generated/steps/567/output.txt
 create mode 100644 .gemini_brain_backup/.system_generated/steps/569/output.txt
 create mode 100644 .gemini_brain_backup/.system_generated/steps/57/output.txt
 create mode 100644 .gemini_brain_backup/.system_generated/steps/571/output.txt
 create mode 100644 .gemini_brain_backup/.system_generated/steps/573/output.txt
 create mode 100644 .gemini_brain_backup/.system_generated/steps/575/output.txt
 create mode 100644 .gemini_brain_backup/.system_generated/steps/579/output.txt
 create mode 100644 .gemini_brain_backup/.system_generated/steps/581/output.txt
 create mode 100644 .gemini_brain_backup/.system_generated/steps/59/output.txt
 create mode 100644 .gemini_brain_backup/.system_generated/steps/591/output.txt
 create mode 100644 .gemini_brain_backup/.system_generated/steps/595/output.txt
 create mode 100644 .gemini_brain_backup/.system_generated/steps/597/output.txt
 create mode 100644 .gemini_brain_backup/.system_generated/steps/599/output.txt
 create mode 100644 .gemini_brain_backup/.system_generated/steps/6/output.txt
 create mode 100644 .gemini_brain_backup/.system_generated/steps/601/output.txt
 create mode 100644 .gemini_brain_backup/.system_generated/steps/603/output.txt
 create mode 100644 .gemini_brain_backup/.system_generated/steps/608/output.txt
 create mode 100644 .gemini_brain_backup/.system_generated/steps/61/output.txt
 create mode 100644 .gemini_brain_backup/.system_generated/steps/614/output.txt
 create mode 100644 .gemini_brain_backup/.system_generated/steps/616/output.txt
 create mode 100644 .gemini_brain_backup/.system_generated/steps/620/output.txt
 create mode 100644 .gemini_brain_backup/.system_generated/steps/625/output.txt
 create mode 100644 .gemini_brain_backup/.system_generated/steps/627/output.txt
 create mode 100644 .gemini_brain_backup/.system_generated/steps/63/output.txt
 create mode 100644 .gemini_brain_backup/.system_generated/steps/631/output.txt
 create mode 100644 .gemini_brain_backup/.system_generated/steps/635/output.txt
 create mode 100644 .gemini_brain_backup/.system_generated/steps/637/output.txt
 create mode 100644 .gemini_brain_backup/.system_generated/steps/641/output.txt
 create mode 100644 .gemini_brain_backup/.system_generated/steps/645/output.txt
 create mode 100644 .gemini_brain_backup/.system_generated/steps/647/output.txt
 create mode 100644 .gemini_brain_backup/.system_generated/steps/65/output.txt
 create mode 100644 .gemini_brain_backup/.system_generated/steps/653/output.txt
 create mode 100644 .gemini_brain_backup/.system_generated/steps/655/output.txt
 create mode 100644 .gemini_brain_backup/.system_generated/steps/664/output.txt
 create mode 100644 .gemini_brain_backup/.system_generated/steps/666/output.txt
 create mode 100644 .gemini_brain_backup/.system_generated/steps/668/output.txt
 create mode 100644 .gemini_brain_backup/.system_generated/steps/670/output.txt
 create mode 100644 .gemini_brain_backup/.system_generated/steps/674/output.txt
 create mode 100644 .gemini_brain_backup/.system_generated/steps/679/output.txt
 create mode 100644 .gemini_brain_backup/.system_generated/steps/685/output.txt
 create mode 100644 .gemini_brain_backup/.system_generated/steps/693/output.txt
 create mode 100644 .gemini_brain_backup/.system_generated/steps/70/output.txt
 create mode 100644 .gemini_brain_backup/.system_generated/steps/701/output.txt
 create mode 100644 .gemini_brain_backup/.system_generated/steps/707/output.txt
 create mode 100644 .gemini_brain_backup/.system_generated/steps/717/output.txt
 create mode 100644 .gemini_brain_backup/.system_generated/steps/719/output.txt
 create mode 100644 .gemini_brain_backup/.system_generated/steps/72/output.txt
 create mode 100644 .gemini_brain_backup/.system_generated/steps/721/output.txt
 create mode 100644 .gemini_brain_backup/.system_generated/steps/723/output.txt
 create mode 100644 .gemini_brain_backup/.system_generated/steps/725/output.txt
 create mode 100644 .gemini_brain_backup/.system_generated/steps/727/output.txt
 create mode 100644 .gemini_brain_backup/.system_generated/steps/729/output.txt
 create mode 100644 .gemini_brain_backup/.system_generated/steps/731/output.txt
 create mode 100644 .gemini_brain_backup/.system_generated/steps/733/output.txt
 create mode 100644 .gemini_brain_backup/.system_generated/steps/735/output.txt
 create mode 100644 .gemini_brain_backup/.system_generated/steps/737/output.txt
 create mode 100644 .gemini_brain_backup/.system_generated/steps/739/output.txt
 create mode 100644 .gemini_brain_backup/.system_generated/steps/74/output.txt
 create mode 100644 .gemini_brain_backup/.system_generated/steps/741/output.txt
 create mode 100644 .gemini_brain_backup/.system_generated/steps/743/output.txt
 create mode 100644 .gemini_brain_backup/.system_generated/steps/755/output.txt
 create mode 100644 .gemini_brain_backup/.system_generated/steps/759/output.txt
 create mode 100644 .gemini_brain_backup/.system_generated/steps/76/output.txt
 create mode 100644 .gemini_brain_backup/.system_generated/steps/761/output.txt
 create mode 100644 .gemini_brain_backup/.system_generated/steps/767/output.txt
 create mode 100644 .gemini_brain_backup/.system_generated/steps/769/output.txt
 create mode 100644 .gemini_brain_backup/.system_generated/steps/78/output.txt
 create mode 100644 .gemini_brain_backup/.system_generated/steps/783/output.txt
 create mode 100644 .gemini_brain_backup/.system_generated/steps/785/output.txt
 create mode 100644 .gemini_brain_backup/.system_generated/steps/789/output.txt
 create mode 100644 .gemini_brain_backup/.system_generated/steps/791/output.txt
 create mode 100644 .gemini_brain_backup/.system_generated/steps/8/output.txt
 create mode 100644 .gemini_brain_backup/.system_generated/steps/80/output.txt
 create mode 100644 .gemini_brain_backup/.system_generated/steps/801/output.txt
 create mode 100644 .gemini_brain_backup/.system_generated/steps/803/output.txt
 create mode 100644 .gemini_brain_backup/.system_generated/steps/807/output.txt
 create mode 100644 .gemini_brain_backup/.system_generated/steps/82/output.txt
 create mode 100644 .gemini_brain_backup/.system_generated/steps/823/output.txt
 create mode 100644 .gemini_brain_backup/.system_generated/steps/825/output.txt
 create mode 100644 .gemini_brain_backup/.system_generated/steps/829/output.txt
 create mode 100644 .gemini_brain_backup/.system_generated/steps/831/output.txt
 create mode 100644 .gemini_brain_backup/.system_generated/steps/847/output.txt
 create mode 100644 .gemini_brain_backup/.system_generated/steps/849/output.txt
 create mode 100644 .gemini_brain_backup/.system_generated/steps/85/output.txt
 create mode 100644 .gemini_brain_backup/.system_generated/steps/853/output.txt
 create mode 100644 .gemini_brain_backup/.system_generated/steps/857/output.txt
 create mode 100644 .gemini_brain_backup/.system_generated/steps/859/output.txt
 create mode 100644 .gemini_brain_backup/.system_generated/steps/861/output.txt
 create mode 100644 .gemini_brain_backup/.system_generated/steps/863/output.txt
 create mode 100644 .gemini_brain_backup/.system_generated/steps/865/output.txt
 create mode 100644 .gemini_brain_backup/.system_generated/steps/867/output.txt
 create mode 100644 .gemini_brain_backup/.system_generated/steps/87/output.txt
 create mode 100644 .gemini_brain_backup/.system_generated/steps/872/output.txt
 create mode 100644 .gemini_brain_backup/.system_generated/steps/876/output.txt
 create mode 100644 .gemini_brain_backup/.system_generated/steps/880/output.txt
 create mode 100644 .gemini_brain_backup/.system_generated/steps/886/output.txt
 create mode 100644 .gemini_brain_backup/.system_generated/steps/888/output.txt
 create mode 100644 .gemini_brain_backup/.system_generated/steps/89/output.txt
 create mode 100644 .gemini_brain_backup/.system_generated/steps/890/output.txt
 create mode 100644 .gemini_brain_backup/.system_generated/steps/892/output.txt
 create mode 100644 .gemini_brain_backup/.system_generated/steps/894/output.txt
 create mode 100644 .gemini_brain_backup/.system_generated/steps/897/output.txt
 create mode 100644 .gemini_brain_backup/.system_generated/steps/899/output.txt
 create mode 100644 .gemini_brain_backup/.system_generated/steps/904/output.txt
 create mode 100644 .gemini_brain_backup/.system_generated/steps/906/output.txt
 create mode 100644 .gemini_brain_backup/.system_generated/steps/908/output.txt
 create mode 100644 .gemini_brain_backup/.system_generated/steps/91/output.txt
 create mode 100644 .gemini_brain_backup/.system_generated/steps/910/output.txt
 create mode 100644 .gemini_brain_backup/.system_generated/steps/913/output.txt
 create mode 100644 .gemini_brain_backup/.system_generated/steps/915/output.txt
 create mode 100644 .gemini_brain_backup/.system_generated/steps/917/output.txt
 create mode 100644 .gemini_brain_backup/.system_generated/steps/919/output.txt
 create mode 100644 .gemini_brain_backup/.system_generated/steps/921/output.txt
 create mode 100644 .gemini_brain_backup/.system_generated/steps/93/output.txt
 create mode 100644 .gemini_brain_backup/.system_generated/steps/931/output.txt
 create mode 100644 .gemini_brain_backup/.system_generated/steps/936/output.txt
 create mode 100644 .gemini_brain_backup/.system_generated/steps/938/output.txt
 create mode 100644 .gemini_brain_backup/.system_generated/steps/942/output.txt
 create mode 100644 .gemini_brain_backup/.system_generated/steps/944/output.txt
 create mode 100644 .gemini_brain_backup/.system_generated/steps/946/output.txt
 create mode 100644 .gemini_brain_backup/.system_generated/steps/96/output.txt
 create mode 100644 .gemini_brain_backup/.system_generated/steps/98/output.txt
 create mode 100644 .gemini_brain_backup/.system_generated/tasks/task-159.log
 create mode 100644 .gemini_brain_backup/.system_generated/tasks/task-174.log
 create mode 100644 .gemini_brain_backup/.system_generated/tasks/task-178.log
 create mode 100644 .gemini_brain_backup/.system_generated/tasks/task-185.log
 create mode 100644 .gemini_brain_backup/.system_generated/tasks/task-205.log
 create mode 100644 .gemini_brain_backup/.system_generated/tasks/task-226.log
 create mode 100644 .gemini_brain_backup/.system_generated/tasks/task-248.log
 create mode 100644 .gemini_brain_backup/.system_generated/tasks/task-271.log
 create mode 100644 .gemini_brain_backup/.system_generated/tasks/task-296.log
 create mode 100644 .gemini_brain_backup/.system_generated/tasks/task-319.log
 create mode 100644 .gemini_brain_backup/.system_generated/tasks/task-347.log
 create mode 100644 .gemini_brain_backup/.system_generated/tasks/task-372.log
 create mode 100644 .gemini_brain_backup/.system_generated/tasks/task-606.log
 create mode 100644 .gemini_brain_backup/.system_generated/tasks/task-63.log
 create mode 100644 .gemini_brain_backup/.system_generated/tasks/task-65.log
 create mode 100644 .gemini_brain_backup/.system_generated/tasks/task-653.log
 create mode 100644 .gemini_brain_backup/.system_generated/tasks/task-681.log
 create mode 100644 .gemini_brain_backup/.system_generated/tasks/task-693.log
 create mode 100644 .gemini_brain_backup/.system_generated/tasks/task-74.log
 create mode 100644 .gemini_brain_backup/.system_generated/tasks/task-76.log
 create mode 100644 .gemini_brain_backup/.system_generated/tasks/task-85.log
 create mode 100644 .gemini_brain_backup/.system_generated/tasks/task-859.log
 create mode 100644 .gemini_brain_backup/.system_generated/tasks/task-890.log
 create mode 100644 .gemini_brain_backup/.system_generated/tasks/task-897.log
 create mode 100644 .gemini_brain_backup/.system_generated/tasks/task-908.log
 create mode 100644 .gemini_brain_backup/.system_generated/tasks/task-919.log
 create mode 100644 .gemini_brain_backup/.user_uploaded/media_1789831851459.png
 create mode 100644 .gemini_brain_backup/.user_uploaded/media_1789917998341.png
 create mode 100644 .gemini_brain_backup/.user_uploaded/media_1789918138848.png
 create mode 100644 .gemini_brain_backup/.user_uploaded/media_1789918337737.png
 create mode 100644 .gemini_brain_backup/.user_uploaded/media_1789918457761.png
 create mode 100644 .gemini_brain_backup/.user_uploaded/media_1789918657574.png
 create mode 100644 .gemini_brain_backup/.user_uploaded/media_1789919437392.png
 create mode 100644 .gemini_brain_backup/.user_uploaded/media_1789919706970.png
 create mode 100644 .gemini_brain_backup/.user_uploaded/media_1789922308319.png
 create mode 100644 .gemini_brain_backup/.user_uploaded/media_1789922328027.png
 create mode 100644 .gemini_brain_backup/.user_uploaded/media_1789922592337.png
 create mode 100644 .gemini_brain_backup/.user_uploaded/media_1789922811591.png
 create mode 100644 .gemini_brain_backup/.user_uploaded/media_1789923712530.png
 create mode 100644 .gemini_brain_backup/.user_uploaded/media_1789924403607.png
 create mode 100644 .gemini_brain_backup/.user_uploaded/media_1789924718659.png
 create mode 100644 .gemini_brain_backup/.user_uploaded/media_1789925134695.png
 create mode 100644 .gemini_brain_backup/.user_uploaded/media_1789925267871.png
 create mode 100644 .gemini_brain_backup/.user_uploaded/media_1789925532730.png
 create mode 100644 .gemini_brain_backup/.user_uploaded/media_1789926249368.png
 create mode 100644 .gemini_brain_backup/.user_uploaded/media_1789926268149.png
 create mode 100644 .gemini_brain_backup/.user_uploaded/media_1789926836050.png
 create mode 100644 .gemini_brain_backup/.user_uploaded/media_1789998514932.jpg
 create mode 100644 .gemini_brain_backup/.user_uploaded/media_1789999329025.png
 create mode 100644 .gemini_brain_backup/.user_uploaded/media_1789999333535.png
 create mode 100644 .gemini_brain_backup/.user_uploaded/media_1789999825909.png
 create mode 100644 .gemini_brain_backup/.user_uploaded/media_1790002220582.png
 create mode 100644 .gemini_brain_backup/.user_uploaded/media_1790002589687.png
 create mode 100644 .gemini_brain_backup/.user_uploaded/media_1790003732721.png
 create mode 100644 .gemini_brain_backup/.user_uploaded/media_1790004307305.png
 create mode 100644 .gemini_brain_backup/de_xuat_web_kts.md
 create mode 100644 .gemini_brain_backup/de_xuat_web_kts.md.metadata.json
 create mode 100644 .gemini_brain_backup/implementation_plan.md
 create mode 100644 .gemini_brain_backup/implementation_plan.md.metadata.json
 create mode 100644 .gemini_brain_backup/scratch/doc5.txt
 create mode 100644 .gemini_brain_backup/scratch/doc6.txt
 create mode 100644 .gemini_brain_backup/scratch/doc_output.txt
 create mode 100644 .gemini_brain_backup/scratch/extract_files.py
 create mode 100644 .gemini_brain_backup/scratch/output.txt
 create mode 100644 .gemini_brain_backup/task.md
 create mode 100644 .gemini_brain_backup/task.md.metadata.json
 create mode 100644 .gemini_brain_backup/tong_hop_noi_dung.md
 create mode 100644 .gemini_brain_backup/tong_hop_noi_dung.md.metadata.json
 create mode 100644 remove_ma.js
