You can invoke the tool using the following command: dotnet-ef
Tool 'dotnet-ef' (version '7.0.16') was successfully installed.
Build started...
Build succeeded.
Done. To undo this action, use 'ef migrations remove'
Build started...
Build succeeded.
info: Microsoft.EntityFrameworkCore.Database.Command[20101]
      Executed DbCommand (144ms) [Parameters=[], CommandType='Text', CommandTimeout='60']
      CREATE DATABASE [KtsVinhLongDb];
info: Microsoft.EntityFrameworkCore.Database.Command[20101]
      Executed DbCommand (29ms) [Parameters=[], CommandType='Text', CommandTimeout='60']
      IF SERVERPROPERTY('EngineEdition') <> 5
      BEGIN
          ALTER DATABASE [KtsVinhLongDb] SET READ_COMMITTED_SNAPSHOT ON;
      END;
info: Microsoft.EntityFrameworkCore.Database.Command[20101]
      Executed DbCommand (5ms) [Parameters=[], CommandType='Text', CommandTimeout='30']
      SELECT 1
info: Microsoft.EntityFrameworkCore.Database.Command[20101]
      Executed DbCommand (4ms) [Parameters=[], CommandType='Text', CommandTimeout='30']
      CREATE TABLE [__EFMigrationsHistory] (
          [MigrationId] nvarchar(150) NOT NULL,
          [ProductVersion] nvarchar(32) NOT NULL,
          CONSTRAINT [PK___EFMigrationsHistory] PRIMARY KEY ([MigrationId])
      );
info: Microsoft.EntityFrameworkCore.Database.Command[20101]
      Executed DbCommand (0ms) [Parameters=[], CommandType='Text', CommandTimeout='30']
      SELECT 1
info: Microsoft.EntityFrameworkCore.Database.Command[20101]
      Executed DbCommand (10ms) [Parameters=[], CommandType='Text', CommandTimeout='30']
      SELECT OBJECT_ID(N'[__EFMigrationsHistory]');
info: Microsoft.EntityFrameworkCore.Database.Command[20101]
      Executed DbCommand (7ms) [Parameters=[], CommandType='Text', CommandTimeout='30']
      SELECT [MigrationId], [ProductVersion]
      FROM [__EFMigrationsHistory]
      ORDER BY [MigrationId];
info: Microsoft.EntityFrameworkCore.Migrations[20402]
      Applying migration '20260920151455_InitialCreate'.
Applying migration '20260920151455_InitialCreate'.
info: Microsoft.EntityFrameworkCore.Database.Command[20101]
      Executed DbCommand (1ms) [Parameters=[], CommandType='Text', CommandTimeout='30']
      CREATE TABLE [DonVis] (
          [Id] nvarchar(50) NOT NULL,
          [Ten] nvarchar(200) NOT NULL,
          [Loai] nvarchar(50) NOT NULL,
          [ParentId] nvarchar(50) NULL,
          CONSTRAINT [PK_DonVis] PRIMARY KEY ([Id]),
          CONSTRAINT [FK_DonVis_DonVis_ParentId] FOREIGN KEY ([ParentId]) REFERENCES [DonVis] ([Id]) ON DELETE NO ACTION
      );
info: Microsoft.EntityFrameworkCore.Database.Command[20101]
      Executed DbCommand (1ms) [Parameters=[], CommandType='Text', CommandTimeout='30']
      CREATE TABLE [KhungKts] (
          [Id] nvarchar(50) NOT NULL,
          [TenKhung] nvarchar(200) NOT NULL,
          [PhienBan] nvarchar(50) NOT NULL,
          [NgayBanHanh] datetime2 NULL,
          [GiaiDoanApDung] nvarchar(100) NULL,
          [DaiDienPhuTrach] nvarchar(200) NULL,
          [BoiCanh] nvarchar(max) NULL,
          [MucTieu] nvarchar(max) NULL,
          [NguyenTac] nvarchar(max) NULL,
          [TrangThai] nvarchar(50) NOT NULL,
          [CreatedAt] datetime2 NOT NULL,
          [UpdatedAt] datetime2 NOT NULL,
          CONSTRAINT [PK_KhungKts] PRIMARY KEY ([Id])
      );
info: Microsoft.EntityFrameworkCore.Database.Command[20101]
      Executed DbCommand (2ms) [Parameters=[], CommandType='Text', CommandTimeout='30']
      CREATE TABLE [HeThongSos] (
          [Id] nvarchar(50) NOT NULL,
          [Ma] nvarchar(50) NOT NULL,
          [Ten] nvarchar(500) NOT NULL,
          [Loai] nvarchar(50) NOT NULL,
          [Lop] int NOT NULL,
          [MoTa] nvarchar(max) NULL,
          [ChuQuan] nvarchar(200) NULL,
          [TrangThai] nvarchar(50) NOT NULL,
          [NamTrienKhai] int NULL,
          [DonViId] nvarchar(50) NULL,
          CONSTRAINT [PK_HeThongSos] PRIMARY KEY ([Id]),
          CONSTRAINT [FK_HeThongSos_DonVis_DonViId] FOREIGN KEY ([DonViId]) REFERENCES [DonVis] ([Id])
      );
info: Microsoft.EntityFrameworkCore.Database.Command[20101]
      Executed DbCommand (1ms) [Parameters=[], CommandType='Text', CommandTimeout='30']
      CREATE TABLE [NhiemVus] (
          [Id] nvarchar(50) NOT NULL,
          [Ma] nvarchar(50) NOT NULL,
          [Ten] nvarchar(500) NOT NULL,
          [MoTa] nvarchar(max) NULL,
          [Lop] int NOT NULL,
          [UuTien] nvarchar(50) NULL,
          [GiaiDoan] nvarchar(50) NULL,
          [ThoiHan] datetime2 NULL,
          [TrangThai] nvarchar(50) NOT NULL,
          [TienDo] int NOT NULL,
          [PhuongAnXuLy] nvarchar(50) NULL,
          [Kpi] nvarchar(max) NULL,
          [GhiChu] nvarchar(max) NULL,
          [DonViChuTriId] nvarchar(50) NULL,
          CONSTRAINT [PK_NhiemVus] PRIMARY KEY ([Id]),
          CONSTRAINT [FK_NhiemVus_DonVis_DonViChuTriId] FOREIGN KEY ([DonViChuTriId]) REFERENCES [DonVis] ([Id])
      );
info: Microsoft.EntityFrameworkCore.Database.Command[20101]
      Executed DbCommand (1ms) [Parameters=[], CommandType='Text', CommandTimeout='30']
      CREATE TABLE [Users] (
          [Id] nvarchar(50) NOT NULL,
          [Name] nvarchar(100) NOT NULL,
          [Email] nvarchar(100) NOT NULL,
          [PasswordHash] nvarchar(200) NOT NULL,
          [Role] nvarchar(50) NOT NULL,
          [DonViId] nvarchar(50) NULL,
          CONSTRAINT [PK_Users] PRIMARY KEY ([Id]),
          CONSTRAINT [FK_Users_DonVis_DonViId] FOREIGN KEY ([DonViId]) REFERENCES [DonVis] ([Id])
      );
info: Microsoft.EntityFrameworkCore.Database.Command[20101]
      Executed DbCommand (1ms) [Parameters=[], CommandType='Text', CommandTimeout='30']
      CREATE INDEX [IX_DonVis_ParentId] ON [DonVis] ([ParentId]);
info: Microsoft.EntityFrameworkCore.Database.Command[20101]
      Executed DbCommand (1ms) [Parameters=[], CommandType='Text', CommandTimeout='30']
      CREATE INDEX [IX_HeThongSos_DonViId] ON [HeThongSos] ([DonViId]);
info: Microsoft.EntityFrameworkCore.Database.Command[20101]
      Executed DbCommand (1ms) [Parameters=[], CommandType='Text', CommandTimeout='30']
      CREATE INDEX [IX_NhiemVus_DonViChuTriId] ON [NhiemVus] ([DonViChuTriId]);
info: Microsoft.EntityFrameworkCore.Database.Command[20101]
      Executed DbCommand (1ms) [Parameters=[], CommandType='Text', CommandTimeout='30']
      CREATE INDEX [IX_Users_DonViId] ON [Users] ([DonViId]);
info: Microsoft.EntityFrameworkCore.Database.Command[20101]
      Executed DbCommand (1ms) [Parameters=[], CommandType='Text', CommandTimeout='30']
      CREATE UNIQUE INDEX [IX_Users_Email] ON [Users] ([Email]);
info: Microsoft.EntityFrameworkCore.Database.Command[20101]
      Executed DbCommand (2ms) [Parameters=[], CommandType='Text', CommandTimeout='30']
      INSERT INTO [__EFMigrationsHistory] ([MigrationId], [ProductVersion])
      VALUES (N'20260920151455_InitialCreate', N'7.0.16');
Done.
