
> kts-vinhlong@0.1.0 dev
> next dev

▲ Next.js 16.3.5 (Turbopack)
- Local:         http://localhost:3000
- Network:       http://100.124.11.94:3000
- Environments: .env
✓ Ready in 4.0s
✓ Running next.config.ts took 227ms

Warning: [antd: Statistic] `valueStyle` is deprecated. Please use `styles.content` instead.
 GET / 200 in 822ms (next.js: 443ms, application-code: 379ms)
[browser] Warning: [antd: Statistic] `valueStyle` is deprecated. Please use `styles.content` instead. 
    at Array.forEach (<anonymous>) (<anonymous>)
⨯ TypeError: (0 , _react.createContext) is not a function
    at module evaluation (src\app\(portal)\kts\tong-quan\page.tsx:3:1)
    at module evaluation (C:\Delta Force\kts-vinhlong\.next\dev\server\chunks\ssr\[root-of-the-server]__0uzj82m._.js:372:47)
  1 | import { prisma } from "@/lib/prisma";
  2 | import { Card, Tag, Descriptions } from "antd";
> 3 | import {
    | ^
  4 |   AimOutlined,
  5 |   InfoCircleOutlined,
  6 |   CheckCircleOutlined,
⨯ TypeError: (0 , _react.createContext) is not a function
    at module evaluation (src\app\(portal)\kts\tong-quan\page.tsx:3:1)
    at module evaluation (C:\Delta Force\kts-vinhlong\.next\dev\server\chunks\ssr\[root-of-the-server]__0uzj82m._.js:372:47)
  1 | import { prisma } from "@/lib/prisma";
  2 | import { Card, Tag, Descriptions } from "antd";
> 3 | import {
    | ^
  4 |   AimOutlined,
  5 |   InfoCircleOutlined,
  6 |   CheckCircleOutlined, {
  page: '/kts/tong-quan'
}
 GET /kts/tong-quan 307 in 1341ms (next.js: 112ms, application-code: 1229ms)
 GET /kts/tong-quan 307 in 5ms
⨯ TypeError: (0 , _react.createContext) is not a function
    at module evaluation (src\app\(portal)\kts\tong-quan\page.tsx:3:1)
    at module evaluation (C:\Delta Force\kts-vinhlong\.next\dev\server\chunks\ssr\[root-of-the-server]__0uzj82m._.js:372:47)
  1 | import { prisma } from "@/lib/prisma";
  2 | import { Card, Tag, Descriptions } from "antd";
> 3 | import {
    | ^
  4 |   AimOutlined,
  5 |   InfoCircleOutlined,
  6 |   CheckCircleOutlined, {
  page: '/kts/tong-quan'
}
⨯ TypeError: (0 , _react.createContext) is not a function
    at module evaluation (src\app\(portal)\kts\tong-quan\page.tsx:3:1)
    at module evaluation (C:\Delta Force\kts-vinhlong\.next\dev\server\chunks\ssr\[root-of-the-server]__0uzj82m._.js:372:47)
  1 | import { prisma } from "@/lib/prisma";
  2 | import { Card, Tag, Descriptions } from "antd";
> 3 | import {
    | ^
  4 |   AimOutlined,
  5 |   InfoCircleOutlined,
  6 |   CheckCircleOutlined, {
  page: '/kts/tong-quan'
}
 GET /kts/tong-quan 307 in 18ms (next.js: 4ms, application-code: 14ms)
 GET /kts/tong-quan 307 in 4ms
⨯ TypeError: (0 , _react.createContext) is not a function
    at module evaluation (src\app\(portal)\kts\tong-quan\page.tsx:3:1)
    at module evaluation (C:\Delta Force\kts-vinhlong\.next\dev\server\chunks\ssr\[root-of-the-server]__0uzj82m._.js:372:47)
  1 | import { prisma } from "@/lib/prisma";
  2 | import { Card, Tag, Descriptions } from "antd";
> 3 | import {
    | ^
  4 |   AimOutlined,
  5 |   InfoCircleOutlined,
  6 |   CheckCircleOutlined, {
  page: '/kts/tong-quan'
}
⨯ TypeError: (0 , _react.createContext) is not a function
    at module evaluation (src\app\(portal)\kts\tong-quan\page.tsx:3:1)
    at module evaluation (C:\Delta Force\kts-vinhlong\.next\dev\server\chunks\ssr\[root-of-the-server]__0uzj82m._.js:372:47)
  1 | import { prisma } from "@/lib/prisma";
  2 | import { Card, Tag, Descriptions } from "antd";
> 3 | import {
    | ^
  4 |   AimOutlined,
  5 |   InfoCircleOutlined,
  6 |   CheckCircleOutlined, {
  page: '/kts/tong-quan'
}
 GET /kts/tong-quan 307 in 19ms (next.js: 4ms, application-code: 15ms)
 GET /kts/tong-quan 307 in 6ms
⨯ TypeError: (0 , _react.createContext) is not a function
    at module evaluation (src\app\(portal)\kts\tong-quan\page.tsx:3:1)
    at module evaluation (C:\Delta Force\kts-vinhlong\.next\dev\server\chunks\ssr\[root-of-the-server]__0uzj82m._.js:372:47)
  1 | import { prisma } from "@/lib/prisma";
  2 | import { Card, Tag, Descriptions } from "antd";
> 3 | import {
    | ^
  4 |   AimOutlined,
  5 |   InfoCircleOutlined,
  6 |   CheckCircleOutlined, {
  page: '/kts/tong-quan'
}
⨯ TypeError: (0 , _react.createContext) is not a function
    at module evaluation (src\app\(portal)\kts\tong-quan\page.tsx:3:1)
    at module evaluation (C:\Delta Force\kts-vinhlong\.next\dev\server\chunks\ssr\[root-of-the-server]__0uzj82m._.js:372:47)
  1 | import { prisma } from "@/lib/prisma";
  2 | import { Card, Tag, Descriptions } from "antd";
> 3 | import {
    | ^
  4 |   AimOutlined,
  5 |   InfoCircleOutlined,
  6 |   CheckCircleOutlined, {
  page: '/kts/tong-quan'
}
 GET /kts/tong-quan 307 in 22ms (next.js: 6ms, application-code: 16ms)
 GET /kts/tong-quan 307 in 4ms
⨯ TypeError: (0 , _react.createContext) is not a function
    at module evaluation (src\app\(portal)\kts\tong-quan\page.tsx:3:1)
    at module evaluation (C:\Delta Force\kts-vinhlong\.next\dev\server\chunks\ssr\[root-of-the-server]__0uzj82m._.js:372:47)
  1 | import { prisma } from "@/lib/prisma";
  2 | import { Card, Tag, Descriptions } from "antd";
> 3 | import {
    | ^
  4 |   AimOutlined,
  5 |   InfoCircleOutlined,
  6 |   CheckCircleOutlined, {
  page: '/kts/tong-quan'
}
⨯ TypeError: (0 , _react.createContext) is not a function
    at module evaluation (src\app\(portal)\kts\tong-quan\page.tsx:3:1)
    at module evaluation (C:\Delta Force\kts-vinhlong\.next\dev\server\chunks\ssr\[root-of-the-server]__0uzj82m._.js:372:47)
  1 | import { prisma } from "@/lib/prisma";
  2 | import { Card, Tag, Descriptions } from "antd";
> 3 | import {
    | ^
  4 |   AimOutlined,
  5 |   InfoCircleOutlined,
  6 |   CheckCircleOutlined, {
  page: '/kts/tong-quan'
}
 GET /kts/tong-quan 307 in 22ms (next.js: 6ms, application-code: 15ms)
 GET /kts/tong-quan 307 in 5ms
⨯ TypeError: (0 , _react.createContext) is not a function
    at module evaluation (src\app\(portal)\kts\tong-quan\page.tsx:3:1)
    at module evaluation (C:\Delta Force\kts-vinhlong\.next\dev\server\chunks\ssr\[root-of-the-server]__0uzj82m._.js:372:47)
  1 | import { prisma } from "@/lib/prisma";
  2 | import { Card, Tag, Descriptions } from "antd";
> 3 | import {
    | ^
  4 |   AimOutlined,
  5 |   InfoCircleOutlined,
  6 |   CheckCircleOutlined, {
  page: '/kts/tong-quan'
}
⨯ TypeError: (0 , _react.createContext) is not a function
    at module evaluation (src\app\(portal)\kts\tong-quan\page.tsx:3:1)
    at module evaluation (C:\Delta Force\kts-vinhlong\.next\dev\server\chunks\ssr\[root-of-the-server]__0uzj82m._.js:372:47)
  1 | import { prisma } from "@/lib/prisma";
  2 | import { Card, Tag, Descriptions } from "antd";
> 3 | import {
    | ^
  4 |   AimOutlined,
  5 |   InfoCircleOutlined,
  6 |   CheckCircleOutlined, {
  page: '/kts/tong-quan'
}
 GET /kts/hien-trang 200 in 73ms (next.js: 22ms, application-code: 51ms)
 GET /kts/tong-quan 307 in 36ms (next.js: 10ms, application-code: 26ms)
 GET /kts/tong-quan 307 in 5ms
⨯ TypeError: (0 , _react.createContext) is not a function
    at module evaluation (src\app\(portal)\kts\tong-quan\page.tsx:3:1)
    at module evaluation (C:\Delta Force\kts-vinhlong\.next\dev\server\chunks\ssr\[root-of-the-server]__0uzj82m._.js:372:47)
  1 | import { prisma } from "@/lib/prisma";
  2 | import { Card, Tag, Descriptions } from "antd";
> 3 | import {
    | ^
  4 |   AimOutlined,
  5 |   InfoCircleOutlined,
  6 |   CheckCircleOutlined, {
  page: '/kts/tong-quan'
}
⨯ TypeError: (0 , _react.createContext) is not a function
    at module evaluation (src\app\(portal)\kts\tong-quan\page.tsx:3:1)
    at module evaluation (C:\Delta Force\kts-vinhlong\.next\dev\server\chunks\ssr\[root-of-the-server]__0uzj82m._.js:372:47)
  1 | import { prisma } from "@/lib/prisma";
  2 | import { Card, Tag, Descriptions } from "antd";
> 3 | import {
    | ^
  4 |   AimOutlined,
  5 |   InfoCircleOutlined,
  6 |   CheckCircleOutlined, {
  page: '/kts/tong-quan'
}
 GET /kts/tong-quan 307 in 20ms (next.js: 4ms, application-code: 16ms)
 GET /kts/tong-quan 307 in 6ms
⨯ TypeError: (0 , _react.createContext) is not a function
    at module evaluation (src\app\(portal)\kts\tong-quan\page.tsx:3:1)
    at module evaluation (C:\Delta Force\kts-vinhlong\.next\dev\server\chunks\ssr\[root-of-the-server]__0uzj82m._.js:372:47)
  1 | import { prisma } from "@/lib/prisma";
  2 | import { Card, Tag, Descriptions } from "antd";
> 3 | import {
    | ^
  4 |   AimOutlined,
  5 |   InfoCircleOutlined,
  6 |   CheckCircleOutlined, {
  page: '/kts/tong-quan'
}
⨯ TypeError: (0 , _react.createContext) is not a function
    at module evaluation (src\app\(portal)\kts\tong-quan\page.tsx:3:1)
    at module evaluation (C:\Delta Force\kts-vinhlong\.next\dev\server\chunks\ssr\[root-of-the-server]__0uzj82m._.js:372:47)
  1 | import { prisma } from "@/lib/prisma";
  2 | import { Card, Tag, Descriptions } from "antd";
> 3 | import {
    | ^
  4 |   AimOutlined,
  5 |   InfoCircleOutlined,
  6 |   CheckCircleOutlined, {
  page: '/kts/tong-quan'
}
 GET /kts/tong-quan 307 in 27ms (next.js: 6ms, application-code: 21ms)
[browser] Warning: [antd: Spin] `tip` is deprecated. Please use `description` instead. 
 GET /kts/tong-quan 307 in 10ms
⨯ TypeError: (0 , _react.createContext) is not a function
    at module evaluation (src\app\(portal)\kts\tong-quan\page.tsx:3:1)
    at module evaluation (C:\Delta Force\kts-vinhlong\.next\dev\server\chunks\ssr\[root-of-the-server]__0uzj82m._.js:372:47)
  1 | import { prisma } from "@/lib/prisma";
  2 | import { Card, Tag, Descriptions } from "antd";
> 3 | import {
    | ^
  4 |   AimOutlined,
  5 |   InfoCircleOutlined,
  6 |   CheckCircleOutlined, {
  page: '/kts/tong-quan'
}
⨯ TypeError: (0 , _react.createContext) is not a function
    at module evaluation (src\app\(portal)\kts\tong-quan\page.tsx:3:1)
    at module evaluation (C:\Delta Force\kts-vinhlong\.next\dev\server\chunks\ssr\[root-of-the-server]__0uzj82m._.js:372:47)
  1 | import { prisma } from "@/lib/prisma";
  2 | import { Card, Tag, Descriptions } from "antd";
> 3 | import {
    | ^
  4 |   AimOutlined,
  5 |   InfoCircleOutlined,
  6 |   CheckCircleOutlined, {
  page: '/kts/tong-quan'
}
prisma:query SELECT `main`.`HeThongSo`.`id`, `main`.`HeThongSo`.`ma`, `main`.`HeThongSo`.`ten`, `main`.`HeThongSo`.`loai`, `main`.`HeThongSo`.`lop`, `main`.`HeThongSo`.`moTa`, `main`.`HeThongSo`.`chuQuan`, `main`.`HeThongSo`.`trangThai`, `main`.`HeThongSo`.`namTrienKhai`, `main`.`HeThongSo`.`donViId`, `main`.`HeThongSo`.`createdAt`, `main`.`HeThongSo`.`updatedAt` FROM `main`.`HeThongSo` WHERE 1=1 ORDER BY `main`.`HeThongSo`.`lop` ASC, `main`.`HeThongSo`.`ma` ASC LIMIT ? OFFSET ?
prisma:query SELECT `main`.`DonVi`.`id`, `main`.`DonVi`.`ten`, `main`.`DonVi`.`loai`, `main`.`DonVi`.`parentId`, `main`.`DonVi`.`createdAt` FROM `main`.`DonVi` WHERE `main`.`DonVi`.`id` IN (?,?,?,?) LIMIT ? OFFSET ?
 GET /kts/tong-quan 307 in 23ms (next.js: 5ms, application-code: 18ms)
 GET /api/he-thong 200 in 203ms (next.js: 135ms, application-code: 68ms)
 GET /kts/tong-quan 307 in 6ms
prisma:query SELECT `main`.`HeThongSo`.`id`, `main`.`HeThongSo`.`ma`, `main`.`HeThongSo`.`ten`, `main`.`HeThongSo`.`loai`, `main`.`HeThongSo`.`lop`, `main`.`HeThongSo`.`moTa`, `main`.`HeThongSo`.`chuQuan`, `main`.`HeThongSo`.`trangThai`, `main`.`HeThongSo`.`namTrienKhai`, `main`.`HeThongSo`.`donViId`, `main`.`HeThongSo`.`createdAt`, `main`.`HeThongSo`.`updatedAt` FROM `main`.`HeThongSo` WHERE 1=1 ORDER BY `main`.`HeThongSo`.`lop` ASC, `main`.`HeThongSo`.`ma` ASC LIMIT ? OFFSET ?
prisma:query SELECT `main`.`DonVi`.`id`, `main`.`DonVi`.`ten`, `main`.`DonVi`.`loai`, `main`.`DonVi`.`parentId`, `main`.`DonVi`.`createdAt` FROM `main`.`DonVi` WHERE `main`.`DonVi`.`id` IN (?,?,?,?) LIMIT ? OFFSET ?
 GET /api/he-thong 200 in 26ms (next.js: 4ms, application-code: 23ms)
⨯ TypeError: (0 , _react.createContext) is not a function
    at module evaluation (src\app\(portal)\kts\tong-quan\page.tsx:3:1)
    at module evaluation (C:\Delta Force\kts-vinhlong\.next\dev\server\chunks\ssr\[root-of-the-server]__0uzj82m._.js:372:47)
  1 | import { prisma } from "@/lib/prisma";
  2 | import { Card, Tag, Descriptions } from "antd";
> 3 | import {
    | ^
  4 |   AimOutlined,
  5 |   InfoCircleOutlined,
  6 |   CheckCircleOutlined, {
  page: '/kts/tong-quan'
}
⨯ TypeError: (0 , _react.createContext) is not a function
    at module evaluation (src\app\(portal)\kts\tong-quan\page.tsx:3:1)
    at module evaluation (C:\Delta Force\kts-vinhlong\.next\dev\server\chunks\ssr\[root-of-the-server]__0uzj82m._.js:372:47)
  1 | import { prisma } from "@/lib/prisma";
  2 | import { Card, Tag, Descriptions } from "antd";
> 3 | import {
    | ^
  4 |   AimOutlined,
  5 |   InfoCircleOutlined,
  6 |   CheckCircleOutlined, {
  page: '/kts/tong-quan'
}
 GET /kts/tong-quan 307 in 21ms (next.js: 5ms, application-code: 16ms)
 GET /kts/tong-quan 307 in 4ms
⨯ TypeError: (0 , _react.createContext) is not a function
    at module evaluation (src\app\(portal)\kts\tong-quan\page.tsx:3:1)
    at module evaluation (C:\Delta Force\kts-vinhlong\.next\dev\server\chunks\ssr\[root-of-the-server]__0uzj82m._.js:372:47)
  1 | import { prisma } from "@/lib/prisma";
  2 | import { Card, Tag, Descriptions } from "antd";
> 3 | import {
    | ^
  4 |   AimOutlined,
  5 |   InfoCircleOutlined,
  6 |   CheckCircleOutlined, {
  page: '/kts/tong-quan'
}
⨯ TypeError: (0 , _react.createContext) is not a function
    at module evaluation (src\app\(portal)\kts\tong-quan\page.tsx:3:1)
    at module evaluation (C:\Delta Force\kts-vinhlong\.next\dev\server\chunks\ssr\[root-of-the-server]__0uzj82m._.js:372:47)
  1 | import { prisma } from "@/lib/prisma";
  2 | import { Card, Tag, Descriptions } from "antd";
> 3 | import {
    | ^
  4 |   AimOutlined,
  5 |   InfoCircleOutlined,
  6 |   CheckCircleOutlined, {
  page: '/kts/tong-quan'
}
 GET /kts/tong-quan 307 in 17ms (next.js: 4ms, application-code: 13ms)
[browser] Failed to fetch RSC payload for http://localhost:3000/kts/tong-quan. Falling back to browser navigation. TypeError: Failed to fetch
 GET /kts/lo-trinh 200 in 35ms (next.js: 20ms, application-code: 15ms)
prisma:query SELECT `main`.`NhiemVu`.`id`, `main`.`NhiemVu`.`ma`, `main`.`NhiemVu`.`ten`, `main`.`NhiemVu`.`moTa`, `main`.`NhiemVu`.`donViChuTriId`, `main`.`NhiemVu`.`uuTien`, `main`.`NhiemVu`.`thoiHan`, `main`.`NhiemVu`.`giaiDoan`, `main`.`NhiemVu`.`kpi`, `main`.`NhiemVu`.`nguonKiemChung`, `main`.`NhiemVu`.`trangThai`, `main`.`NhiemVu`.`tienDo`, `main`.`NhiemVu`.`lop`, `main`.`NhiemVu`.`phuongAnXuLy`, `main`.`NhiemVu`.`ghiChu`, `main`.`NhiemVu`.`createdAt`, `main`.`NhiemVu`.`updatedAt` FROM `main`.`NhiemVu` WHERE 1=1 ORDER BY `main`.`NhiemVu`.`uuTien` ASC, `main`.`NhiemVu`.`thoiHan` ASC LIMIT ? OFFSET ?
prisma:query SELECT `main`.`DonVi`.`id`, `main`.`DonVi`.`ten`, `main`.`DonVi`.`loai`, `main`.`DonVi`.`parentId`, `main`.`DonVi`.`createdAt` FROM `main`.`DonVi` WHERE `main`.`DonVi`.`id` IN (?,?) LIMIT ? OFFSET ?
 GET /api/nhiem-vu 200 in 32ms (next.js: 25ms, application-code: 7ms)
prisma:query SELECT `main`.`NhiemVu`.`id`, `main`.`NhiemVu`.`ma`, `main`.`NhiemVu`.`ten`, `main`.`NhiemVu`.`moTa`, `main`.`NhiemVu`.`donViChuTriId`, `main`.`NhiemVu`.`uuTien`, `main`.`NhiemVu`.`thoiHan`, `main`.`NhiemVu`.`giaiDoan`, `main`.`NhiemVu`.`kpi`, `main`.`NhiemVu`.`nguonKiemChung`, `main`.`NhiemVu`.`trangThai`, `main`.`NhiemVu`.`tienDo`, `main`.`NhiemVu`.`lop`, `main`.`NhiemVu`.`phuongAnXuLy`, `main`.`NhiemVu`.`ghiChu`, `main`.`NhiemVu`.`createdAt`, `main`.`NhiemVu`.`updatedAt` FROM `main`.`NhiemVu` WHERE 1=1 ORDER BY `main`.`NhiemVu`.`uuTien` ASC, `main`.`NhiemVu`.`thoiHan` ASC LIMIT ? OFFSET ?
prisma:query SELECT `main`.`DonVi`.`id`, `main`.`DonVi`.`ten`, `main`.`DonVi`.`loai`, `main`.`DonVi`.`parentId`, `main`.`DonVi`.`createdAt` FROM `main`.`DonVi` WHERE `main`.`DonVi`.`id` IN (?,?) LIMIT ? OFFSET ?
 GET /api/nhiem-vu 200 in 10ms (next.js: 3ms, application-code: 7ms)
 GET /kts/muc-tieu 200 in 39ms (next.js: 21ms, application-code: 18ms)
[browser] Warning: [antd: Card] `bodyStyle` is deprecated. Please use `styles.body` instead. 
    at Array.forEach (<anonymous>) (<anonymous>)
[browser] [React Flow]: It looks like you've created a new nodeTypes or edgeTypes object. If this wasn't on purpose please define the nodeTypes/edgeTypes outside of the component or memoize them. Help: https://reactflow.dev/error#002
[browser] [React Flow]: It looks like you've created a new nodeTypes or edgeTypes object. If this wasn't on purpose please define the nodeTypes/edgeTypes outside of the component or memoize them. Help: https://reactflow.dev/error#002
[browser] [React Flow]: Couldn't create edge for source handle id: "undefined", edge id: e-0. Help: https://reactflow.dev/error#008 (<anonymous>)
[browser] [React Flow]: Couldn't create edge for source handle id: "undefined", edge id: e-1. Help: https://reactflow.dev/error#008 (<anonymous>)
[browser] [React Flow]: Couldn't create edge for source handle id: "undefined", edge id: e-2. Help: https://reactflow.dev/error#008 (<anonymous>)
[browser] [React Flow]: Couldn't create edge for source handle id: "undefined", edge id: e-3. Help: https://reactflow.dev/error#008 (<anonymous>)
[browser] [React Flow]: Couldn't create edge for source handle id: "undefined", edge id: e-4. Help: https://reactflow.dev/error#008 (<anonymous>)
[browser] [React Flow]: Couldn't create edge for source handle id: "undefined", edge id: e-5. Help: https://reactflow.dev/error#008 (<anonymous>)
[browser] [React Flow]: Couldn't create edge for source handle id: "undefined", edge id: e-6. Help: https://reactflow.dev/error#008 (<anonymous>)
[browser] [React Flow]: Couldn't create edge for source handle id: "undefined", edge id: e-7. Help: https://reactflow.dev/error#008 (<anonymous>)
[browser] [React Flow]: Couldn't create edge for source handle id: "undefined", edge id: e-8. Help: https://reactflow.dev/error#008 (<anonymous>)
[browser] [React Flow]: Couldn't create edge for source handle id: "undefined", edge id: e-0. Help: https://reactflow.dev/error#008 (<anonymous>)
[browser] [React Flow]: Couldn't create edge for source handle id: "undefined", edge id: e-1. Help: https://reactflow.dev/error#008 (<anonymous>)
[browser] [React Flow]: Couldn't create edge for source handle id: "undefined", edge id: e-2. Help: https://reactflow.dev/error#008 (<anonymous>)
[browser] [React Flow]: Couldn't create edge for source handle id: "undefined", edge id: e-3. Help: https://reactflow.dev/error#008 (<anonymous>)
[browser] [React Flow]: Couldn't create edge for source handle id: "undefined", edge id: e-4. Help: https://reactflow.dev/error#008 (<anonymous>)
[browser] [React Flow]: Couldn't create edge for source handle id: "undefined", edge id: e-5. Help: https://reactflow.dev/error#008 (<anonymous>)
[browser] [React Flow]: Couldn't create edge for source handle id: "undefined", edge id: e-6. Help: https://reactflow.dev/error#008 (<anonymous>)
[browser] [React Flow]: Couldn't create edge for source handle id: "undefined", edge id: e-7. Help: https://reactflow.dev/error#008 (<anonymous>)
[browser] [React Flow]: Couldn't create edge for source handle id: "undefined", edge id: e-8. Help: https://reactflow.dev/error#008 (<anonymous>)
 GET /kts/hien-trang 200 in 18ms (next.js: 5ms, application-code: 13ms)
prisma:query SELECT `main`.`HeThongSo`.`id`, `main`.`HeThongSo`.`ma`, `main`.`HeThongSo`.`ten`, `main`.`HeThongSo`.`loai`, `main`.`HeThongSo`.`lop`, `main`.`HeThongSo`.`moTa`, `main`.`HeThongSo`.`chuQuan`, `main`.`HeThongSo`.`trangThai`, `main`.`HeThongSo`.`namTrienKhai`, `main`.`HeThongSo`.`donViId`, `main`.`HeThongSo`.`createdAt`, `main`.`HeThongSo`.`updatedAt` FROM `main`.`HeThongSo` WHERE 1=1 ORDER BY `main`.`HeThongSo`.`lop` ASC, `main`.`HeThongSo`.`ma` ASC LIMIT ? OFFSET ?
prisma:query SELECT `main`.`DonVi`.`id`, `main`.`DonVi`.`ten`, `main`.`DonVi`.`loai`, `main`.`DonVi`.`parentId`, `main`.`DonVi`.`createdAt` FROM `main`.`DonVi` WHERE `main`.`DonVi`.`id` IN (?,?,?,?) LIMIT ? OFFSET ?
 GET /api/he-thong 200 in 32ms (next.js: 10ms, application-code: 22ms)
prisma:query SELECT `main`.`HeThongSo`.`id`, `main`.`HeThongSo`.`ma`, `main`.`HeThongSo`.`ten`, `main`.`HeThongSo`.`loai`, `main`.`HeThongSo`.`lop`, `main`.`HeThongSo`.`moTa`, `main`.`HeThongSo`.`chuQuan`, `main`.`HeThongSo`.`trangThai`, `main`.`HeThongSo`.`namTrienKhai`, `main`.`HeThongSo`.`donViId`, `main`.`HeThongSo`.`createdAt`, `main`.`HeThongSo`.`updatedAt` FROM `main`.`HeThongSo` WHERE 1=1 ORDER BY `main`.`HeThongSo`.`lop` ASC, `main`.`HeThongSo`.`ma` ASC LIMIT ? OFFSET ?
prisma:query SELECT `main`.`DonVi`.`id`, `main`.`DonVi`.`ten`, `main`.`DonVi`.`loai`, `main`.`DonVi`.`parentId`, `main`.`DonVi`.`createdAt` FROM `main`.`DonVi` WHERE `main`.`DonVi`.`id` IN (?,?,?,?) LIMIT ? OFFSET ?
 GET /api/he-thong 200 in 25ms (next.js: 3ms, application-code: 22ms)
⨯ TypeError: (0 , _react.createContext) is not a function
    at module evaluation (src\app\(portal)\kts\tong-quan\page.tsx:3:1)
    at module evaluation (C:\Delta Force\kts-vinhlong\.next\dev\server\chunks\ssr\[root-of-the-server]__0uzj82m._.js:372:47)
  1 | import { prisma } from "@/lib/prisma";
  2 | import { Card, Tag, Descriptions } from "antd";
> 3 | import {
    | ^
  4 |   AimOutlined,
  5 |   InfoCircleOutlined,
  6 |   CheckCircleOutlined, {
  page: '/kts/tong-quan'
}
⨯ TypeError: (0 , _react.createContext) is not a function
    at module evaluation (src\app\(portal)\kts\tong-quan\page.tsx:3:1)
    at module evaluation (C:\Delta Force\kts-vinhlong\.next\dev\server\chunks\ssr\[root-of-the-server]__0uzj82m._.js:372:47)
  1 | import { prisma } from "@/lib/prisma";
  2 | import { Card, Tag, Descriptions } from "antd";
> 3 | import {
    | ^
  4 |   AimOutlined,
  5 |   InfoCircleOutlined,
  6 |   CheckCircleOutlined, {
  page: '/kts/tong-quan'
}
 GET /kts/tong-quan 307 in 15ms (next.js: 3ms, application-code: 12ms)
 GET /kts/tong-quan 307 in 4ms
⨯ TypeError: (0 , _react.createContext) is not a function
    at module evaluation (src\app\(portal)\kts\tong-quan\page.tsx:3:1)
    at module evaluation (C:\Delta Force\kts-vinhlong\.next\dev\server\chunks\ssr\[root-of-the-server]__0uzj82m._.js:372:47)
  1 | import { prisma } from "@/lib/prisma";
  2 | import { Card, Tag, Descriptions } from "antd";
> 3 | import {
    | ^
  4 |   AimOutlined,
  5 |   InfoCircleOutlined,
  6 |   CheckCircleOutlined, {
  page: '/kts/tong-quan'
}
⨯ TypeError: (0 , _react.createContext) is not a function
    at module evaluation (src\app\(portal)\kts\tong-quan\page.tsx:3:1)
    at module evaluation (C:\Delta Force\kts-vinhlong\.next\dev\server\chunks\ssr\[root-of-the-server]__0uzj82m._.js:372:47)
  1 | import { prisma } from "@/lib/prisma";
  2 | import { Card, Tag, Descriptions } from "antd";
> 3 | import {
    | ^
  4 |   AimOutlined,
  5 |   InfoCircleOutlined,
  6 |   CheckCircleOutlined, {
  page: '/kts/tong-quan'
}
 GET /kts/tong-quan 307 in 19ms (next.js: 5ms, application-code: 14ms)
 GET /kts/tong-quan 307 in 4ms
⨯ TypeError: (0 , _react.createContext) is not a function
    at module evaluation (src\app\(portal)\kts\tong-quan\page.tsx:3:1)
    at module evaluation (C:\Delta Force\kts-vinhlong\.next\dev\server\chunks\ssr\[root-of-the-server]__0uzj82m._.js:372:47)
  1 | import { prisma } from "@/lib/prisma";
  2 | import { Card, Tag, Descriptions } from "antd";
> 3 | import {
    | ^
  4 |   AimOutlined,
  5 |   InfoCircleOutlined,
  6 |   CheckCircleOutlined, {
  page: '/kts/tong-quan'
}
⨯ TypeError: (0 , _react.createContext) is not a function
    at module evaluation (src\app\(portal)\kts\tong-quan\page.tsx:3:1)
    at module evaluation (C:\Delta Force\kts-vinhlong\.next\dev\server\chunks\ssr\[root-of-the-server]__0uzj82m._.js:372:47)
  1 | import { prisma } from "@/lib/prisma";
  2 | import { Card, Tag, Descriptions } from "antd";
> 3 | import {
    | ^
  4 |   AimOutlined,
  5 |   InfoCircleOutlined,
  6 |   CheckCircleOutlined, {
  page: '/kts/tong-quan'
}
 GET /kts/tong-quan 307 in 16ms (next.js: 4ms, application-code: 12ms)
 GET /kts/tong-quan 307 in 4ms
⨯ TypeError: (0 , _react.createContext) is not a function
    at module evaluation (src\app\(portal)\kts\tong-quan\page.tsx:3:1)
    at module evaluation (C:\Delta Force\kts-vinhlong\.next\dev\server\chunks\ssr\[root-of-the-server]__0uzj82m._.js:372:47)
  1 | import { prisma } from "@/lib/prisma";
  2 | import { Card, Tag, Descriptions } from "antd";
> 3 | import {
    | ^
  4 |   AimOutlined,
  5 |   InfoCircleOutlined,
  6 |   CheckCircleOutlined, {
  page: '/kts/tong-quan'
}
⨯ TypeError: (0 , _react.createContext) is not a function
    at module evaluation (src\app\(portal)\kts\tong-quan\page.tsx:3:1)
    at module evaluation (C:\Delta Force\kts-vinhlong\.next\dev\server\chunks\ssr\[root-of-the-server]__0uzj82m._.js:372:47)
  1 | import { prisma } from "@/lib/prisma";
  2 | import { Card, Tag, Descriptions } from "antd";
> 3 | import {
    | ^
  4 |   AimOutlined,
  5 |   InfoCircleOutlined,
  6 |   CheckCircleOutlined, {
  page: '/kts/tong-quan'
}
 GET /kts/tong-quan 307 in 17ms (next.js: 4ms, application-code: 13ms)
 GET /kts/tong-quan 307 in 5ms
⨯ TypeError: (0 , _react.createContext) is not a function
    at module evaluation (src\app\(portal)\kts\tong-quan\page.tsx:3:1)
    at module evaluation (C:\Delta Force\kts-vinhlong\.next\dev\server\chunks\ssr\[root-of-the-server]__0uzj82m._.js:372:47)
  1 | import { prisma } from "@/lib/prisma";
  2 | import { Card, Tag, Descriptions } from "antd";
> 3 | import {
    | ^
  4 |   AimOutlined,
  5 |   InfoCircleOutlined,
  6 |   CheckCircleOutlined, {
  page: '/kts/tong-quan'
}
⨯ TypeError: (0 , _react.createContext) is not a function
    at module evaluation (src\app\(portal)\kts\tong-quan\page.tsx:3:1)
    at module evaluation (C:\Delta Force\kts-vinhlong\.next\dev\server\chunks\ssr\[root-of-the-server]__0uzj82m._.js:372:47)
  1 | import { prisma } from "@/lib/prisma";
  2 | import { Card, Tag, Descriptions } from "antd";
> 3 | import {
    | ^
  4 |   AimOutlined,
  5 |   InfoCircleOutlined,
  6 |   CheckCircleOutlined, {
  page: '/kts/tong-quan'
}
 GET /kts/tong-quan 307 in 18ms (next.js: 5ms, application-code: 14ms)
 GET /kts/tong-quan 307 in 4ms
⨯ TypeError: (0 , _react.createContext) is not a function
    at module evaluation (src\app\(portal)\kts\tong-quan\page.tsx:3:1)
    at module evaluation (C:\Delta Force\kts-vinhlong\.next\dev\server\chunks\ssr\[root-of-the-server]__0uzj82m._.js:372:47)
  1 | import { prisma } from "@/lib/prisma";
  2 | import { Card, Tag, Descriptions } from "antd";
> 3 | import {
    | ^
  4 |   AimOutlined,
  5 |   InfoCircleOutlined,
  6 |   CheckCircleOutlined, {
  page: '/kts/tong-quan'
}
⨯ TypeError: (0 , _react.createContext) is not a function
    at module evaluation (src\app\(portal)\kts\tong-quan\page.tsx:3:1)
    at module evaluation (C:\Delta Force\kts-vinhlong\.next\dev\server\chunks\ssr\[root-of-the-server]__0uzj82m._.js:372:47)
  1 | import { prisma } from "@/lib/prisma";
  2 | import { Card, Tag, Descriptions } from "antd";
> 3 | import {
    | ^
  4 |   AimOutlined,
  5 |   InfoCircleOutlined,
  6 |   CheckCircleOutlined, {
  page: '/kts/tong-quan'
}
 GET /kts/tong-quan 307 in 20ms (next.js: 4ms, application-code: 15ms)
 GET /kts/tong-quan 307 in 5ms
⨯ TypeError: (0 , _react.createContext) is not a function
    at module evaluation (src\app\(portal)\kts\tong-quan\page.tsx:3:1)
    at module evaluation (C:\Delta Force\kts-vinhlong\.next\dev\server\chunks\ssr\[root-of-the-server]__0uzj82m._.js:372:47)
  1 | import { prisma } from "@/lib/prisma";
  2 | import { Card, Tag, Descriptions } from "antd";
> 3 | import {
    | ^
  4 |   AimOutlined,
  5 |   InfoCircleOutlined,
  6 |   CheckCircleOutlined, {
  page: '/kts/tong-quan'
}
⨯ TypeError: (0 , _react.createContext) is not a function
    at module evaluation (src\app\(portal)\kts\tong-quan\page.tsx:3:1)
    at module evaluation (C:\Delta Force\kts-vinhlong\.next\dev\server\chunks\ssr\[root-of-the-server]__0uzj82m._.js:372:47)
  1 | import { prisma } from "@/lib/prisma";
  2 | import { Card, Tag, Descriptions } from "antd";
> 3 | import {
    | ^
  4 |   AimOutlined,
  5 |   InfoCircleOutlined,
  6 |   CheckCircleOutlined, {
  page: '/kts/tong-quan'
}
 GET /kts/tong-quan 307 in 25ms (next.js: 6ms, application-code: 19ms)
 GET /kts/tong-quan 307 in 8ms
⨯ TypeError: (0 , _react.createContext) is not a function
    at module evaluation (src\app\(portal)\kts\tong-quan\page.tsx:3:1)
    at module evaluation (C:\Delta Force\kts-vinhlong\.next\dev\server\chunks\ssr\[root-of-the-server]__0uzj82m._.js:372:47)
  1 | import { prisma } from "@/lib/prisma";
  2 | import { Card, Tag, Descriptions } from "antd";
> 3 | import {
    | ^
  4 |   AimOutlined,
  5 |   InfoCircleOutlined,
  6 |   CheckCircleOutlined, {
  page: '/kts/tong-quan'
}
⨯ TypeError: (0 , _react.createContext) is not a function
    at module evaluation (src\app\(portal)\kts\tong-quan\page.tsx:3:1)
    at module evaluation (C:\Delta Force\kts-vinhlong\.next\dev\server\chunks\ssr\[root-of-the-server]__0uzj82m._.js:372:47)
  1 | import { prisma } from "@/lib/prisma";
  2 | import { Card, Tag, Descriptions } from "antd";
> 3 | import {
    | ^
  4 |   AimOutlined,
  5 |   InfoCircleOutlined,
  6 |   CheckCircleOutlined, {
  page: '/kts/tong-quan'
}
 GET /kts/tong-quan 307 in 20ms (next.js: 5ms, application-code: 15ms)
 GET /kts/tong-quan 307 in 6ms
⨯ TypeError: (0 , _react.createContext) is not a function
    at module evaluation (src\app\(portal)\kts\tong-quan\page.tsx:3:1)
    at module evaluation (C:\Delta Force\kts-vinhlong\.next\dev\server\chunks\ssr\[root-of-the-server]__0uzj82m._.js:372:47)
  1 | import { prisma } from "@/lib/prisma";
  2 | import { Card, Tag, Descriptions } from "antd";
> 3 | import {
    | ^
  4 |   AimOutlined,
  5 |   InfoCircleOutlined,
  6 |   CheckCircleOutlined, {
  page: '/kts/tong-quan'
}
⨯ TypeError: (0 , _react.createContext) is not a function
    at module evaluation (src\app\(portal)\kts\tong-quan\page.tsx:3:1)
    at module evaluation (C:\Delta Force\kts-vinhlong\.next\dev\server\chunks\ssr\[root-of-the-server]__0uzj82m._.js:372:47)
  1 | import { prisma } from "@/lib/prisma";
  2 | import { Card, Tag, Descriptions } from "antd";
> 3 | import {
    | ^
  4 |   AimOutlined,
  5 |   InfoCircleOutlined,
  6 |   CheckCircleOutlined, {
  page: '/kts/tong-quan'
}
 GET /kts/tong-quan 307 in 20ms (next.js: 5ms, application-code: 15ms)
 GET /kts/tong-quan 307 in 5ms
⨯ TypeError: (0 , _react.createContext) is not a function
    at module evaluation (src\app\(portal)\kts\tong-quan\page.tsx:3:1)
    at module evaluation (C:\Delta Force\kts-vinhlong\.next\dev\server\chunks\ssr\[root-of-the-server]__0uzj82m._.js:372:47)
  1 | import { prisma } from "@/lib/prisma";
  2 | import { Card, Tag, Descriptions } from "antd";
> 3 | import {
    | ^
  4 |   AimOutlined,
  5 |   InfoCircleOutlined,
  6 |   CheckCircleOutlined, {
  page: '/kts/tong-quan'
}
⨯ TypeError: (0 , _react.createContext) is not a function
    at module evaluation (src\app\(portal)\kts\tong-quan\page.tsx:3:1)
    at module evaluation (C:\Delta Force\kts-vinhlong\.next\dev\server\chunks\ssr\[root-of-the-server]__0uzj82m._.js:372:47)
  1 | import { prisma } from "@/lib/prisma";
  2 | import { Card, Tag, Descriptions } from "antd";
> 3 | import {
    | ^
  4 |   AimOutlined,
  5 |   InfoCircleOutlined,
  6 |   CheckCircleOutlined, {
  page: '/kts/tong-quan'
}
 GET /kts/tong-quan 307 in 18ms (next.js: 4ms, application-code: 13ms)
 GET /kts/tong-quan 307 in 5ms
⨯ TypeError: (0 , _react.createContext) is not a function
    at module evaluation (src\app\(portal)\kts\tong-quan\page.tsx:3:1)
    at module evaluation (C:\Delta Force\kts-vinhlong\.next\dev\server\chunks\ssr\[root-of-the-server]__0uzj82m._.js:372:47)
  1 | import { prisma } from "@/lib/prisma";
  2 | import { Card, Tag, Descriptions } from "antd";
> 3 | import {
    | ^
  4 |   AimOutlined,
  5 |   InfoCircleOutlined,
  6 |   CheckCircleOutlined, {
  page: '/kts/tong-quan'
}
⨯ TypeError: (0 , _react.createContext) is not a function
    at module evaluation (src\app\(portal)\kts\tong-quan\page.tsx:3:1)
    at module evaluation (C:\Delta Force\kts-vinhlong\.next\dev\server\chunks\ssr\[root-of-the-server]__0uzj82m._.js:372:47)
  1 | import { prisma } from "@/lib/prisma";
  2 | import { Card, Tag, Descriptions } from "antd";
> 3 | import {
    | ^
  4 |   AimOutlined,
  5 |   InfoCircleOutlined,
  6 |   CheckCircleOutlined, {
  page: '/kts/tong-quan'
}
 GET /kts/tong-quan 307 in 16ms (next.js: 3ms, application-code: 12ms)
[browser] Failed to fetch RSC payload for http://localhost:3000/kts/tong-quan. Falling back to browser navigation. TypeError: Failed to fetch
⨯ TypeError: (0 , _react.createContext) is not a function
    at module evaluation (src\app\(portal)\kts\tong-quan\page.tsx:3:1)
    at module evaluation (C:\Delta Force\kts-vinhlong\.next\dev\server\chunks\ssr\[root-of-the-server]__0uzj82m._.js:372:47)
  1 | import { prisma } from "@/lib/prisma";
  2 | import { Card, Tag, Descriptions } from "antd";
> 3 | import {
    | ^
  4 |   AimOutlined,
  5 |   InfoCircleOutlined,
  6 |   CheckCircleOutlined, {
  page: '/kts/tong-quan'
}
⨯ TypeError: (0 , _react.createContext) is not a function
    at module evaluation (src\app\(portal)\kts\tong-quan\page.tsx:3:1)
    at module evaluation (C:\Delta Force\kts-vinhlong\.next\dev\server\chunks\ssr\[root-of-the-server]__0uzj82m._.js:372:47)
  1 | import { prisma } from "@/lib/prisma";
  2 | import { Card, Tag, Descriptions } from "antd";
> 3 | import {
    | ^
  4 |   AimOutlined,
  5 |   InfoCircleOutlined,
  6 |   CheckCircleOutlined, {
  page: '/kts/tong-quan'
}
 GET /kts/tong-quan 500 in 153ms (next.js: 23ms, application-code: 129ms)
[browser] Uncaught TypeError: (0 , _react.createContext) is not a function
    at module evaluation (src/app/(portal)/kts/tong-quan/page.tsx:3:1)
    at module evaluation (src/app/(portal)/kts/tong-quan/page.tsx:147:1)
  1 | import { prisma } from "@/lib/prisma";
  2 | import { Card, Tag, Descriptions } from "antd";
> 3 | import {
    | ^
  4 |   AimOutlined,
  5 |   InfoCircleOutlined,
  6 |   CheckCircleOutlined,
[browser] Uncaught Error: Module [project]/node_modules/antd/es/pagination/index.js [app-client] (ecmascript) <export default as Pagination> was instantiated because it was required from module [project]/src/app/(portal)/kts/hien-trang/page.tsx [app-client] (ecmascript), but the module factory is not available.
This is often caused by a stale browser cache, misconfigured Cache-Control headers, or a service worker serving outdated responses.
To fix this, make sure your Cache-Control headers allow revalidation of chunks and review your service worker configuration. As an immediate workaround, try hard-reloading the page, clearing the browser cache, or unregistering any service workers.
    at module evaluation (src/app/(portal)/kts/hien-trang/page.tsx:3:1)
  1 | "use client";
  2 | import { useEffect, useState } from "react";
> 3 | import { Card, Tag, Progress, Tabs, Badge, Tooltip, Spin, Empty, Select, Pagination } from "antd";
    | ^
  4 | import { HeThongSoData } from "@/types";
  5 | import { LOP_CONFIG, TRANG_THAI_CONFIG } from "@/lib/utils";
  6 |
 GET /kts 404 in 341ms (next.js: 304ms, application-code: 36ms)
 GET /kts/lo-trinh 200 in 774ms (next.js: 18ms, application-code: 756ms)
prisma:query SELECT 1
prisma:query SELECT `main`.`NhiemVu`.`id`, `main`.`NhiemVu`.`ma`, `main`.`NhiemVu`.`ten`, `main`.`NhiemVu`.`moTa`, `main`.`NhiemVu`.`donViChuTriId`, `main`.`NhiemVu`.`uuTien`, `main`.`NhiemVu`.`thoiHan`, `main`.`NhiemVu`.`giaiDoan`, `main`.`NhiemVu`.`kpi`, `main`.`NhiemVu`.`nguonKiemChung`, `main`.`NhiemVu`.`trangThai`, `main`.`NhiemVu`.`tienDo`, `main`.`NhiemVu`.`lop`, `main`.`NhiemVu`.`phuongAnXuLy`, `main`.`NhiemVu`.`ghiChu`, `main`.`NhiemVu`.`createdAt`, `main`.`NhiemVu`.`updatedAt` FROM `main`.`NhiemVu` WHERE 1=1 ORDER BY `main`.`NhiemVu`.`uuTien` ASC, `main`.`NhiemVu`.`thoiHan` ASC LIMIT ? OFFSET ?
prisma:query SELECT `main`.`DonVi`.`id`, `main`.`DonVi`.`ten`, `main`.`DonVi`.`loai`, `main`.`DonVi`.`parentId`, `main`.`DonVi`.`createdAt` FROM `main`.`DonVi` WHERE `main`.`DonVi`.`id` IN (?,?) LIMIT ? OFFSET ?
 GET /api/nhiem-vu 200 in 15ms (next.js: 4ms, application-code: 11ms)
prisma:query SELECT `main`.`NhiemVu`.`id`, `main`.`NhiemVu`.`ma`, `main`.`NhiemVu`.`ten`, `main`.`NhiemVu`.`moTa`, `main`.`NhiemVu`.`donViChuTriId`, `main`.`NhiemVu`.`uuTien`, `main`.`NhiemVu`.`thoiHan`, `main`.`NhiemVu`.`giaiDoan`, `main`.`NhiemVu`.`kpi`, `main`.`NhiemVu`.`nguonKiemChung`, `main`.`NhiemVu`.`trangThai`, `main`.`NhiemVu`.`tienDo`, `main`.`NhiemVu`.`lop`, `main`.`NhiemVu`.`phuongAnXuLy`, `main`.`NhiemVu`.`ghiChu`, `main`.`NhiemVu`.`createdAt`, `main`.`NhiemVu`.`updatedAt` FROM `main`.`NhiemVu` WHERE 1=1 ORDER BY `main`.`NhiemVu`.`uuTien` ASC, `main`.`NhiemVu`.`thoiHan` ASC LIMIT ? OFFSET ?
prisma:query SELECT `main`.`DonVi`.`id`, `main`.`DonVi`.`ten`, `main`.`DonVi`.`loai`, `main`.`DonVi`.`parentId`, `main`.`DonVi`.`createdAt` FROM `main`.`DonVi` WHERE `main`.`DonVi`.`id` IN (?,?) LIMIT ? OFFSET ?
 GET /api/nhiem-vu 200 in 18ms (next.js: 4ms, application-code: 14ms)
Warning: [antd: Spin] `tip` is deprecated. Please use `description` instead.
 GET /kts/hien-trang 200 in 193ms (next.js: 12ms, application-code: 181ms)
[browser] Warning: [antd: Spin] `tip` is deprecated. Please use `description` instead. 
prisma:query SELECT 1
prisma:query SELECT `main`.`HeThongSo`.`id`, `main`.`HeThongSo`.`ma`, `main`.`HeThongSo`.`ten`, `main`.`HeThongSo`.`loai`, `main`.`HeThongSo`.`lop`, `main`.`HeThongSo`.`moTa`, `main`.`HeThongSo`.`chuQuan`, `main`.`HeThongSo`.`trangThai`, `main`.`HeThongSo`.`namTrienKhai`, `main`.`HeThongSo`.`donViId`, `main`.`HeThongSo`.`createdAt`, `main`.`HeThongSo`.`updatedAt` FROM `main`.`HeThongSo` WHERE 1=1 ORDER BY `main`.`HeThongSo`.`lop` ASC, `main`.`HeThongSo`.`ma` ASC LIMIT ? OFFSET ?
prisma:query SELECT `main`.`DonVi`.`id`, `main`.`DonVi`.`ten`, `main`.`DonVi`.`loai`, `main`.`DonVi`.`parentId`, `main`.`DonVi`.`createdAt` FROM `main`.`DonVi` WHERE `main`.`DonVi`.`id` IN (?,?,?,?) LIMIT ? OFFSET ?
 GET /api/he-thong 200 in 33ms (next.js: 6ms, application-code: 27ms)
prisma:query SELECT `main`.`HeThongSo`.`id`, `main`.`HeThongSo`.`ma`, `main`.`HeThongSo`.`ten`, `main`.`HeThongSo`.`loai`, `main`.`HeThongSo`.`lop`, `main`.`HeThongSo`.`moTa`, `main`.`HeThongSo`.`chuQuan`, `main`.`HeThongSo`.`trangThai`, `main`.`HeThongSo`.`namTrienKhai`, `main`.`HeThongSo`.`donViId`, `main`.`HeThongSo`.`createdAt`, `main`.`HeThongSo`.`updatedAt` FROM `main`.`HeThongSo` WHERE 1=1 ORDER BY `main`.`HeThongSo`.`lop` ASC, `main`.`HeThongSo`.`ma` ASC LIMIT ? OFFSET ?
prisma:query SELECT `main`.`DonVi`.`id`, `main`.`DonVi`.`ten`, `main`.`DonVi`.`loai`, `main`.`DonVi`.`parentId`, `main`.`DonVi`.`createdAt` FROM `main`.`DonVi` WHERE `main`.`DonVi`.`id` IN (?,?,?,?) LIMIT ? OFFSET ?
 GET /api/he-thong 200 in 27ms (next.js: 4ms, application-code: 23ms)
 GET /kts/hien-trang 200 in 54ms (next.js: 6ms, application-code: 47ms)
[browser] Warning: [antd: Spin] `tip` is deprecated. Please use `description` instead. 
prisma:query SELECT 1
prisma:query SELECT `main`.`HeThongSo`.`id`, `main`.`HeThongSo`.`ma`, `main`.`HeThongSo`.`ten`, `main`.`HeThongSo`.`loai`, `main`.`HeThongSo`.`lop`, `main`.`HeThongSo`.`moTa`, `main`.`HeThongSo`.`chuQuan`, `main`.`HeThongSo`.`trangThai`, `main`.`HeThongSo`.`namTrienKhai`, `main`.`HeThongSo`.`donViId`, `main`.`HeThongSo`.`createdAt`, `main`.`HeThongSo`.`updatedAt` FROM `main`.`HeThongSo` WHERE 1=1 ORDER BY `main`.`HeThongSo`.`lop` ASC, `main`.`HeThongSo`.`ma` ASC LIMIT ? OFFSET ?
prisma:query SELECT `main`.`DonVi`.`id`, `main`.`DonVi`.`ten`, `main`.`DonVi`.`loai`, `main`.`DonVi`.`parentId`, `main`.`DonVi`.`createdAt` FROM `main`.`DonVi` WHERE `main`.`DonVi`.`id` IN (?,?,?,?) LIMIT ? OFFSET ?
 GET /api/he-thong 200 in 31ms (next.js: 3ms, application-code: 28ms)
prisma:query SELECT `main`.`HeThongSo`.`id`, `main`.`HeThongSo`.`ma`, `main`.`HeThongSo`.`ten`, `main`.`HeThongSo`.`loai`, `main`.`HeThongSo`.`lop`, `main`.`HeThongSo`.`moTa`, `main`.`HeThongSo`.`chuQuan`, `main`.`HeThongSo`.`trangThai`, `main`.`HeThongSo`.`namTrienKhai`, `main`.`HeThongSo`.`donViId`, `main`.`HeThongSo`.`createdAt`, `main`.`HeThongSo`.`updatedAt` FROM `main`.`HeThongSo` WHERE 1=1 ORDER BY `main`.`HeThongSo`.`lop` ASC, `main`.`HeThongSo`.`ma` ASC LIMIT ? OFFSET ?
prisma:query SELECT `main`.`DonVi`.`id`, `main`.`DonVi`.`ten`, `main`.`DonVi`.`loai`, `main`.`DonVi`.`parentId`, `main`.`DonVi`.`createdAt` FROM `main`.`DonVi` WHERE `main`.`DonVi`.`id` IN (?,?,?,?) LIMIT ? OFFSET ?
 GET /api/he-thong 200 in 27ms (next.js: 4ms, application-code: 23ms)
 GET /kts/muc-tieu 200 in 33ms (next.js: 7ms, application-code: 26ms)
[browser] Warning: [antd: Card] `bodyStyle` is deprecated. Please use `styles.body` instead. 
    at Array.forEach (<anonymous>) (<anonymous>)
[browser] [React Flow]: It looks like you've created a new nodeTypes or edgeTypes object. If this wasn't on purpose please define the nodeTypes/edgeTypes outside of the component or memoize them. Help: https://reactflow.dev/error#002
[browser] [React Flow]: It looks like you've created a new nodeTypes or edgeTypes object. If this wasn't on purpose please define the nodeTypes/edgeTypes outside of the component or memoize them. Help: https://reactflow.dev/error#002
[browser] [React Flow]: Couldn't create edge for source handle id: "undefined", edge id: e-0. Help: https://reactflow.dev/error#008 (<anonymous>)
[browser] [React Flow]: Couldn't create edge for source handle id: "undefined", edge id: e-1. Help: https://reactflow.dev/error#008 (<anonymous>)
[browser] [React Flow]: Couldn't create edge for source handle id: "undefined", edge id: e-2. Help: https://reactflow.dev/error#008 (<anonymous>)
[browser] [React Flow]: Couldn't create edge for source handle id: "undefined", edge id: e-3. Help: https://reactflow.dev/error#008 (<anonymous>)
[browser] [React Flow]: Couldn't create edge for source handle id: "undefined", edge id: e-4. Help: https://reactflow.dev/error#008 (<anonymous>)
[browser] [React Flow]: Couldn't create edge for source handle id: "undefined", edge id: e-5. Help: https://reactflow.dev/error#008 (<anonymous>)
[browser] [React Flow]: Couldn't create edge for source handle id: "undefined", edge id: e-6. Help: https://reactflow.dev/error#008 (<anonymous>)
[browser] [React Flow]: Couldn't create edge for source handle id: "undefined", edge id: e-7. Help: https://reactflow.dev/error#008 (<anonymous>)
[browser] [React Flow]: Couldn't create edge for source handle id: "undefined", edge id: e-8. Help: https://reactflow.dev/error#008 (<anonymous>)
[browser] [React Flow]: Couldn't create edge for source handle id: "undefined", edge id: e-0. Help: https://reactflow.dev/error#008 (<anonymous>)
[browser] [React Flow]: Couldn't create edge for source handle id: "undefined", edge id: e-1. Help: https://reactflow.dev/error#008 (<anonymous>)
[browser] [React Flow]: Couldn't create edge for source handle id: "undefined", edge id: e-2. Help: https://reactflow.dev/error#008 (<anonymous>)
[browser] [React Flow]: Couldn't create edge for source handle id: "undefined", edge id: e-3. Help: https://reactflow.dev/error#008 (<anonymous>)
[browser] [React Flow]: Couldn't create edge for source handle id: "undefined", edge id: e-4. Help: https://reactflow.dev/error#008 (<anonymous>)
[browser] [React Flow]: Couldn't create edge for source handle id: "undefined", edge id: e-5. Help: https://reactflow.dev/error#008 (<anonymous>)
[browser] [React Flow]: Couldn't create edge for source handle id: "undefined", edge id: e-6. Help: https://reactflow.dev/error#008 (<anonymous>)
[browser] [React Flow]: Couldn't create edge for source handle id: "undefined", edge id: e-7. Help: https://reactflow.dev/error#008 (<anonymous>)
[browser] [React Flow]: Couldn't create edge for source handle id: "undefined", edge id: e-8. Help: https://reactflow.dev/error#008 (<anonymous>)
 GET /kts/lo-trinh 200 in 16ms (next.js: 4ms, application-code: 12ms)
prisma:query SELECT `main`.`NhiemVu`.`id`, `main`.`NhiemVu`.`ma`, `main`.`NhiemVu`.`ten`, `main`.`NhiemVu`.`moTa`, `main`.`NhiemVu`.`donViChuTriId`, `main`.`NhiemVu`.`uuTien`, `main`.`NhiemVu`.`thoiHan`, `main`.`NhiemVu`.`giaiDoan`, `main`.`NhiemVu`.`kpi`, `main`.`NhiemVu`.`nguonKiemChung`, `main`.`NhiemVu`.`trangThai`, `main`.`NhiemVu`.`tienDo`, `main`.`NhiemVu`.`lop`, `main`.`NhiemVu`.`phuongAnXuLy`, `main`.`NhiemVu`.`ghiChu`, `main`.`NhiemVu`.`createdAt`, `main`.`NhiemVu`.`updatedAt` FROM `main`.`NhiemVu` WHERE 1=1 ORDER BY `main`.`NhiemVu`.`uuTien` ASC, `main`.`NhiemVu`.`thoiHan` ASC LIMIT ? OFFSET ?
prisma:query SELECT `main`.`DonVi`.`id`, `main`.`DonVi`.`ten`, `main`.`DonVi`.`loai`, `main`.`DonVi`.`parentId`, `main`.`DonVi`.`createdAt` FROM `main`.`DonVi` WHERE `main`.`DonVi`.`id` IN (?,?) LIMIT ? OFFSET ?
 GET /api/nhiem-vu 200 in 9ms (next.js: 2ms, application-code: 6ms)
prisma:query SELECT `main`.`NhiemVu`.`id`, `main`.`NhiemVu`.`ma`, `main`.`NhiemVu`.`ten`, `main`.`NhiemVu`.`moTa`, `main`.`NhiemVu`.`donViChuTriId`, `main`.`NhiemVu`.`uuTien`, `main`.`NhiemVu`.`thoiHan`, `main`.`NhiemVu`.`giaiDoan`, `main`.`NhiemVu`.`kpi`, `main`.`NhiemVu`.`nguonKiemChung`, `main`.`NhiemVu`.`trangThai`, `main`.`NhiemVu`.`tienDo`, `main`.`NhiemVu`.`lop`, `main`.`NhiemVu`.`phuongAnXuLy`, `main`.`NhiemVu`.`ghiChu`, `main`.`NhiemVu`.`createdAt`, `main`.`NhiemVu`.`updatedAt` FROM `main`.`NhiemVu` WHERE 1=1 ORDER BY `main`.`NhiemVu`.`uuTien` ASC, `main`.`NhiemVu`.`thoiHan` ASC LIMIT ? OFFSET ?
prisma:query SELECT `main`.`DonVi`.`id`, `main`.`DonVi`.`ten`, `main`.`DonVi`.`loai`, `main`.`DonVi`.`parentId`, `main`.`DonVi`.`createdAt` FROM `main`.`DonVi` WHERE `main`.`DonVi`.`id` IN (?,?) LIMIT ? OFFSET ?
 GET /api/nhiem-vu 200 in 10ms (next.js: 4ms, application-code: 7ms)
⨯ TypeError: (0 , _react.createContext) is not a function
    at module evaluation (src\app\(portal)\kts\tong-quan\page.tsx:3:1)
    at module evaluation (C:\Delta Force\kts-vinhlong\.next\dev\server\chunks\ssr\[root-of-the-server]__0uzj82m._.js:372:47)
  1 | import { prisma } from "@/lib/prisma";
  2 | import { Card, Tag, Descriptions } from "antd";
> 3 | import {
    | ^
  4 |   AimOutlined,
  5 |   InfoCircleOutlined,
  6 |   CheckCircleOutlined, {
  page: '/kts/tong-quan'
}
⨯ TypeError: (0 , _react.createContext) is not a function
    at module evaluation (src\app\(portal)\kts\tong-quan\page.tsx:3:1)
    at module evaluation (C:\Delta Force\kts-vinhlong\.next\dev\server\chunks\ssr\[root-of-the-server]__0uzj82m._.js:372:47)
  1 | import { prisma } from "@/lib/prisma";
  2 | import { Card, Tag, Descriptions } from "antd";
> 3 | import {
    | ^
  4 |   AimOutlined,
  5 |   InfoCircleOutlined,
  6 |   CheckCircleOutlined, {
  page: '/kts/tong-quan'
}
 GET /kts/tong-quan 307 in 40ms (next.js: 9ms, application-code: 31ms)
 GET /kts/tong-quan 307 in 5ms
⨯ TypeError: (0 , _react.createContext) is not a function
    at module evaluation (src\app\(portal)\kts\tong-quan\page.tsx:3:1)
    at module evaluation (C:\Delta Force\kts-vinhlong\.next\dev\server\chunks\ssr\[root-of-the-server]__0uzj82m._.js:372:47)
  1 | import { prisma } from "@/lib/prisma";
  2 | import { Card, Tag, Descriptions } from "antd";
> 3 | import {
    | ^
  4 |   AimOutlined,
  5 |   InfoCircleOutlined,
  6 |   CheckCircleOutlined, {
  page: '/kts/tong-quan'
}
⨯ TypeError: (0 , _react.createContext) is not a function
    at module evaluation (src\app\(portal)\kts\tong-quan\page.tsx:3:1)
    at module evaluation (C:\Delta Force\kts-vinhlong\.next\dev\server\chunks\ssr\[root-of-the-server]__0uzj82m._.js:372:47)
  1 | import { prisma } from "@/lib/prisma";
  2 | import { Card, Tag, Descriptions } from "antd";
> 3 | import {
    | ^
  4 |   AimOutlined,
  5 |   InfoCircleOutlined,
  6 |   CheckCircleOutlined, {
  page: '/kts/tong-quan'
}
 GET /kts/tong-quan 307 in 17ms (next.js: 4ms, application-code: 13ms)
 GET /kts/tong-quan 307 in 5ms
⨯ TypeError: (0 , _react.createContext) is not a function
    at module evaluation (src\app\(portal)\kts\tong-quan\page.tsx:3:1)
    at module evaluation (C:\Delta Force\kts-vinhlong\.next\dev\server\chunks\ssr\[root-of-the-server]__0uzj82m._.js:372:47)
  1 | import { prisma } from "@/lib/prisma";
  2 | import { Card, Tag, Descriptions } from "antd";
> 3 | import {
    | ^
  4 |   AimOutlined,
  5 |   InfoCircleOutlined,
  6 |   CheckCircleOutlined, {
  page: '/kts/tong-quan'
}
⨯ TypeError: (0 , _react.createContext) is not a function
    at module evaluation (src\app\(portal)\kts\tong-quan\page.tsx:3:1)
    at module evaluation (C:\Delta Force\kts-vinhlong\.next\dev\server\chunks\ssr\[root-of-the-server]__0uzj82m._.js:372:47)
  1 | import { prisma } from "@/lib/prisma";
  2 | import { Card, Tag, Descriptions } from "antd";
> 3 | import {
    | ^
  4 |   AimOutlined,
  5 |   InfoCircleOutlined,
  6 |   CheckCircleOutlined, {
  page: '/kts/tong-quan'
}
 GET /kts/tong-quan 307 in 16ms (next.js: 4ms, application-code: 12ms)
 GET /kts/tong-quan 307 in 7ms
⨯ TypeError: (0 , _react.createContext) is not a function
    at module evaluation (src\app\(portal)\kts\tong-quan\page.tsx:3:1)
    at module evaluation (C:\Delta Force\kts-vinhlong\.next\dev\server\chunks\ssr\[root-of-the-server]__0uzj82m._.js:372:47)
  1 | import { prisma } from "@/lib/prisma";
  2 | import { Card, Tag, Descriptions } from "antd";
> 3 | import {
    | ^
  4 |   AimOutlined,
  5 |   InfoCircleOutlined,
  6 |   CheckCircleOutlined, {
  page: '/kts/tong-quan'
}
⨯ TypeError: (0 , _react.createContext) is not a function
    at module evaluation (src\app\(portal)\kts\tong-quan\page.tsx:3:1)
    at module evaluation (C:\Delta Force\kts-vinhlong\.next\dev\server\chunks\ssr\[root-of-the-server]__0uzj82m._.js:372:47)
  1 | import { prisma } from "@/lib/prisma";
  2 | import { Card, Tag, Descriptions } from "antd";
> 3 | import {
    | ^
  4 |   AimOutlined,
  5 |   InfoCircleOutlined,
  6 |   CheckCircleOutlined, {
  page: '/kts/tong-quan'
}
 GET /kts/tong-quan 307 in 17ms (next.js: 4ms, application-code: 13ms)
 GET /kts/tong-quan 307 in 5ms
⨯ TypeError: (0 , _react.createContext) is not a function
    at module evaluation (src\app\(portal)\kts\tong-quan\page.tsx:3:1)
    at module evaluation (C:\Delta Force\kts-vinhlong\.next\dev\server\chunks\ssr\[root-of-the-server]__0uzj82m._.js:372:47)
  1 | import { prisma } from "@/lib/prisma";
  2 | import { Card, Tag, Descriptions } from "antd";
> 3 | import {
    | ^
  4 |   AimOutlined,
  5 |   InfoCircleOutlined,
  6 |   CheckCircleOutlined, {
  page: '/kts/tong-quan'
}
⨯ TypeError: (0 , _react.createContext) is not a function
    at module evaluation (src\app\(portal)\kts\tong-quan\page.tsx:3:1)
    at module evaluation (C:\Delta Force\kts-vinhlong\.next\dev\server\chunks\ssr\[root-of-the-server]__0uzj82m._.js:372:47)
  1 | import { prisma } from "@/lib/prisma";
  2 | import { Card, Tag, Descriptions } from "antd";
> 3 | import {
    | ^
  4 |   AimOutlined,
  5 |   InfoCircleOutlined,
  6 |   CheckCircleOutlined, {
  page: '/kts/tong-quan'
}
 GET /kts/tong-quan 307 in 16ms (next.js: 4ms, application-code: 12ms)
 GET /kts/tong-quan 307 in 4ms
⨯ TypeError: (0 , _react.createContext) is not a function
    at module evaluation (src\app\(portal)\kts\tong-quan\page.tsx:3:1)
    at module evaluation (C:\Delta Force\kts-vinhlong\.next\dev\server\chunks\ssr\[root-of-the-server]__0uzj82m._.js:372:47)
  1 | import { prisma } from "@/lib/prisma";
  2 | import { Card, Tag, Descriptions } from "antd";
> 3 | import {
    | ^
  4 |   AimOutlined,
  5 |   InfoCircleOutlined,
  6 |   CheckCircleOutlined, {
  page: '/kts/tong-quan'
}
⨯ TypeError: (0 , _react.createContext) is not a function
    at module evaluation (src\app\(portal)\kts\tong-quan\page.tsx:3:1)
    at module evaluation (C:\Delta Force\kts-vinhlong\.next\dev\server\chunks\ssr\[root-of-the-server]__0uzj82m._.js:372:47)
  1 | import { prisma } from "@/lib/prisma";
  2 | import { Card, Tag, Descriptions } from "antd";
> 3 | import {
    | ^
  4 |   AimOutlined,
  5 |   InfoCircleOutlined,
  6 |   CheckCircleOutlined, {
  page: '/kts/tong-quan'
}
 GET /kts/tong-quan 307 in 16ms (next.js: 4ms, application-code: 12ms)
 GET /kts/tong-quan 307 in 5ms
⨯ TypeError: (0 , _react.createContext) is not a function
    at module evaluation (src\app\(portal)\kts\tong-quan\page.tsx:3:1)
    at module evaluation (C:\Delta Force\kts-vinhlong\.next\dev\server\chunks\ssr\[root-of-the-server]__0uzj82m._.js:372:47)
  1 | import { prisma } from "@/lib/prisma";
  2 | import { Card, Tag, Descriptions } from "antd";
> 3 | import {
    | ^
  4 |   AimOutlined,
  5 |   InfoCircleOutlined,
  6 |   CheckCircleOutlined, {
  page: '/kts/tong-quan'
}
⨯ TypeError: (0 , _react.createContext) is not a function
    at module evaluation (src\app\(portal)\kts\tong-quan\page.tsx:3:1)
    at module evaluation (C:\Delta Force\kts-vinhlong\.next\dev\server\chunks\ssr\[root-of-the-server]__0uzj82m._.js:372:47)
  1 | import { prisma } from "@/lib/prisma";
  2 | import { Card, Tag, Descriptions } from "antd";
> 3 | import {
    | ^
  4 |   AimOutlined,
  5 |   InfoCircleOutlined,
  6 |   CheckCircleOutlined, {
  page: '/kts/tong-quan'
}
 GET /kts/tong-quan 307 in 16ms (next.js: 5ms, application-code: 11ms)
 GET /kts/tong-quan 307 in 5ms
⨯ TypeError: (0 , _react.createContext) is not a function
    at module evaluation (src\app\(portal)\kts\tong-quan\page.tsx:3:1)
    at module evaluation (C:\Delta Force\kts-vinhlong\.next\dev\server\chunks\ssr\[root-of-the-server]__0uzj82m._.js:372:47)
  1 | import { prisma } from "@/lib/prisma";
  2 | import { Card, Tag, Descriptions } from "antd";
> 3 | import {
    | ^
  4 |   AimOutlined,
  5 |   InfoCircleOutlined,
  6 |   CheckCircleOutlined, {
  page: '/kts/tong-quan'
}
⨯ TypeError: (0 , _react.createContext) is not a function
    at module evaluation (src\app\(portal)\kts\tong-quan\page.tsx:3:1)
    at module evaluation (C:\Delta Force\kts-vinhlong\.next\dev\server\chunks\ssr\[root-of-the-server]__0uzj82m._.js:372:47)
  1 | import { prisma } from "@/lib/prisma";
  2 | import { Card, Tag, Descriptions } from "antd";
> 3 | import {
    | ^
  4 |   AimOutlined,
  5 |   InfoCircleOutlined,
  6 |   CheckCircleOutlined, {
  page: '/kts/tong-quan'
}
 GET /kts/tong-quan 307 in 24ms (next.js: 6ms, application-code: 17ms)
 GET /kts/tong-quan 307 in 6ms
⨯ TypeError: (0 , _react.createContext) is not a function
    at module evaluation (src\app\(portal)\kts\tong-quan\page.tsx:3:1)
    at module evaluation (C:\Delta Force\kts-vinhlong\.next\dev\server\chunks\ssr\[root-of-the-server]__0uzj82m._.js:372:47)
  1 | import { prisma } from "@/lib/prisma";
  2 | import { Card, Tag, Descriptions } from "antd";
> 3 | import {
    | ^
  4 |   AimOutlined,
  5 |   InfoCircleOutlined,
  6 |   CheckCircleOutlined, {
  page: '/kts/tong-quan'
}
⨯ TypeError: (0 , _react.createContext) is not a function
    at module evaluation (src\app\(portal)\kts\tong-quan\page.tsx:3:1)
    at module evaluation (C:\Delta Force\kts-vinhlong\.next\dev\server\chunks\ssr\[root-of-the-server]__0uzj82m._.js:372:47)
  1 | import { prisma } from "@/lib/prisma";
  2 | import { Card, Tag, Descriptions } from "antd";
> 3 | import {
    | ^
  4 |   AimOutlined,
  5 |   InfoCircleOutlined,
  6 |   CheckCircleOutlined, {
  page: '/kts/tong-quan'
}
 GET /kts/tong-quan 307 in 17ms (next.js: 4ms, application-code: 13ms)
 GET /kts/tong-quan 307 in 4ms
⨯ TypeError: (0 , _react.createContext) is not a function
    at module evaluation (src\app\(portal)\kts\tong-quan\page.tsx:3:1)
    at module evaluation (C:\Delta Force\kts-vinhlong\.next\dev\server\chunks\ssr\[root-of-the-server]__0uzj82m._.js:372:47)
  1 | import { prisma } from "@/lib/prisma";
  2 | import { Card, Tag, Descriptions } from "antd";
> 3 | import {
    | ^
  4 |   AimOutlined,
  5 |   InfoCircleOutlined,
  6 |   CheckCircleOutlined, {
  page: '/kts/tong-quan'
}
⨯ TypeError: (0 , _react.createContext) is not a function
    at module evaluation (src\app\(portal)\kts\tong-quan\page.tsx:3:1)
    at module evaluation (C:\Delta Force\kts-vinhlong\.next\dev\server\chunks\ssr\[root-of-the-server]__0uzj82m._.js:372:47)
  1 | import { prisma } from "@/lib/prisma";
  2 | import { Card, Tag, Descriptions } from "antd";
> 3 | import {
    | ^
  4 |   AimOutlined,
  5 |   InfoCircleOutlined,
  6 |   CheckCircleOutlined, {
  page: '/kts/tong-quan'
}
 GET /kts/tong-quan 307 in 16ms (next.js: 4ms, application-code: 12ms)
 GET /kts/tong-quan 307 in 5ms
⨯ TypeError: (0 , _react.createContext) is not a function
    at module evaluation (src\app\(portal)\kts\tong-quan\page.tsx:3:1)
    at module evaluation (C:\Delta Force\kts-vinhlong\.next\dev\server\chunks\ssr\[root-of-the-server]__0uzj82m._.js:372:47)
  1 | import { prisma } from "@/lib/prisma";
  2 | import { Card, Tag, Descriptions } from "antd";
> 3 | import {
    | ^
  4 |   AimOutlined,
  5 |   InfoCircleOutlined,
  6 |   CheckCircleOutlined, {
  page: '/kts/tong-quan'
}
⨯ TypeError: (0 , _react.createContext) is not a function
    at module evaluation (src\app\(portal)\kts\tong-quan\page.tsx:3:1)
    at module evaluation (C:\Delta Force\kts-vinhlong\.next\dev\server\chunks\ssr\[root-of-the-server]__0uzj82m._.js:372:47)
  1 | import { prisma } from "@/lib/prisma";
  2 | import { Card, Tag, Descriptions } from "antd";
> 3 | import {
    | ^
  4 |   AimOutlined,
  5 |   InfoCircleOutlined,
  6 |   CheckCircleOutlined, {
  page: '/kts/tong-quan'
}
 GET /kts/tong-quan 307 in 19ms (next.js: 4ms, application-code: 15ms)
[browser] Failed to fetch RSC payload for http://localhost:3000/kts/tong-quan. Falling back to browser navigation. TypeError: Failed to fetch
⨯ TypeError: (0 , _react.createContext) is not a function
    at module evaluation (src\app\(portal)\kts\tong-quan\page.tsx:3:1)
    at module evaluation (C:\Delta Force\kts-vinhlong\.next\dev\server\chunks\ssr\[root-of-the-server]__0uzj82m._.js:372:47)
  1 | import { prisma } from "@/lib/prisma";
  2 | import { Card, Tag, Descriptions } from "antd";
> 3 | import {
    | ^
  4 |   AimOutlined,
  5 |   InfoCircleOutlined,
  6 |   CheckCircleOutlined, {
  page: '/kts/tong-quan'
}
⨯ TypeError: (0 , _react.createContext) is not a function
    at module evaluation (src\app\(portal)\kts\tong-quan\page.tsx:3:1)
    at module evaluation (C:\Delta Force\kts-vinhlong\.next\dev\server\chunks\ssr\[root-of-the-server]__0uzj82m._.js:372:47)
  1 | import { prisma } from "@/lib/prisma";
  2 | import { Card, Tag, Descriptions } from "antd";
> 3 | import {
    | ^
  4 |   AimOutlined,
  5 |   InfoCircleOutlined,
  6 |   CheckCircleOutlined, {
  page: '/kts/tong-quan'
}
 GET /kts/tong-quan 500 in 83ms (next.js: 35ms, application-code: 48ms)
[browser] Uncaught TypeError: (0 , _react.createContext) is not a function
    at module evaluation (src/app/(portal)/kts/tong-quan/page.tsx:3:1)
    at module evaluation (src/app/(portal)/kts/tong-quan/page.tsx:147:1)
  1 | import { prisma } from "@/lib/prisma";
  2 | import { Card, Tag, Descriptions } from "antd";
> 3 | import {
    | ^
  4 |   AimOutlined,
  5 |   InfoCircleOutlined,
  6 |   CheckCircleOutlined,
prisma:query SELECT 1
prisma:query SELECT `main`.`KhungKTS`.`id`, `main`.`KhungKTS`.`tenKhung`, `main`.`KhungKTS`.`phienBan`, `main`.`KhungKTS`.`ngayBanHanh`, `main`.`KhungKTS`.`giaiDoanApDung`, `main`.`KhungKTS`.`mucTieu`, `main`.`KhungKTS`.`boiCanh`, `main`.`KhungKTS`.`nguyenTac`, `main`.`KhungKTS`.`daiDienPhuTrach`, `main`.`KhungKTS`.`trangThai`, `main`.`KhungKTS`.`updatedAt`, `main`.`KhungKTS`.`createdAt` FROM `main`.`KhungKTS` WHERE 1=1 ORDER BY `main`.`KhungKTS`.`createdAt` DESC LIMIT ? OFFSET ?
 GET /kts/hien-trang 200 in 143ms (next.js: 23ms, application-code: 120ms)
 GET /kts/tong-quan 200 in 145ms (next.js: 20ms, application-code: 125ms)
prisma:query SELECT 1
prisma:query SELECT `main`.`KhungKTS`.`id`, `main`.`KhungKTS`.`tenKhung`, `main`.`KhungKTS`.`phienBan`, `main`.`KhungKTS`.`ngayBanHanh`, `main`.`KhungKTS`.`giaiDoanApDung`, `main`.`KhungKTS`.`mucTieu`, `main`.`KhungKTS`.`boiCanh`, `main`.`KhungKTS`.`nguyenTac`, `main`.`KhungKTS`.`daiDienPhuTrach`, `main`.`KhungKTS`.`trangThai`, `main`.`KhungKTS`.`updatedAt`, `main`.`KhungKTS`.`createdAt` FROM `main`.`KhungKTS` WHERE 1=1 ORDER BY `main`.`KhungKTS`.`createdAt` DESC LIMIT ? OFFSET ?
 GET /kts/tong-quan 200 in 18ms (next.js: 3ms, application-code: 14ms)
 GET /kts/muc-tieu 200 in 17ms (next.js: 4ms, application-code: 13ms)
[browser] Warning: [antd: Card] `bodyStyle` is deprecated. Please use `styles.body` instead. 
    at Array.forEach (<anonymous>) (<anonymous>)
[browser] [React Flow]: It looks like you've created a new nodeTypes or edgeTypes object. If this wasn't on purpose please define the nodeTypes/edgeTypes outside of the component or memoize them. Help: https://reactflow.dev/error#002
[browser] [React Flow]: It looks like you've created a new nodeTypes or edgeTypes object. If this wasn't on purpose please define the nodeTypes/edgeTypes outside of the component or memoize them. Help: https://reactflow.dev/error#002
[browser] [React Flow]: Couldn't create edge for source handle id: "undefined", edge id: e-0. Help: https://reactflow.dev/error#008 (<anonymous>)
[browser] [React Flow]: Couldn't create edge for source handle id: "undefined", edge id: e-1. Help: https://reactflow.dev/error#008 (<anonymous>)
[browser] [React Flow]: Couldn't create edge for source handle id: "undefined", edge id: e-2. Help: https://reactflow.dev/error#008 (<anonymous>)
[browser] [React Flow]: Couldn't create edge for source handle id: "undefined", edge id: e-3. Help: https://reactflow.dev/error#008 (<anonymous>)
[browser] [React Flow]: Couldn't create edge for source handle id: "undefined", edge id: e-4. Help: https://reactflow.dev/error#008 (<anonymous>)
[browser] [React Flow]: Couldn't create edge for source handle id: "undefined", edge id: e-5. Help: https://reactflow.dev/error#008 (<anonymous>)
[browser] [React Flow]: Couldn't create edge for source handle id: "undefined", edge id: e-6. Help: https://reactflow.dev/error#008 (<anonymous>)
[browser] [React Flow]: Couldn't create edge for source handle id: "undefined", edge id: e-7. Help: https://reactflow.dev/error#008 (<anonymous>)
[browser] [React Flow]: Couldn't create edge for source handle id: "undefined", edge id: e-8. Help: https://reactflow.dev/error#008 (<anonymous>)
[browser] [React Flow]: Couldn't create edge for source handle id: "undefined", edge id: e-0. Help: https://reactflow.dev/error#008 (<anonymous>)
[browser] [React Flow]: Couldn't create edge for source handle id: "undefined", edge id: e-1. Help: https://reactflow.dev/error#008 (<anonymous>)
[browser] [React Flow]: Couldn't create edge for source handle id: "undefined", edge id: e-2. Help: https://reactflow.dev/error#008 (<anonymous>)
[browser] [React Flow]: Couldn't create edge for source handle id: "undefined", edge id: e-3. Help: https://reactflow.dev/error#008 (<anonymous>)
[browser] [React Flow]: Couldn't create edge for source handle id: "undefined", edge id: e-4. Help: https://reactflow.dev/error#008 (<anonymous>)
[browser] [React Flow]: Couldn't create edge for source handle id: "undefined", edge id: e-5. Help: https://reactflow.dev/error#008 (<anonymous>)
[browser] [React Flow]: Couldn't create edge for source handle id: "undefined", edge id: e-6. Help: https://reactflow.dev/error#008 (<anonymous>)
[browser] [React Flow]: Couldn't create edge for source handle id: "undefined", edge id: e-7. Help: https://reactflow.dev/error#008 (<anonymous>)
[browser] [React Flow]: Couldn't create edge for source handle id: "undefined", edge id: e-8. Help: https://reactflow.dev/error#008 (<anonymous>)
 GET /kts/lo-trinh 200 in 17ms (next.js: 4ms, application-code: 12ms)
prisma:query SELECT `main`.`NhiemVu`.`id`, `main`.`NhiemVu`.`ma`, `main`.`NhiemVu`.`ten`, `main`.`NhiemVu`.`moTa`, `main`.`NhiemVu`.`donViChuTriId`, `main`.`NhiemVu`.`uuTien`, `main`.`NhiemVu`.`thoiHan`, `main`.`NhiemVu`.`giaiDoan`, `main`.`NhiemVu`.`kpi`, `main`.`NhiemVu`.`nguonKiemChung`, `main`.`NhiemVu`.`trangThai`, `main`.`NhiemVu`.`tienDo`, `main`.`NhiemVu`.`lop`, `main`.`NhiemVu`.`phuongAnXuLy`, `main`.`NhiemVu`.`ghiChu`, `main`.`NhiemVu`.`createdAt`, `main`.`NhiemVu`.`updatedAt` FROM `main`.`NhiemVu` WHERE 1=1 ORDER BY `main`.`NhiemVu`.`uuTien` ASC, `main`.`NhiemVu`.`thoiHan` ASC LIMIT ? OFFSET ?
prisma:query SELECT `main`.`DonVi`.`id`, `main`.`DonVi`.`ten`, `main`.`DonVi`.`loai`, `main`.`DonVi`.`parentId`, `main`.`DonVi`.`createdAt` FROM `main`.`DonVi` WHERE `main`.`DonVi`.`id` IN (?,?) LIMIT ? OFFSET ?
 GET /api/nhiem-vu 200 in 10ms (next.js: 3ms, application-code: 7ms)
prisma:query SELECT `main`.`NhiemVu`.`id`, `main`.`NhiemVu`.`ma`, `main`.`NhiemVu`.`ten`, `main`.`NhiemVu`.`moTa`, `main`.`NhiemVu`.`donViChuTriId`, `main`.`NhiemVu`.`uuTien`, `main`.`NhiemVu`.`thoiHan`, `main`.`NhiemVu`.`giaiDoan`, `main`.`NhiemVu`.`kpi`, `main`.`NhiemVu`.`nguonKiemChung`, `main`.`NhiemVu`.`trangThai`, `main`.`NhiemVu`.`tienDo`, `main`.`NhiemVu`.`lop`, `main`.`NhiemVu`.`phuongAnXuLy`, `main`.`NhiemVu`.`ghiChu`, `main`.`NhiemVu`.`createdAt`, `main`.`NhiemVu`.`updatedAt` FROM `main`.`NhiemVu` WHERE 1=1 ORDER BY `main`.`NhiemVu`.`uuTien` ASC, `main`.`NhiemVu`.`thoiHan` ASC LIMIT ? OFFSET ?
prisma:query SELECT `main`.`DonVi`.`id`, `main`.`DonVi`.`ten`, `main`.`DonVi`.`loai`, `main`.`DonVi`.`parentId`, `main`.`DonVi`.`createdAt` FROM `main`.`DonVi` WHERE `main`.`DonVi`.`id` IN (?,?) LIMIT ? OFFSET ?
 GET /api/nhiem-vu 200 in 18ms (next.js: 5ms, application-code: 12ms)
[browser] Warning: `label` of `value` is not same as `label` in Select options. 
    at Array.map (<anonymous>) (<anonymous>)
 GET /kts/hien-trang 200 in 19ms (next.js: 7ms, application-code: 12ms)
prisma:query SELECT 1
prisma:query SELECT `main`.`HeThongSo`.`id`, `main`.`HeThongSo`.`ma`, `main`.`HeThongSo`.`ten`, `main`.`HeThongSo`.`loai`, `main`.`HeThongSo`.`lop`, `main`.`HeThongSo`.`moTa`, `main`.`HeThongSo`.`chuQuan`, `main`.`HeThongSo`.`trangThai`, `main`.`HeThongSo`.`namTrienKhai`, `main`.`HeThongSo`.`donViId`, `main`.`HeThongSo`.`createdAt`, `main`.`HeThongSo`.`updatedAt` FROM `main`.`HeThongSo` WHERE 1=1 ORDER BY `main`.`HeThongSo`.`lop` ASC, `main`.`HeThongSo`.`ma` ASC LIMIT ? OFFSET ?
prisma:query SELECT `main`.`DonVi`.`id`, `main`.`DonVi`.`ten`, `main`.`DonVi`.`loai`, `main`.`DonVi`.`parentId`, `main`.`DonVi`.`createdAt` FROM `main`.`DonVi` WHERE `main`.`DonVi`.`id` IN (?,?,?,?) LIMIT ? OFFSET ?
 GET /api/he-thong 200 in 25ms (next.js: 6ms, application-code: 19ms)
prisma:query SELECT `main`.`HeThongSo`.`id`, `main`.`HeThongSo`.`ma`, `main`.`HeThongSo`.`ten`, `main`.`HeThongSo`.`loai`, `main`.`HeThongSo`.`lop`, `main`.`HeThongSo`.`moTa`, `main`.`HeThongSo`.`chuQuan`, `main`.`HeThongSo`.`trangThai`, `main`.`HeThongSo`.`namTrienKhai`, `main`.`HeThongSo`.`donViId`, `main`.`HeThongSo`.`createdAt`, `main`.`HeThongSo`.`updatedAt` FROM `main`.`HeThongSo` WHERE 1=1 ORDER BY `main`.`HeThongSo`.`lop` ASC, `main`.`HeThongSo`.`ma` ASC LIMIT ? OFFSET ?
prisma:query SELECT `main`.`DonVi`.`id`, `main`.`DonVi`.`ten`, `main`.`DonVi`.`loai`, `main`.`DonVi`.`parentId`, `main`.`DonVi`.`createdAt` FROM `main`.`DonVi` WHERE `main`.`DonVi`.`id` IN (?,?,?,?) LIMIT ? OFFSET ?
 GET /api/he-thong 200 in 23ms (next.js: 4ms, application-code: 20ms)
 GET /kts/hien-trang 200 in 31ms (next.js: 7ms, application-code: 25ms)
✓ Compiled in 297ms
 GET /kts/hien-trang 200 in 41ms (next.js: 14ms, application-code: 27ms)
 GET /kts/hien-trang 200 in 35ms (next.js: 12ms, application-code: 24ms)
✓ Compiled in 54ms
⚠ Found a change in next.config.ts. Restarting the server to apply the changes...
▲ Next.js 16.3.5 (Turbopack)
- Local:         http://localhost:3000
- Network:       http://100.124.11.94:3000
- Environments: .env
✓ Ready in 4.2s
