
> kts-vinhlong@0.1.0 build
> next build

▲ Next.js 16.3.5 (Turbopack)
- Environments: .env
✓ Running next.config.ts took 30ms

  Creating an optimized production build ...
✓ Compiled successfully in 7.3s
  Running TypeScript ...
  Finished TypeScript in 10.9s ...
  Collecting page data using 7 workers ...
  Generating static pages using 7 workers (0/18) ...
  Generating static pages using 7 workers (4/18) 
  Generating static pages using 7 workers (8/18) 
  Generating static pages using 7 workers (13/18) 
✓ Generating static pages using 7 workers (18/18) in 1309ms
  Finalizing page optimization ...

Route (app)
┌ ○ /
├ ○ /_not-found
├ ○ /admin
├ ○ /admin/he-thong
├ ○ /admin/import
├ ○ /admin/khung
├ ○ /admin/nhiem-vu
├ ƒ /api/auth/[...nextauth]
├ ƒ /api/don-vi
├ ƒ /api/he-thong
├ ƒ /api/he-thong/[id]
├ ƒ /api/kts
├ ƒ /api/nhiem-vu
├ ƒ /api/nhiem-vu/[id]
├ ○ /kts
├ ○ /kts/hien-trang
├ ○ /kts/lo-trinh
├ ○ /kts/so-do
└ ○ /login


○  (Static)   prerendered as static content
ƒ  (Dynamic)  server-rendered on demand

